D:/LZX/WorkSpace/01_AGV/ufo_project_new/AebToCan/Middlewares/Third_Party/Modbus/mbcommon.c:17:6:CovertSingleCommandCoilToBoolStatus	24	static
D:/LZX/WorkSpace/01_AGV/ufo_project_new/AebToCan/Middlewares/Third_Party/Modbus/mbcommon.c:32:7:CheckWriteFloatDataIsValid	24	static
D:/LZX/WorkSpace/01_AGV/ufo_project_new/AebToCan/Middlewares/Third_Party/Modbus/mbcommon.c:49:8:CheckWriteDoubleDataIsValid	32	static
D:/LZX/WorkSpace/01_AGV/ufo_project_new/AebToCan/Middlewares/Third_Party/Modbus/mbcommon.c:66:10:CheckWriteInt16DataIsValid	16	static
D:/LZX/WorkSpace/01_AGV/ufo_project_new/AebToCan/Middlewares/Third_Party/Modbus/mbcommon.c:83:10:CheckWriteInt32DataIsValid	24	static
D:/LZX/WorkSpace/01_AGV/ufo_project_new/AebToCan/Middlewares/Third_Party/Modbus/mbcommon.c:100:13:GetCoilStatus	16	static
D:/LZX/WorkSpace/01_AGV/ufo_project_new/AebToCan/Middlewares/Third_Party/Modbus/mbcommon.c:106:13:GetInputStatus	16	static
D:/LZX/WorkSpace/01_AGV/ufo_project_new/AebToCan/Middlewares/Third_Party/Modbus/mbcommon.c:112:13:GetHoldingRegister	24	static
D:/LZX/WorkSpace/01_AGV/ufo_project_new/AebToCan/Middlewares/Third_Party/Modbus/mbcommon.c:128:13:GetInputRegister	16	static
D:/LZX/WorkSpace/01_AGV/ufo_project_new/AebToCan/Middlewares/Third_Party/Modbus/mbcommon.c:134:13:SetSingleCoil	16	static
D:/LZX/WorkSpace/01_AGV/ufo_project_new/AebToCan/Middlewares/Third_Party/Modbus/mbcommon.c:140:13:SetSingleRegister	16	static
D:/LZX/WorkSpace/01_AGV/ufo_project_new/AebToCan/Middlewares/Third_Party/Modbus/mbcommon.c:156:13:SetMultipleCoil	16	static
D:/LZX/WorkSpace/01_AGV/ufo_project_new/AebToCan/Middlewares/Third_Party/Modbus/mbcommon.c:162:13:SetMultipleRegister	24	static
D:/LZX/WorkSpace/01_AGV/ufo_project_new/AebToCan/Middlewares/Third_Party/Modbus/mbcommon.c:183:13:UpdateCoilStatus	24	static
D:/LZX/WorkSpace/01_AGV/ufo_project_new/AebToCan/Middlewares/Third_Party/Modbus/mbcommon.c:189:13:UpdateInputStatus	24	static
D:/LZX/WorkSpace/01_AGV/ufo_project_new/AebToCan/Middlewares/Third_Party/Modbus/mbcommon.c:195:13:UpdateHoldingRegister	24	static
D:/LZX/WorkSpace/01_AGV/ufo_project_new/AebToCan/Middlewares/Third_Party/Modbus/mbcommon.c:201:13:UpdateInputResgister	24	static
D:/LZX/WorkSpace/01_AGV/ufo_project_new/AebToCan/Middlewares/Third_Party/Modbus/mbcommon.c:213:6:PrintSetRegisterMsg	56	static
