D:/LZX/WorkSpace/01_AGV/ufo_project_new/AebToCan/Middlewares/Third_Party/Modbus/mbpdu.c:39:10:GenerateReadWriteCommand	304	static
D:/LZX/WorkSpace/01_AGV/ufo_project_new/AebToCan/Middlewares/Third_Party/Modbus/mbpdu.c:99:6:TransformClientReceivedData	40	static
D:/LZX/WorkSpace/01_AGV/ufo_project_new/AebToCan/Middlewares/Third_Party/Modbus/mbpdu.c:134:10:GenerateMasterAccessRespond	304	static
D:/LZX/WorkSpace/01_AGV/ufo_project_new/AebToCan/Middlewares/Third_Party/Modbus/mbpdu.c:200:17:ConvertBoolArrayToMBByteArray	40	static
D:/LZX/WorkSpace/01_AGV/ufo_project_new/AebToCan/Middlewares/Third_Party/Modbus/mbpdu.c:223:17:ConvertRegisterArrayToMBByteArray	32	static
D:/LZX/WorkSpace/01_AGV/ufo_project_new/AebToCan/Middlewares/Third_Party/Modbus/mbpdu.c:238:14:CheckFunctionCode	24	static
D:/LZX/WorkSpace/01_AGV/ufo_project_new/AebToCan/Middlewares/Third_Party/Modbus/mbpdu.c:249:13:ConvertMBByteArrayTotBoolArray	32	static
D:/LZX/WorkSpace/01_AGV/ufo_project_new/AebToCan/Middlewares/Third_Party/Modbus/mbpdu.c:268:13:ConvertMBByteArrayToRegisterArray	24	static
