Archive member included to satisfy reference by file (symbol)

D:/Software/STM32CubeIDE_1.14.0/STM32CubeIDE/plugins/com.st.stm32cube.ide.mcu.externaltools.gnu-tools-for-stm32.11.3.rel1.win32_1.1.100.202309141235/tools/bin/../lib/gcc/arm-none-eabi/11.3.1/../../../../arm-none-eabi/lib/thumb/v7e-m+dp/hard\libc_nano.a(libc_a-atoi.o)
                              ./Middlewares/LwIP/netif.o (atoi)
D:/Software/STM32CubeIDE_1.14.0/STM32CubeIDE/plugins/com.st.stm32cube.ide.mcu.externaltools.gnu-tools-for-stm32.11.3.rel1.win32_1.1.100.202309141235/tools/bin/../lib/gcc/arm-none-eabi/11.3.1/../../../../arm-none-eabi/lib/thumb/v7e-m+dp/hard\libc_nano.a(libc_a-exit.o)
                              D:/Software/STM32CubeIDE_1.14.0/STM32CubeIDE/plugins/com.st.stm32cube.ide.mcu.externaltools.gnu-tools-for-stm32.11.3.rel1.win32_1.1.100.202309141235/tools/bin/../lib/gcc/arm-none-eabi/11.3.1/../../../../arm-none-eabi/lib/thumb/v7e-m+dp/hard/crt0.o (exit)
D:/Software/STM32CubeIDE_1.14.0/STM32CubeIDE/plugins/com.st.stm32cube.ide.mcu.externaltools.gnu-tools-for-stm32.11.3.rel1.win32_1.1.100.202309141235/tools/bin/../lib/gcc/arm-none-eabi/11.3.1/../../../../arm-none-eabi/lib/thumb/v7e-m+dp/hard\libc_nano.a(libc_a-malloc.o)
                              ./Middlewares/Robot/kinematics/kinematics.o (free)
D:/Software/STM32CubeIDE_1.14.0/STM32CubeIDE/plugins/com.st.stm32cube.ide.mcu.externaltools.gnu-tools-for-stm32.11.3.rel1.win32_1.1.100.202309141235/tools/bin/../lib/gcc/arm-none-eabi/11.3.1/../../../../arm-none-eabi/lib/thumb/v7e-m+dp/hard\libc_nano.a(libc_a-mallocr.o)
                              D:/Software/STM32CubeIDE_1.14.0/STM32CubeIDE/plugins/com.st.stm32cube.ide.mcu.externaltools.gnu-tools-for-stm32.11.3.rel1.win32_1.1.100.202309141235/tools/bin/../lib/gcc/arm-none-eabi/11.3.1/../../../../arm-none-eabi/lib/thumb/v7e-m+dp/hard\libc_nano.a(libc_a-malloc.o) (_malloc_r)
D:/Software/STM32CubeIDE_1.14.0/STM32CubeIDE/plugins/com.st.stm32cube.ide.mcu.externaltools.gnu-tools-for-stm32.11.3.rel1.win32_1.1.100.202309141235/tools/bin/../lib/gcc/arm-none-eabi/11.3.1/../../../../arm-none-eabi/lib/thumb/v7e-m+dp/hard\libc_nano.a(libc_a-mlock.o)
                              D:/Software/STM32CubeIDE_1.14.0/STM32CubeIDE/plugins/com.st.stm32cube.ide.mcu.externaltools.gnu-tools-for-stm32.11.3.rel1.win32_1.1.100.202309141235/tools/bin/../lib/gcc/arm-none-eabi/11.3.1/../../../../arm-none-eabi/lib/thumb/v7e-m+dp/hard\libc_nano.a(libc_a-mallocr.o) (__malloc_lock)
D:/Software/STM32CubeIDE_1.14.0/STM32CubeIDE/plugins/com.st.stm32cube.ide.mcu.externaltools.gnu-tools-for-stm32.11.3.rel1.win32_1.1.100.202309141235/tools/bin/../lib/gcc/arm-none-eabi/11.3.1/../../../../arm-none-eabi/lib/thumb/v7e-m+dp/hard\libc_nano.a(libc_a-rand.o)
                              ./Middlewares/LwIP/tcp.o (rand)
D:/Software/STM32CubeIDE_1.14.0/STM32CubeIDE/plugins/com.st.stm32cube.ide.mcu.externaltools.gnu-tools-for-stm32.11.3.rel1.win32_1.1.100.202309141235/tools/bin/../lib/gcc/arm-none-eabi/11.3.1/../../../../arm-none-eabi/lib/thumb/v7e-m+dp/hard\libc_nano.a(libc_a-strtol.o)
                              D:/Software/STM32CubeIDE_1.14.0/STM32CubeIDE/plugins/com.st.stm32cube.ide.mcu.externaltools.gnu-tools-for-stm32.11.3.rel1.win32_1.1.100.202309141235/tools/bin/../lib/gcc/arm-none-eabi/11.3.1/../../../../arm-none-eabi/lib/thumb/v7e-m+dp/hard\libc_nano.a(libc_a-atoi.o) (_strtol_r)
D:/Software/STM32CubeIDE_1.14.0/STM32CubeIDE/plugins/com.st.stm32cube.ide.mcu.externaltools.gnu-tools-for-stm32.11.3.rel1.win32_1.1.100.202309141235/tools/bin/../lib/gcc/arm-none-eabi/11.3.1/../../../../arm-none-eabi/lib/thumb/v7e-m+dp/hard\libc_nano.a(libc_a-ctype_.o)
                              ./Middlewares/LwIP/ip4_addr.o (_ctype_)
D:/Software/STM32CubeIDE_1.14.0/STM32CubeIDE/plugins/com.st.stm32cube.ide.mcu.externaltools.gnu-tools-for-stm32.11.3.rel1.win32_1.1.100.202309141235/tools/bin/../lib/gcc/arm-none-eabi/11.3.1/../../../../arm-none-eabi/lib/thumb/v7e-m+dp/hard\libc_nano.a(libc_a-nano-vfprintf_float.o)
                              (_printf_float)
D:/Software/STM32CubeIDE_1.14.0/STM32CubeIDE/plugins/com.st.stm32cube.ide.mcu.externaltools.gnu-tools-for-stm32.11.3.rel1.win32_1.1.100.202309141235/tools/bin/../lib/gcc/arm-none-eabi/11.3.1/../../../../arm-none-eabi/lib/thumb/v7e-m+dp/hard\libc_nano.a(libc_a-nano-vfprintf_i.o)
                              D:/Software/STM32CubeIDE_1.14.0/STM32CubeIDE/plugins/com.st.stm32cube.ide.mcu.externaltools.gnu-tools-for-stm32.11.3.rel1.win32_1.1.100.202309141235/tools/bin/../lib/gcc/arm-none-eabi/11.3.1/../../../../arm-none-eabi/lib/thumb/v7e-m+dp/hard\libc_nano.a(libc_a-nano-vfprintf_float.o) (_printf_common)
D:/Software/STM32CubeIDE_1.14.0/STM32CubeIDE/plugins/com.st.stm32cube.ide.mcu.externaltools.gnu-tools-for-stm32.11.3.rel1.win32_1.1.100.202309141235/tools/bin/../lib/gcc/arm-none-eabi/11.3.1/../../../../arm-none-eabi/lib/thumb/v7e-m+dp/hard\libc_nano.a(libc_a-findfp.o)
[...]
Memory Configuration

Name             Origin             Length             Attributes
RAM              0x0000000020000000 0x0000000000020000 xrw
RAM1             0x0000000020020000 0x0000000000040000 xrw
FLASH            0x0000000008020000 0x00000000000e0000 xr
*default*        0x0000000000000000 0xffffffffffffffff

Linker script and memory map

LOAD D:/Software/STM32CubeIDE_1.14.0/STM32CubeIDE/plugins/com.st.stm32cube.ide.mcu.externaltools.gnu-tools-for-stm32.11.3.rel1.win32_1.1.100.202309141235/tools/bin/../lib/gcc/arm-none-eabi/11.3.1/thumb/v7e-m+dp/hard/crti.o
LOAD D:/Software/STM32CubeIDE_1.14.0/STM32CubeIDE/plugins/com.st.stm32cube.ide.mcu.externaltools.gnu-tools-for-stm32.11.3.rel1.win32_1.1.100.202309141235/tools/bin/../lib/gcc/arm-none-eabi/11.3.1/thumb/v7e-m+dp/hard/crtbegin.o
LOAD D:/Software/STM32CubeIDE_1.14.0/STM32CubeIDE/plugins/com.st.stm32cube.ide.mcu.externaltools.gnu-tools-for-stm32.11.3.rel1.win32_1.1.100.202309141235/tools/bin/../lib/gcc/arm-none-eabi/11.3.1/../../../../arm-none-eabi/lib/thumb/v7e-m+dp/hard/crt0.o
LOAD ./Application/User/App/CRC8.o
LOAD ./Application/User/App/battery.o
LOAD ./Application/User/App/flash_access.o
LOAD ./Application/User/App/log_printf.o
LOAD ./Application/User/App/motor485_driven.o
LOAD ./Application/User/App/motor_control.o
LOAD ./Application/User/App/motor_driven.o
LOAD ./Application/User/App/motor_pidctrl.o
LOAD ./Application/User/App/pid_fuzzy.o
LOAD ./Application/User/Core/adc.o
LOAD ./Application/User/Core/can.o
LOAD ./Application/User/Core/delay.o
LOAD ./Application/User/Core/dma.o
LOAD ./Application/User/Core/freertos.o
LOAD ./Application/User/Core/gpio.o
LOAD ./Application/User/Core/iwdg.o
LOAD ./Application/User/Core/main.o
LOAD ./Application/User/Core/stm32f7xx_hal_msp.o
LOAD ./Application/User/Core/stm32f7xx_hal_timebase_tim.o
LOAD ./Application/User/Core/stm32f7xx_it.o
LOAD ./Application/User/Core/syscalls.o
LOAD ./Application/User/Core/sysmem.o
LOAD ./Application/User/Core/tim.o
LOAD ./Application/User/Core/usart.o
LOAD ./Application/User/LWIP/App/lwip.o
LOAD ./Application/User/LWIP/Target/ethernetif.o
LOAD ./Application/User/Startup/startup_stm32f767igtx.o
LOAD ./Drivers/CMSIS/system_stm32f7xx.o
LOAD ./Drivers/STM32F7xx_HAL_Driver/stm32f7xx_hal.o
LOAD ./Drivers/STM32F7xx_HAL_Driver/stm32f7xx_hal_adc.o
LOAD ./Drivers/STM32F7xx_HAL_Driver/stm32f7xx_hal_adc_ex.o
LOAD ./Drivers/STM32F7xx_HAL_Driver/stm32f7xx_hal_can.o
LOAD ./Drivers/STM32F7xx_HAL_Driver/stm32f7xx_hal_cortex.o
LOAD ./Drivers/STM32F7xx_HAL_Driver/stm32f7xx_hal_dma.o
LOAD ./Drivers/STM32F7xx_HAL_Driver/stm32f7xx_hal_dma_ex.o
LOAD ./Drivers/STM32F7xx_HAL_Driver/stm32f7xx_hal_eth.o
LOAD ./Drivers/STM32F7xx_HAL_Driver/stm32f7xx_hal_exti.o
LOAD ./Drivers/STM32F7xx_HAL_Driver/stm32f7xx_hal_flash.o
LOAD ./Drivers/STM32F7xx_HAL_Driver/stm32f7xx_hal_flash_ex.o
LOAD ./Drivers/STM32F7xx_HAL_Driver/stm32f7xx_hal_gpio.o
LOAD ./Drivers/STM32F7xx_HAL_Driver/stm32f7xx_hal_i2c.o
LOAD ./Drivers/STM32F7xx_HAL_Driver/stm32f7xx_hal_i2c_ex.o
LOAD ./Drivers/STM32F7xx_HAL_Driver/stm32f7xx_hal_iwdg.o
LOAD ./Drivers/STM32F7xx_HAL_Driver/stm32f7xx_hal_pwr.o
LOAD ./Drivers/STM32F7xx_HAL_Driver/stm32f7xx_hal_pwr_ex.o
LOAD ./Drivers/STM32F7xx_HAL_Driver/stm32f7xx_hal_rcc.o
LOAD ./Drivers/STM32F7xx_HAL_Driver/stm32f7xx_hal_rcc_ex.o
LOAD ./Drivers/STM32F7xx_HAL_Driver/stm32f7xx_hal_tim.o
LOAD ./Drivers/STM32F7xx_HAL_Driver/stm32f7xx_hal_tim_ex.o
LOAD ./Drivers/STM32F7xx_HAL_Driver/stm32f7xx_hal_uart.o
LOAD ./Drivers/STM32F7xx_HAL_Driver/stm32f7xx_hal_uart_ex.o
LOAD ./Middlewares/FreeRTOS/cmsis_os.o
LOAD ./Middlewares/FreeRTOS/croutine.o
LOAD ./Middlewares/FreeRTOS/event_groups.o
LOAD ./Middlewares/FreeRTOS/heap_4.o
LOAD ./Middlewares/FreeRTOS/list.o
LOAD ./Middlewares/FreeRTOS/port.o
LOAD ./Middlewares/FreeRTOS/queue.o
LOAD ./Middlewares/FreeRTOS/stream_buffer.o
LOAD ./Middlewares/FreeRTOS/tasks.o
LOAD ./Middlewares/FreeRTOS/timers.o
LOAD ./Middlewares/LwIP/altcp.o
LOAD ./Middlewares/LwIP/altcp_alloc.o
LOAD ./Middlewares/LwIP/altcp_tcp.o
LOAD ./Middlewares/LwIP/api_lib.o
LOAD ./Middlewares/LwIP/api_msg.o
LOAD ./Middlewares/LwIP/auth.o
LOAD ./Middlewares/LwIP/autoip.o
LOAD ./Middlewares/LwIP/bridgeif.o
LOAD ./Middlewares/LwIP/bridgeif_fdb.o
LOAD ./Middlewares/LwIP/ccp.o
LOAD ./Middlewares/LwIP/chap-md5.o
LOAD ./Middlewares/LwIP/chap-new.o
LOAD ./Middlewares/LwIP/chap_ms.o
LOAD ./Middlewares/LwIP/def.o
LOAD ./Middlewares/LwIP/demand.o
LOAD ./Middlewares/LwIP/dhcp.o
LOAD ./Middlewares/LwIP/dhcp6.o
LOAD ./Middlewares/LwIP/dns.o
LOAD ./Middlewares/LwIP/eap.o
LOAD ./Middlewares/LwIP/ecp.o
LOAD ./Middlewares/LwIP/err.o
LOAD ./Middlewares/LwIP/etharp.o
LOAD ./Middlewares/LwIP/ethernet.o
LOAD ./Middlewares/LwIP/ethip6.o
LOAD ./Middlewares/LwIP/eui64.o
LOAD ./Middlewares/LwIP/fsm.o
LOAD ./Middlewares/LwIP/icmp.o
LOAD ./Middlewares/LwIP/icmp6.o
LOAD ./Middlewares/LwIP/if_api.o
LOAD ./Middlewares/LwIP/igmp.o
LOAD ./Middlewares/LwIP/inet6.o
LOAD ./Middlewares/LwIP/inet_chksum.o
LOAD ./Middlewares/LwIP/init.o
LOAD ./Middlewares/LwIP/ip.o
LOAD ./Middlewares/LwIP/ip4.o
LOAD ./Middlewares/LwIP/ip4_addr.o
LOAD ./Middlewares/LwIP/ip4_frag.o
LOAD ./Middlewares/LwIP/ip6.o
LOAD ./Middlewares/LwIP/ip6_addr.o
LOAD ./Middlewares/LwIP/ip6_frag.o
LOAD ./Middlewares/LwIP/ipcp.o
LOAD ./Middlewares/LwIP/ipv6cp.o
LOAD ./Middlewares/LwIP/lcp.o
LOAD ./Middlewares/LwIP/lowpan6.o
LOAD ./Middlewares/LwIP/lowpan6_ble.o
LOAD ./Middlewares/LwIP/lowpan6_common.o
LOAD ./Middlewares/LwIP/magic.o
LOAD ./Middlewares/LwIP/mem.o
LOAD ./Middlewares/LwIP/memp.o
LOAD ./Middlewares/LwIP/mld6.o
LOAD ./Middlewares/LwIP/mppe.o
LOAD ./Middlewares/LwIP/mqtt.o
LOAD ./Middlewares/LwIP/multilink.o
LOAD ./Middlewares/LwIP/nd6.o
LOAD ./Middlewares/LwIP/netbuf.o
LOAD ./Middlewares/LwIP/netdb.o
LOAD ./Middlewares/LwIP/netif.o
LOAD ./Middlewares/LwIP/netifapi.o
LOAD ./Middlewares/LwIP/pbuf.o
LOAD ./Middlewares/LwIP/ppp.o
LOAD ./Middlewares/LwIP/pppapi.o
LOAD ./Middlewares/LwIP/pppcrypt.o
LOAD ./Middlewares/LwIP/pppoe.o
LOAD ./Middlewares/LwIP/pppol2tp.o
LOAD ./Middlewares/LwIP/pppos.o
LOAD ./Middlewares/LwIP/raw.o
LOAD ./Middlewares/LwIP/slipif.o
LOAD ./Middlewares/LwIP/sockets.o
LOAD ./Middlewares/LwIP/stats.o
LOAD ./Middlewares/LwIP/sys.o
LOAD ./Middlewares/LwIP/sys_arch.o
LOAD ./Middlewares/LwIP/tcp.o
LOAD ./Middlewares/LwIP/tcp_in.o
LOAD ./Middlewares/LwIP/tcp_out.o
LOAD ./Middlewares/LwIP/tcpip.o
LOAD ./Middlewares/LwIP/timeouts.o
LOAD ./Middlewares/LwIP/udp.o
LOAD ./Middlewares/LwIP/upap.o
LOAD ./Middlewares/LwIP/utils.o
LOAD ./Middlewares/LwIP/vj.o
LOAD ./Middlewares/LwIP/zepif.o
LOAD ./Middlewares/Modbus/mb.o
LOAD ./Middlewares/Modbus/mbcommon.o
LOAD ./Middlewares/Modbus/mbcrc.o
LOAD ./Middlewares/Modbus/mbpdu.o
LOAD ./Middlewares/Modbus/mbtcp.o
LOAD ./Middlewares/Modbus/mbtcpserver.o
LOAD ./Middlewares/Robot/kinematics/kinematics.o
START GROUP
LOAD D:/Software/STM32CubeIDE_1.14.0/STM32CubeIDE/plugins/com.st.stm32cube.ide.mcu.externaltools.gnu-tools-for-stm32.11.3.rel1.win32_1.1.100.202309141235/tools/bin/../lib/gcc/arm-none-eabi/11.3.1/../../../../arm-none-eabi/lib/thumb/v7e-m+dp/hard\libc_nano.a
LOAD D:/Software/STM32CubeIDE_1.14.0/STM32CubeIDE/plugins/com.st.stm32cube.ide.mcu.externaltools.gnu-tools-for-stm32.11.3.rel1.win32_1.1.100.202309141235/tools/bin/../lib/gcc/arm-none-eabi/11.3.1/../../../../arm-none-eabi/lib/thumb/v7e-m+dp/hard\libm.a
END GROUP
START GROUP
LOAD D:/Software/STM32CubeIDE_1.14.0/STM32CubeIDE/plugins/com.st.stm32cube.ide.mcu.externaltools.gnu-tools-for-stm32.11.3.rel1.win32_1.1.100.202309141235/tools/bin/../lib/gcc/arm-none-eabi/11.3.1/thumb/v7e-m+dp/hard\libgcc.a
LOAD D:/Software/STM32CubeIDE_1.14.0/STM32CubeIDE/plugins/com.st.stm32cube.ide.mcu.externaltools.gnu-tools-for-stm32.11.3.rel1.win32_1.1.100.202309141235/tools/bin/../lib/gcc/arm-none-eabi/11.3.1/../../../../arm-none-eabi/lib/thumb/v7e-m+dp/hard\libc_nano.a
END GROUP
START GROUP
LOAD D:/Software/STM32CubeIDE_1.14.0/STM32CubeIDE/plugins/com.st.stm32cube.ide.mcu.externaltools.gnu-tools-for-stm32.11.3.rel1.win32_1.1.100.202309141235/tools/bin/../lib/gcc/arm-none-eabi/11.3.1/thumb/v7e-m+dp/hard\libgcc.a
LOAD D:/Software/STM32CubeIDE_1.14.0/STM32CubeIDE/plugins/com.st.stm32cube.ide.mcu.externaltools.gnu-tools-for-stm32.11.3.rel1.win32_1.1.100.202309141235/tools/bin/../lib/gcc/arm-none-eabi/11.3.1/../../../../arm-none-eabi/lib/thumb/v7e-m+dp/hard\libc_nano.a
LOAD D:/Software/STM32CubeIDE_1.14.0/STM32CubeIDE/plugins/com.st.stm32cube.ide.mcu.externaltools.gnu-tools-for-stm32.11.3.rel1.win32_1.1.100.202309141235/tools/bin/../lib/gcc/arm-none-eabi/11.3.1/../../../../arm-none-eabi/lib/thumb/v7e-m+dp/hard\libnosys.a
END GROUP
START GROUP
LOAD D:/Software/STM32CubeIDE_1.14.0/STM32CubeIDE/plugins/com.st.stm32cube.ide.mcu.externaltools.gnu-tools-for-stm32.11.3.rel1.win32_1.1.100.202309141235/tools/bin/../lib/gcc/arm-none-eabi/11.3.1/thumb/v7e-m+dp/hard\libgcc.a
LOAD D:/Software/STM32CubeIDE_1.14.0/STM32CubeIDE/plugins/com.st.stm32cube.ide.mcu.externaltools.gnu-tools-for-stm32.11.3.rel1.win32_1.1.100.202309141235/tools/bin/../lib/gcc/arm-none-eabi/11.3.1/../../../../arm-none-eabi/lib/thumb/v7e-m+dp/hard\libc_nano.a
LOAD D:/Software/STM32CubeIDE_1.14.0/STM32CubeIDE/plugins/com.st.stm32cube.ide.mcu.externaltools.gnu-tools-for-stm32.11.3.rel1.win32_1.1.100.202309141235/tools/bin/../lib/gcc/arm-none-eabi/11.3.1/../../../../arm-none-eabi/lib/thumb/v7e-m+dp/hard\libnosys.a
END GROUP
LOAD D:/Software/STM32CubeIDE_1.14.0/STM32CubeIDE/plugins/com.st.stm32cube.ide.mcu.externaltools.gnu-tools-for-stm32.11.3.rel1.win32_1.1.100.202309141235/tools/bin/../lib/gcc/arm-none-eabi/11.3.1/thumb/v7e-m+dp/hard/crtend.o
LOAD D:/Software/STM32CubeIDE_1.14.0/STM32CubeIDE/plugins/com.st.stm32cube.ide.mcu.externaltools.gnu-tools-for-stm32.11.3.rel1.win32_1.1.100.202309141235/tools/bin/../lib/gcc/arm-none-eabi/11.3.1/thumb/v7e-m+dp/hard/crtn.o
                0x0000000020020000                _estack = (ORIGIN (RAM) + LENGTH (RAM))
                0x0000000000001000                _Min_Heap_Size = 0x1000
                0x0000000000003000                _Min_Stack_Size = 0x3000

.isr_vector     0x0000000008020000      0x1f8
                0x0000000008020000                . = ALIGN (0x4)
 *(.isr_vector)
 .isr_vector    0x0000000008020000      0x1f8 ./Application/User/Startup/startup_stm32f767igtx.o
                0x0000000008020000                g_pfnVectors
                0x00000000080201f8                . = ALIGN (0x4)

.text           0x0000000008020200    0x45480
                0x0000000008020200                . = ALIGN (0x4)
 *(.text)
 .text          0x0000000008020200       0x40 D:/Software/STM32CubeIDE_1.14.0/STM32CubeIDE/plugins/com.st.stm32cube.ide.mcu.externaltools.gnu-tools-for-stm32.11.3.rel1.win32_1.1.100.202309141235/tools/bin/../lib/gcc/arm-none-eabi/11.3.1/thumb/v7e-m+dp/hard/crtbegin.o
 .text          0x0000000008020240       0xa0 D:/Software/STM32CubeIDE_1.14.0/STM32CubeIDE/plugins/com.st.stm32cube.ide.mcu.externaltools.gnu-tools-for-stm32.11.3.rel1.win32_1.1.100.202309141235/tools/bin/../lib/gcc/arm-none-eabi/11.3.1/../../../../arm-none-eabi/lib/thumb/v7e-m+dp/hard\libc_nano.a(libc_a-memchr.o)
                0x0000000008020240                memchr
 .text          0x00000000080202e0       0x10 D:/Software/STM32CubeIDE_1.14.0/STM32CubeIDE/plugins/com.st.stm32cube.ide.mcu.externaltools.gnu-tools-for-stm32.11.3.rel1.win32_1.1.100.202309141235/tools/bin/../lib/gcc/arm-none-eabi/11.3.1/../../../../arm-none-eabi/lib/thumb/v7e-m+dp/hard\libc_nano.a(libc_a-strlen.o)
                0x00000000080202e0                strlen
 .text          0x00000000080202f0       0xa0 D:/Software/STM32CubeIDE_1.14.0/STM32CubeIDE/plugins/com.st.stm32cube.ide.mcu.externaltools.gnu-tools-for-stm32.11.3.rel1.win32_1.1.100.202309141235/tools/bin/../lib/gcc/arm-none-eabi/11.3.1/thumb/v7e-m+dp/hard\libgcc.a(_aeabi_ldivmod.o)
                0x00000000080202f0                __aeabi_ldivmod
 .text          0x0000000008020390       0x30 D:/Software/STM32CubeIDE_1.14.0/STM32CubeIDE/plugins/com.st.stm32cube.ide.mcu.externaltools.gnu-tools-for-stm32.11.3.rel1.win32_1.1.100.202309141235/tools/bin/../lib/gcc/arm-none-eabi/11.3.1/thumb/v7e-m+dp/hard\libgcc.a(_aeabi_uldivmod.o)
                0x0000000008020390                __aeabi_uldivmod
 .text          0x00000000080203c0      0x2c8 D:/Software/STM32CubeIDE_1.14.0/STM32CubeIDE/plugins/com.st.stm32cube.ide.mcu.externaltools.gnu-tools-for-stm32.11.3.rel1.win32_1.1.100.202309141235/tools/bin/../lib/gcc/arm-none-eabi/11.3.1/thumb/v7e-m+dp/hard\libgcc.a(_udivmoddi4.o)
                0x00000000080203c0                __udivmoddi4
 .text          0x0000000008020688        0x4 D:/Software/STM32CubeIDE_1.14.0/STM32CubeIDE/plugins/com.st.stm32cube.ide.mcu.externaltools.gnu-tools-for-stm32.11.3.rel1.win32_1.1.100.202309141235/tools/bin/../lib/gcc/arm-none-eabi/11.3.1/thumb/v7e-m+dp/hard\libgcc.a(_dvmd_tls.o)
                0x0000000008020688                __aeabi_idiv0
                0x0000000008020688                __aeabi_ldiv0
 *(.text*)
 .text.CRC8_Table
                0x000000000802068c       0x48 ./Application/User/App/CRC8.o
                0x000000000802068c                CRC8_Table
 .text.CRC8_Table_1
                0x00000000080206d4       0x3c ./Application/User/App/CRC8.o
                0x00000000080206d4                CRC8_Table_1
 .text.InitBatteryData
                0x0000000008020710       0x48 ./Application/User/App/battery.o
                0x0000000008020710                InitBatteryData
 .text.Battery485DeviceRead
                0x0000000008020758      0x154 ./Application/User/App/battery.o
 .text.ReadBatteryInfoFrom485Modbus
                0x00000000080208ac       0x7c ./Application/User/App/battery.o
 .text.GetCheckSum
                0x0000000008020928       0x7a ./Application/User/App/battery.o
 *fill*         0x00000000080209a2        0x2 
 .text.ReadMiniUfoV2BatteryInfoFrom485
                0x00000000080209a4      0x2f4 ./Application/User/App/battery.o
 .text.ReadBatteryInfoFromYBT
                0x0000000008020c98      0x194 ./Application/User/App/battery.o
 .text.ReadBatteryInfoFromYBT_v2
                0x0000000008020e2c      0x204 ./Application/User/App/battery.o
 .text.ReadBatteryInfoFromYBT_v3
                0x0000000008021030      0x2a0 ./Application/User/App/battery.o
 .text.ReadBatteryInfoFromJK
                0x00000000080212d0       0xd0 ./Application/User/App/battery.o
 .text.ReadBatteryInfoFromBestWay
                0x00000000080213a0      0x20c ./Application/User/App/battery.o
 .text.ReadBatteryInfoFromYBTThreeLarge
                0x00000000080215ac      0x118 ./Application/User/App/battery.o
 .text.ReadBatteryInfoFromJIUPUFourLarge
                0x00000000080216c4      0x690 ./Application/User/App/battery.o
 .text.ReadBatteryInfoFromSMTKFourMid
                0x0000000008021d54      0x1a4 ./Application/User/App/battery.o
 .text.BatterPrintInfo
                0x0000000008021ef8      0x2f0 ./Application/User/App/battery.o
                0x0000000008021ef8                BatterPrintInfo
 .text.BatteryCollectProcess
                0x00000000080221e8      0x488 ./Application/User/App/battery.o
                0x00000000080221e8                BatteryCollectProcess
 .text.SCB_CleanInvalidateDCache
                0x0000000008022670       0x78 ./Application/User/App/flash_access.o
 .text.FlashReadWord
                0x00000000080226e8       0x18 ./Application/User/App/flash_access.o
                0x00000000080226e8                FlashReadWord
 .text.FlashGetFlashSector
                0x0000000008022700       0x88 ./Application/User/App/flash_access.o
                0x0000000008022700                FlashGetFlashSector
 .text.FlashWrite
                0x0000000008022788      0x10c ./Application/User/App/flash_access.o
                0x0000000008022788                FlashWrite
 .text.FlashRead
                0x0000000008022894       0x42 ./Application/User/App/flash_access.o
                0x0000000008022894                FlashRead
 *fill*         0x00000000080228d6        0x2 
 .text.FlashBlockIsBland
                0x00000000080228d8       0x6c ./Application/User/App/flash_access.o
                0x00000000080228d8                FlashBlockIsBland
 .text.FlashWriteConfigurePara
                0x0000000008022944      0x128 ./Application/User/App/flash_access.o
                0x0000000008022944                FlashWriteConfigurePara
 .text.FlashWriteMotorPara
                0x0000000008022a6c       0x64 ./Application/User/App/flash_access.o
                0x0000000008022a6c                FlashWriteMotorPara
 .text.FlashReadConfigurePara
                0x0000000008022ad0      0x16c ./Application/User/App/flash_access.o
                0x0000000008022ad0                FlashReadConfigurePara
 .text.FlashReadMotorPara
                0x0000000008022c3c      0x168 ./Application/User/App/flash_access.o
                0x0000000008022c3c                FlashReadMotorPara
 .text.WifiNormalRespond
                0x0000000008022da4       0x90 ./Application/User/App/flash_access.o
                0x0000000008022da4                WifiNormalRespond
 .text.UsartWriteFlashConfigureParas
                0x0000000008022e34      0x468 ./Application/User/App/flash_access.o
                0x0000000008022e34                UsartWriteFlashConfigureParas
 .text.FlashErase
                0x000000000802329c       0xc0 ./Application/User/App/flash_access.o
                0x000000000802329c                FlashErase
 .text.FlashCopy
                0x000000000802335c       0xf8 ./Application/User/App/flash_access.o
                0x000000000802335c                FlashCopy
 .text.PrintfAllHistoryError
                0x0000000008023454      0x2c0 ./Application/User/App/flash_access.o
                0x0000000008023454                PrintfAllHistoryError
 .text.PrintfUfoVerAndSn
                0x0000000008023714       0x3c ./Application/User/App/flash_access.o
                0x0000000008023714                PrintfUfoVerAndSn
 .text.PrintfHardwareType
                0x0000000008023750       0x54 ./Application/User/App/flash_access.o
                0x0000000008023750                PrintfHardwareType
 .text.IAPNormalRespond
                0x00000000080237a4       0x60 ./Application/User/App/flash_access.o
                0x00000000080237a4                IAPNormalRespond
 .text.IAPCmdMSgDeal
                0x0000000008023804      0x35c ./Application/User/App/flash_access.o
                0x0000000008023804                IAPCmdMSgDeal
 .text.UpdateHistoryError
                0x0000000008023b60       0xec ./Application/User/App/flash_access.o
                0x0000000008023b60                UpdateHistoryError
 .text.WriteFlashConfigureParasProcess
                0x0000000008023c4c       0xcc ./Application/User/App/flash_access.o
                0x0000000008023c4c                WriteFlashConfigureParasProcess
 .text.rt_kprintf
                0x0000000008023d18       0x60 ./Application/User/App/log_printf.o
                0x0000000008023d18                rt_kprintf
 .text.usart_kprintf
                0x0000000008023d78       0x68 ./Application/User/App/log_printf.o
                0x0000000008023d78                usart_kprintf
 .text.test_kprintf
                0x0000000008023de0      0x118 ./Application/User/App/log_printf.o
                0x0000000008023de0                test_kprintf
 .text.testSendData
                0x0000000008023ef8       0x64 ./Application/User/App/log_printf.o
                0x0000000008023ef8                testSendData
 .text.AddTailDubugMsg
                0x0000000008023f5c      0x11c ./Application/User/App/log_printf.o
                0x0000000008023f5c                AddTailDubugMsg
 .text.rt_ksendData
                0x0000000008024078      0x380 ./Application/User/App/log_printf.o
                0x0000000008024078                rt_ksendData
 .text.rt_kprintf_log_buf
                0x00000000080243f8      0x498 ./Application/User/App/log_printf.o
                0x00000000080243f8                rt_kprintf_log_buf
 .text.UdpRespondReved
                0x0000000008024890      0x55c ./Application/User/App/log_printf.o
                0x0000000008024890                UdpRespondReved
 .text.MODBUS_RTUCrc16
                0x0000000008024dec       0x7c ./Application/User/App/motor485_driven.o
                0x0000000008024dec                MODBUS_RTUCrc16
 .text.Motor485CheckRevData
                0x0000000008024e68       0x68 ./Application/User/App/motor485_driven.o
                0x0000000008024e68                Motor485CheckRevData
 .text.Motor485DeviceRead
                0x0000000008024ed0      0x208 ./Application/User/App/motor485_driven.o
 .text.Motor485SetTargetVelocity
                0x00000000080250d8       0xb0 ./Application/User/App/motor485_driven.o
                0x00000000080250d8                Motor485SetTargetVelocity
 .text.Motor485SetMotorContrlmode
                0x0000000008025188       0x64 ./Application/User/App/motor485_driven.o
                0x0000000008025188                Motor485SetMotorContrlmode
 .text.Motor485SetMotorMove
                0x00000000080251ec       0xb4 ./Application/User/App/motor485_driven.o
                0x00000000080251ec                Motor485SetMotorMove
 .text.Motor485SetTargetAbsPosRealtime
                0x00000000080252a0       0x80 ./Application/User/App/motor485_driven.o
                0x00000000080252a0                Motor485SetTargetAbsPosRealtime
 .text.Motor485SetActualPos
                0x0000000008025320       0x80 ./Application/User/App/motor485_driven.o
                0x0000000008025320                Motor485SetActualPos
 .text.Motor485SetTargetCurrent
                0x00000000080253a0       0x8c ./Application/User/App/motor485_driven.o
                0x00000000080253a0                Motor485SetTargetCurrent
 .text.Motor485ReadErrorCode
                0x000000000802542c       0x80 ./Application/User/App/motor485_driven.o
                0x000000000802542c                Motor485ReadErrorCode
 .text.Motor485ReadVelocity
                0x00000000080254ac       0xc4 ./Application/User/App/motor485_driven.o
                0x00000000080254ac                Motor485ReadVelocity
 .text.Motor485ReadPos
                0x0000000008025570       0x88 ./Application/User/App/motor485_driven.o
                0x0000000008025570                Motor485ReadPos
 .text.Motor485ReadError
                0x00000000080255f8       0x80 ./Application/User/App/motor485_driven.o
                0x00000000080255f8                Motor485ReadError
 .text.Motor485ReadCurrent
                0x0000000008025678       0x7c ./Application/User/App/motor485_driven.o
                0x0000000008025678                Motor485ReadCurrent
 .text.Motor485Test
                0x00000000080256f4      0x1c0 ./Application/User/App/motor485_driven.o
                0x00000000080256f4                Motor485Test
 .text.InitMotorPara
                0x00000000080258b4      0x7a8 ./Application/User/App/motor_control.o
                0x00000000080258b4                InitMotorPara
 .text.ChangeMotorCurRunMode
                0x000000000802605c      0x1d8 ./Application/User/App/motor_control.o
                0x000000000802605c                ChangeMotorCurRunMode
 .text.BackDeffModeDeal
                0x0000000008026234      0x1e8 ./Application/User/App/motor_control.o
 .text.SetMotorRunModeDataForce
                0x000000000802641c      0x2d4 ./Application/User/App/motor_control.o
 .text.SetMotorRunModeData
                0x00000000080266f0       0x78 ./Application/User/App/motor_control.o
                0x00000000080266f0                SetMotorRunModeData
 .text.MotorsPowerCheck
                0x0000000008026768      0x468 ./Application/User/App/motor_control.o
 .text.GetMotorStatus
                0x0000000008026bd0      0x7c4 ./Application/User/App/motor_control.o
 .text.ChangeMotorControlMode
                0x0000000008027394      0x1c0 ./Application/User/App/motor_control.o
                0x0000000008027394                ChangeMotorControlMode
 .text.ChangeMotorTargetValue
                0x0000000008027554      0x6c8 ./Application/User/App/motor_control.o
                0x0000000008027554                ChangeMotorTargetValue
 .text.SetDriveMotorTargetValue
                0x0000000008027c1c      0xb8c ./Application/User/App/motor_control.o
 .text.ChangeDriveMotorControlMode
                0x00000000080287a8      0xdf4 ./Application/User/App/motor_control.o
 .text.SetErrorInfo
                0x000000000802959c       0xec ./Application/User/App/motor_control.o
                0x000000000802959c                SetErrorInfo
 .text.PrintErrorInfo
                0x0000000008029688      0x238 ./Application/User/App/motor_control.o
                0x0000000008029688                PrintErrorInfo
 .text.SetErrorCode
                0x00000000080298c0      0x1e8 ./Application/User/App/motor_control.o
                0x00000000080298c0                SetErrorCode
 .text.ClearErrorCode
                0x0000000008029aa8      0x124 ./Application/User/App/motor_control.o
                0x0000000008029aa8                ClearErrorCode
 .text.ErrorAutoStopCmd
                0x0000000008029bcc      0x134 ./Application/User/App/motor_control.o
                0x0000000008029bcc                ErrorAutoStopCmd
 .text.ErrorRecoveryStepMotorCmd
                0x0000000008029d00      0x134 ./Application/User/App/motor_control.o
 .text.ErrorDealAndRecovery
                0x0000000008029e34      0x314 ./Application/User/App/motor_control.o
 .text.SetMotorPower
                0x000000000802a148      0x43c ./Application/User/App/motor_control.o
                0x000000000802a148                SetMotorPower
 .text.SetMotorLock
                0x000000000802a584      0x168 ./Application/User/App/motor_control.o
                0x000000000802a584                SetMotorLock
 *fill*         0x000000000802a6ec        0x4 
 .text.ConvertAngleToCounts
                0x000000000802a6f0       0xac ./Application/User/App/motor_control.o
                0x000000000802a6f0                ConvertAngleToCounts
 .text.GetSlopeSpeed
                0x000000000802a79c      0x78c ./Application/User/App/motor_control.o
                0x000000000802a79c                GetSlopeSpeed
 .text.ProcessMotorRunModePowerOff
                0x000000000802af28      0x428 ./Application/User/App/motor_control.o
 .text.ProcessMotorRunModeHomming
                0x000000000802b350     0x18a4 ./Application/User/App/motor_control.o
                0x000000000802b350                ProcessMotorRunModeHomming
 .text.GetMotorSpeed
                0x000000000802cbf4      0x7fc ./Application/User/App/motor_control.o
 .text.IsMotorCurrentBelowStartCurrent
                0x000000000802d3f0      0x258 ./Application/User/App/motor_control.o
 .text.GetWheelSpeed
                0x000000000802d648       0xdc ./Application/User/App/motor_control.o
 .text.ResetTimer
                0x000000000802d724       0x1a ./Application/User/App/motor_control.o
 *fill*         0x000000000802d73e        0x2 
 .text.CalAvaAccAndCurrent
                0x000000000802d740      0x10c ./Application/User/App/motor_control.o
                0x000000000802d740                CalAvaAccAndCurrent
 .text.AutoLearnAccCurrent
                0x000000000802d84c      0x1b8 ./Application/User/App/motor_control.o
                0x000000000802d84c                AutoLearnAccCurrent
 .text.SetVelStateSwitchDeal
                0x000000000802da04      0xa8c ./Application/User/App/motor_control.o
                0x000000000802da04                SetVelStateSwitchDeal
 .text.RecordMotorVelAndAcc
                0x000000000802e490      0x318 ./Application/User/App/motor_control.o
                0x000000000802e490                RecordMotorVelAndAcc
 .text.RecordCarSetVelAndAcc
                0x000000000802e7a8      0x360 ./Application/User/App/motor_control.o
                0x000000000802e7a8                RecordCarSetVelAndAcc
 .text.RecordCarNavVelAndAcc
                0x000000000802eb08      0x1c4 ./Application/User/App/motor_control.o
                0x000000000802eb08                RecordCarNavVelAndAcc
 .text.MotorOverloaderUpdateIndex
                0x000000000802eccc      0x2a4 ./Application/User/App/motor_control.o
                0x000000000802eccc                MotorOverloaderUpdateIndex
 .text.MotorOverloaderJudge
                0x000000000802ef70      0x57c ./Application/User/App/motor_control.o
                0x000000000802ef70                MotorOverloaderJudge
 .text.MotorOverLoaderWaitRecovery
                0x000000000802f4ec       0xfc ./Application/User/App/motor_control.o
                0x000000000802f4ec                MotorOverLoaderWaitRecovery
 .text.CalPidRunParas
                0x000000000802f5e8      0x980 ./Application/User/App/motor_control.o
 .text.NavNegativeDirJudge
                0x000000000802ff68      0x210 ./Application/User/App/motor_control.o
                0x000000000802ff68                NavNegativeDirJudge
 .text.GetMotorAndNavFilterVel
                0x0000000008030178      0x6ac ./Application/User/App/motor_control.o
                0x0000000008030178                GetMotorAndNavFilterVel
 .text.CurrentBanlance
                0x0000000008030824      0x1bc ./Application/User/App/motor_control.o
 .text.WheelDeffTarSetVelCal
                0x00000000080309e0      0x19c ./Application/User/App/motor_control.o
                0x00000000080309e0                WheelDeffTarSetVelCal
 .text.MotorVelWaveAnalysis
                0x0000000008030b7c      0x5c8 ./Application/User/App/motor_control.o
 .text.PIDCurrentAdjust
                0x0000000008031144     0x1a0c ./Application/User/App/motor_control.o
 .text.PIDBrakeAdjust
                0x0000000008032b50      0x368 ./Application/User/App/motor_control.o
                0x0000000008032b50                PIDBrakeAdjust
 .text.ProcessMotorRunModePos
                0x0000000008032eb8     0x1160 ./Application/User/App/motor_control.o
                0x0000000008032eb8                ProcessMotorRunModePos
 .text.ProcessMotorRunModeStop
                0x0000000008034018      0x434 ./Application/User/App/motor_control.o
                0x0000000008034018                ProcessMotorRunModeStop
 .text.ProcessMotorRunModeSpeed
                0x000000000803444c      0xa4c ./Application/User/App/motor_control.o
                0x000000000803444c                ProcessMotorRunModeSpeed
 .text.ProcessMotorRunModeCurrent
                0x0000000008034e98      0xa60 ./Application/User/App/motor_control.o
                0x0000000008034e98                ProcessMotorRunModeCurrent
 .text.ProcessMotorRunModeCurrentPos
                0x00000000080358f8      0x4d8 ./Application/User/App/motor_control.o
                0x00000000080358f8                ProcessMotorRunModeCurrentPos
 .text.LowVoltageCheck
                0x0000000008035dd0      0x3c8 ./Application/User/App/motor_control.o
                0x0000000008035dd0                LowVoltageCheck
 .text.MotorPosCalCarPos
                0x0000000008036198      0x16c ./Application/User/App/motor_control.o
                0x0000000008036198                MotorPosCalCarPos
 .text.MotorReadStep
                0x0000000008036304     0x108c ./Application/User/App/motor_control.o
                0x0000000008036304                MotorReadStep
 .text.MotorReachTargetPosJudge
                0x0000000008037390      0x230 ./Application/User/App/motor_control.o
                0x0000000008037390                MotorReachTargetPosJudge
 .text.MotorControlEntry
                0x00000000080375c0      0x398 ./Application/User/App/motor_control.o
                0x00000000080375c0                MotorControlEntry
 .text.TestUfoControl
                0x0000000008037958      0x2b0 ./Application/User/App/motor_control.o
                0x0000000008037958                TestUfoControl
 .text.TestMotorDataUploadProcess
                0x0000000008037c08      0x220 ./Application/User/App/motor_control.o
 .text.PrintfMotorStaus
                0x0000000008037e28      0x2cc ./Application/User/App/motor_control.o
                0x0000000008037e28                PrintfMotorStaus
 .text.OldTestRevCmdAnalysis
                0x00000000080380f4      0x3b0 ./Application/User/App/motor_control.o
                0x00000000080380f4                OldTestRevCmdAnalysis
 .text.OldTestProcess
                0x00000000080384a4      0xce0 ./Application/User/App/motor_control.o
 .text.MyMotorSet
                0x0000000008039184       0x6c ./Application/User/App/motor_control.o
                0x0000000008039184                MyMotorSet
 .text.agv_set_rpm
                0x00000000080391f0       0x88 ./Application/User/App/motor_control.o
 .text.car_create
                0x0000000008039278       0x40 ./Application/User/App/motor_control.o
                0x0000000008039278                car_create
 .text.agv_velocity_set
                0x00000000080392b8       0x64 ./Application/User/App/motor_control.o
                0x00000000080392b8                agv_velocity_set
 .text.GetMotorNumFromId
                0x000000000803931c       0x50 ./Application/User/App/motor_driven.o
                0x000000000803931c                GetMotorNumFromId
 .text.MotorCheckReadData
                0x000000000803936c      0xeb8 ./Application/User/App/motor_driven.o
 .text.MotorCanDeviceWrite
                0x000000000803a224       0x70 ./Application/User/App/motor_driven.o
 .text.MotorCanDeviceRead
                0x000000000803a294       0x8c ./Application/User/App/motor_driven.o
 .text.MotorReadProcess
                0x000000000803a320       0x42 ./Application/User/App/motor_driven.o
                0x000000000803a320                MotorReadProcess
 .text.SetEposNMTState
                0x000000000803a362       0x4a ./Application/User/App/motor_driven.o
                0x000000000803a362                SetEposNMTState
 .text.MotorOperationModeExchange
                0x000000000803a3ac      0x10c ./Application/User/App/motor_driven.o
                0x000000000803a3ac                MotorOperationModeExchange
 .text.MotorSetOperationMode
                0x000000000803a4b8       0xd8 ./Application/User/App/motor_driven.o
                0x000000000803a4b8                MotorSetOperationMode
 .text.MotorGetOperationMode
                0x000000000803a590       0xf8 ./Application/User/App/motor_driven.o
                0x000000000803a590                MotorGetOperationMode
 .text.MotorControlCmdExchange
                0x000000000803a688       0x42 ./Application/User/App/motor_driven.o
                0x000000000803a688                MotorControlCmdExchange
 *fill*         0x000000000803a6ca        0x2 
 .text.MotorDeviceControlCmd
                0x000000000803a6cc       0xc4 ./Application/User/App/motor_driven.o
                0x000000000803a6cc                MotorDeviceControlCmd
 .text.MotorDeviceControlCmdWithJudge
                0x000000000803a790       0xec ./Application/User/App/motor_driven.o
                0x000000000803a790                MotorDeviceControlCmdWithJudge
 .text.MotorSetTargetVelocity
                0x000000000803a87c      0x248 ./Application/User/App/motor_driven.o
                0x000000000803a87c                MotorSetTargetVelocity
 .text.MotorGetTargetVelocity
                0x000000000803aac4       0xd4 ./Application/User/App/motor_driven.o
                0x000000000803aac4                MotorGetTargetVelocity
 .text.MotorSetTargetPosition
                0x000000000803ab98      0x134 ./Application/User/App/motor_driven.o
                0x000000000803ab98                MotorSetTargetPosition
 .text.MotorGetTargetPosition
                0x000000000803accc       0x90 ./Application/User/App/motor_driven.o
                0x000000000803accc                MotorGetTargetPosition
 .text.MotorSetTargetCurrent
                0x000000000803ad5c      0x228 ./Application/User/App/motor_driven.o
                0x000000000803ad5c                MotorSetTargetCurrent
 .text.MotorSetProfileVelocity
                0x000000000803af84      0x12c ./Application/User/App/motor_driven.o
                0x000000000803af84                MotorSetProfileVelocity
 .text.MotorSetProfileAcc
                0x000000000803b0b0      0x134 ./Application/User/App/motor_driven.o
                0x000000000803b0b0                MotorSetProfileAcc
 .text.MotorSetProfileDec
                0x000000000803b1e4      0x134 ./Application/User/App/motor_driven.o
                0x000000000803b1e4                MotorSetProfileDec
 .text.MotorSetHomingMethod
                0x000000000803b318       0x98 ./Application/User/App/motor_driven.o
                0x000000000803b318                MotorSetHomingMethod
 .text.MotorGetHomingMethod
                0x000000000803b3b0       0x94 ./Application/User/App/motor_driven.o
                0x000000000803b3b0                MotorGetHomingMethod
 .text.MotorSetAbortConnectionOptionCode
                0x000000000803b444       0xb8 ./Application/User/App/motor_driven.o
                0x000000000803b444                MotorSetAbortConnectionOptionCode
 .text.MotorReadErrorCode
                0x000000000803b4fc       0xf8 ./Application/User/App/motor_driven.o
                0x000000000803b4fc                MotorReadErrorCode
 .text.MotorReadStatus
                0x000000000803b5f4      0x100 ./Application/User/App/motor_driven.o
                0x000000000803b5f4                MotorReadStatus
 .text.MotorReadFDKWorkStatus
                0x000000000803b6f4       0x90 ./Application/User/App/motor_driven.o
                0x000000000803b6f4                MotorReadFDKWorkStatus
 .text.MotorReadEnableStatus
                0x000000000803b784       0x8c ./Application/User/App/motor_driven.o
                0x000000000803b784                MotorReadEnableStatus
 .text.MotorSetMotorEnableStatus
                0x000000000803b810       0x7c ./Application/User/App/motor_driven.o
                0x000000000803b810                MotorSetMotorEnableStatus
 .text.MotorSetMotorControlStatus
                0x000000000803b88c       0x7c ./Application/User/App/motor_driven.o
                0x000000000803b88c                MotorSetMotorControlStatus
 .text.MotorReadAvarageCurrentCmd
                0x000000000803b908      0x1c4 ./Application/User/App/motor_driven.o
                0x000000000803b908                MotorReadAvarageCurrentCmd
 .text.MotorReadVelocity
                0x000000000803bacc      0x188 ./Application/User/App/motor_driven.o
                0x000000000803bacc                MotorReadVelocity
 .text.MotorReadPosition
                0x000000000803bc54       0xd8 ./Application/User/App/motor_driven.o
                0x000000000803bc54                MotorReadPosition
 .text.MotorReadIOStatus
                0x000000000803bd2c       0x90 ./Application/User/App/motor_driven.o
                0x000000000803bd2c                MotorReadIOStatus
 .text.MotorSendReadStatus
                0x000000000803bdbc       0xbc ./Application/User/App/motor_driven.o
                0x000000000803bdbc                MotorSendReadStatus
 .text.MotorSendReadControlStatus
                0x000000000803be78       0x70 ./Application/User/App/motor_driven.o
                0x000000000803be78                MotorSendReadControlStatus
 .text.MotorSendReadAvarageCurrentCmd
                0x000000000803bee8       0xd8 ./Application/User/App/motor_driven.o
                0x000000000803bee8                MotorSendReadAvarageCurrentCmd
 .text.MotorSendReadPosCmd
                0x000000000803bfc0       0xac ./Application/User/App/motor_driven.o
                0x000000000803bfc0                MotorSendReadPosCmd
 .text.MotorSendReadVelocity
                0x000000000803c06c       0x9c ./Application/User/App/motor_driven.o
                0x000000000803c06c                MotorSendReadVelocity
 .text.MotorSendReadDriverTmpCmd
                0x000000000803c108       0xd8 ./Application/User/App/motor_driven.o
                0x000000000803c108                MotorSendReadDriverTmpCmd
 .text.MotorSendReadTmpCmd
                0x000000000803c1e0       0x70 ./Application/User/App/motor_driven.o
                0x000000000803c1e0                MotorSendReadTmpCmd
 .text.MotorSendReadVolCmd
                0x000000000803c250       0xec ./Application/User/App/motor_driven.o
                0x000000000803c250                MotorSendReadVolCmd
 .text.MotorCanSdoSet
                0x000000000803c33c       0xc0 ./Application/User/App/motor_driven.o
                0x000000000803c33c                MotorCanSdoSet
 .text.MotorCanSdoGet
                0x000000000803c3fc       0xc8 ./Application/User/App/motor_driven.o
                0x000000000803c3fc                MotorCanSdoGet
 .text.MotorCanDisableTransimitPdo
                0x000000000803c4c4       0xc0 ./Application/User/App/motor_driven.o
                0x000000000803c4c4                MotorCanDisableTransimitPdo
 .text.TestMotorControl
                0x000000000803c584      0x394 ./Application/User/App/motor_driven.o
                0x000000000803c584                TestMotorControl
 .text.InitPidParas_incres
                0x000000000803c918       0x56 ./Application/User/App/motor_pidctrl.o
                0x000000000803c918                InitPidParas_incres
 *fill*         0x000000000803c96e        0x2 
 .text.CalcPid_incres_driver
                0x000000000803c970      0x654 ./Application/User/App/motor_pidctrl.o
                0x000000000803c970                CalcPid_incres_driver
 .text.ClearPidMem_incres
                0x000000000803cfc4       0x2c ./Application/User/App/motor_pidctrl.o
                0x000000000803cfc4                ClearPidMem_incres
 .text.LL_ADC_REG_SetDMATransfer
                0x000000000803cff0       0x26 ./Application/User/Core/adc.o
 *fill*         0x000000000803d016        0x2 
 .text.MX_ADC1_Init
                0x000000000803d018       0xdc ./Application/User/Core/adc.o
                0x000000000803d018                MX_ADC1_Init
 .text.MX_ADC3_Init
                0x000000000803d0f4      0x1a0 ./Application/User/Core/adc.o
                0x000000000803d0f4                MX_ADC3_Init
 .text.HAL_ADC_MspInit
                0x000000000803d294      0x250 ./Application/User/Core/adc.o
                0x000000000803d294                HAL_ADC_MspInit
 .text.AdcStart
                0x000000000803d4e4       0x38 ./Application/User/Core/adc.o
                0x000000000803d4e4                AdcStart
 .text.Dichotomyfiltering
                0x000000000803d51c      0x13e ./Application/User/Core/adc.o
                0x000000000803d51c                Dichotomyfiltering
 *fill*         0x000000000803d65a        0x2 
 .text.ADCGetMidAdcValue
                0x000000000803d65c       0x6c ./Application/User/Core/adc.o
                0x000000000803d65c                ADCGetMidAdcValue
 .text.ADCTmpGetMidAdcValue
                0x000000000803d6c8       0x70 ./Application/User/Core/adc.o
                0x000000000803d6c8                ADCTmpGetMidAdcValue
 .text.AdcGetSensorValue
                0x000000000803d738       0x98 ./Application/User/Core/adc.o
                0x000000000803d738                AdcGetSensorValue
 .text.CalculateTemperature
                0x000000000803d7d0      0x150 ./Application/User/Core/adc.o
                0x000000000803d7d0                CalculateTemperature
 .text.AdcTmpGetSensorValue
                0x000000000803d920       0xb0 ./Application/User/Core/adc.o
                0x000000000803d920                AdcTmpGetSensorValue
 .text.ReadAdcSensorValue
                0x000000000803d9d0       0xd4 ./Application/User/Core/adc.o
                0x000000000803d9d0                ReadAdcSensorValue
 .text.ReadTmpProcess
                0x000000000803daa4      0x110 ./Application/User/Core/adc.o
                0x000000000803daa4                ReadTmpProcess
 .text.MX_CAN1_Init
                0x000000000803dbb4       0x6c ./Application/User/Core/can.o
                0x000000000803dbb4                MX_CAN1_Init
 .text.MX_CAN2_Init
                0x000000000803dc20       0x6c ./Application/User/Core/can.o
                0x000000000803dc20                MX_CAN2_Init
 .text.MX_CAN3_Init
                0x000000000803dc8c       0x6c ./Application/User/Core/can.o
                0x000000000803dc8c                MX_CAN3_Init
 .text.HAL_CAN_MspInit
                0x000000000803dcf8      0x250 ./Application/User/Core/can.o
                0x000000000803dcf8                HAL_CAN_MspInit
 .text.CanStart
                0x000000000803df48       0xc4 ./Application/User/Core/can.o
                0x000000000803df48                CanStart
 .text.CanDev2StmCan
                0x000000000803e00c       0x62 ./Application/User/Core/can.o
 .text.CanStmCan2Dev
                0x000000000803e06e       0x5c ./Application/User/Core/can.o
 *fill*         0x000000000803e0ca        0x2 
 .text.HAL_CAN_RxFifo0MsgPendingCallback
                0x000000000803e0cc      0x108 ./Application/User/Core/can.o
                0x000000000803e0cc                HAL_CAN_RxFifo0MsgPendingCallback
 .text.CanGetSingleRxBufferData
                0x000000000803e1d4       0xa8 ./Application/User/Core/can.o
                0x000000000803e1d4                CanGetSingleRxBufferData
 .text.CanDeviceWrite
                0x000000000803e27c      0x174 ./Application/User/Core/can.o
                0x000000000803e27c                CanDeviceWrite
 .text.CanDeviceRead
                0x000000000803e3f0      0x1b0 ./Application/User/Core/can.o
                0x000000000803e3f0                CanDeviceRead
 .text.delay_us
                0x000000000803e5a0       0x78 ./Application/User/Core/delay.o
                0x000000000803e5a0                delay_us
 .text.MX_DMA_Init
                0x000000000803e618       0x3c ./Application/User/Core/dma.o
                0x000000000803e618                MX_DMA_Init
 .text.vApplicationGetIdleTaskMemory
                0x000000000803e654       0x34 ./Application/User/Core/freertos.o
                0x000000000803e654                vApplicationGetIdleTaskMemory
 .text.MX_FREERTOS_Init
                0x000000000803e688      0x130 ./Application/User/Core/freertos.o
                0x000000000803e688                MX_FREERTOS_Init
 .text.StartTaskMain
                0x000000000803e7b8      0x104 ./Application/User/Core/freertos.o
                0x000000000803e7b8                StartTaskMain
 .text.StartTaskMotor
                0x000000000803e8bc       0x64 ./Application/User/Core/freertos.o
                0x000000000803e8bc                StartTaskMotor
 .text.StartTaskTcpCreate
                0x000000000803e920      0x25c ./Application/User/Core/freertos.o
                0x000000000803e920                StartTaskTcpCreate
 .text.StartTaskTcp
                0x000000000803eb7c       0x88 ./Application/User/Core/freertos.o
                0x000000000803eb7c                StartTaskTcp
 .text.StartTaskSD
                0x000000000803ec04       0x74 ./Application/User/Core/freertos.o
                0x000000000803ec04                StartTaskSD
 .text.StartTaskTcpPrint
                0x000000000803ec78      0x120 ./Application/User/Core/freertos.o
                0x000000000803ec78                StartTaskTcpPrint
 .text.AllDataInit
                0x000000000803ed98       0x98 ./Application/User/Core/freertos.o
 .text.closeSelectSocket
                0x000000000803ee30       0x54 ./Application/User/Core/freertos.o
 .text.SBUS_ENcode
                0x000000000803ee84      0x1fc ./Application/User/Core/freertos.o
 .text.SBUS_ReceiveProcess
                0x000000000803f080      0x28c ./Application/User/Core/freertos.o
 .text.CAN_ReceiveProcess
                0x000000000803f30c      0x1ec ./Application/User/Core/freertos.o
 .text.CAN_SendProcess
                0x000000000803f4f8      0x234 ./Application/User/Core/freertos.o
 .text.USART_ReceiveProcess
                0x000000000803f72c      0x154 ./Application/User/Core/freertos.o
 .text.UfoBrakeAutoControl
                0x000000000803f880      0x138 ./Application/User/Core/freertos.o
 .text.UfoLeftRightControl
                0x000000000803f9b8       0x84 ./Application/User/Core/freertos.o
                0x000000000803f9b8                UfoLeftRightControl
 .text.UfoEmergencyStopProcess
                0x000000000803fa3c      0x1e8 ./Application/User/Core/freertos.o
 *fill*         0x000000000803fc24        0x4 
 .text.UfoControlCmdAnalysis
                0x000000000803fc28      0xf5c ./Application/User/Core/freertos.o
 .text.GetUfoControlStatus
                0x0000000008040b84       0xc4 ./Application/User/Core/freertos.o
                0x0000000008040b84                GetUfoControlStatus
 .text.UpdateUfoState
                0x0000000008040c48       0x7c ./Application/User/Core/freertos.o
 .text.TcpUpdateSendData
                0x0000000008040cc4      0x280 ./Application/User/Core/freertos.o
                0x0000000008040cc4                TcpUpdateSendData
 .text.TcpSocketProcess
                0x0000000008040f44       0xec ./Application/User/Core/freertos.o
 .text.TcpRevCmdAnalysis
                0x0000000008041030      0x1d8 ./Application/User/Core/freertos.o
 .text.TcpSocketProcessNew
                0x0000000008041208      0x2f0 ./Application/User/Core/freertos.o
 .text.TcpSocketSendNew
                0x00000000080414f8       0x9c ./Application/User/Core/freertos.o
 .text.PrintfSendMsg
                0x0000000008041594       0xf0 ./Application/User/Core/freertos.o
                0x0000000008041594                PrintfSendMsg
 .text.TcpPrintRevMsgProcess
                0x0000000008041684      0x364 ./Application/User/Core/freertos.o
 .text.LockThread
                0x00000000080419e8       0x34 ./Application/User/Core/freertos.o
                0x00000000080419e8                LockThread
 .text.UnLockThread
                0x0000000008041a1c       0x54 ./Application/User/Core/freertos.o
                0x0000000008041a1c                UnLockThread
 .text.MX_GPIO_Init
                0x0000000008041a70      0x210 ./Application/User/Core/gpio.o
                0x0000000008041a70                MX_GPIO_Init
 .text.GPIOSetMotorDir
                0x0000000008041c80       0xec ./Application/User/Core/gpio.o
                0x0000000008041c80                GPIOSetMotorDir
 .text.GPIOEnableMotor
                0x0000000008041d6c       0xec ./Application/User/Core/gpio.o
                0x0000000008041d6c                GPIOEnableMotor
 .text.GetMotorLimit1State
                0x0000000008041e58       0x2c ./Application/User/Core/gpio.o
                0x0000000008041e58                GetMotorLimit1State
 .text.GPIOSetLedState
                0x0000000008041e84       0x74 ./Application/User/Core/gpio.o
                0x0000000008041e84                GPIOSetLedState
 .text.GPIOSetWifiResetState
                0x0000000008041ef8       0x34 ./Application/User/Core/gpio.o
                0x0000000008041ef8                GPIOSetWifiResetState
 .text.GPIOInitState
                0x0000000008041f2c      0x10c ./Application/User/Core/gpio.o
                0x0000000008041f2c                GPIOInitState
 .text.MX_IWDG_Init
                0x0000000008042038       0x3c ./Application/User/Core/iwdg.o
                0x0000000008042038                MX_IWDG_Init
 .text.MX_IWDG_Init1S
                0x0000000008042074       0x3c ./Application/User/Core/iwdg.o
                0x0000000008042074                MX_IWDG_Init1S
 .text.IWDG_Feed
                0x00000000080420b0       0x14 ./Application/User/Core/iwdg.o
                0x00000000080420b0                IWDG_Feed
 .text.SCB_EnableICache
                0x00000000080420c4       0x4c ./Application/User/Core/main.o
 .text.SCB_EnableDCache
                0x0000000008042110       0x88 ./Application/User/Core/main.o
 .text.main     0x0000000008042198       0x4e ./Application/User/Core/main.o
                0x0000000008042198                main
 *fill*         0x00000000080421e6        0x2 
 .text.SystemClock_Config
                0x00000000080421e8       0xe4 ./Application/User/Core/main.o
                0x00000000080421e8                SystemClock_Config
 .text.HAL_TIM_PeriodElapsedCallback
                0x00000000080422cc       0x9c ./Application/User/Core/main.o
                0x00000000080422cc                HAL_TIM_PeriodElapsedCallback
 .text.Error_Handler
                0x0000000008042368        0xe ./Application/User/Core/main.o
                0x0000000008042368                Error_Handler
 *fill*         0x0000000008042376        0x2 
 .text.HAL_MspInit
                0x0000000008042378       0x50 ./Application/User/Core/stm32f7xx_hal_msp.o
                0x0000000008042378                HAL_MspInit
 .text.HAL_InitTick
                0x00000000080423c8       0xe4 ./Application/User/Core/stm32f7xx_hal_timebase_tim.o
                0x00000000080423c8                HAL_InitTick
 .text.NMI_Handler
                0x00000000080424ac        0xe ./Application/User/Core/stm32f7xx_it.o
                0x00000000080424ac                NMI_Handler
 .text.HardFault_Handler
                0x00000000080424ba        0x6 ./Application/User/Core/stm32f7xx_it.o
                0x00000000080424ba                HardFault_Handler
 .text.MemManage_Handler
                0x00000000080424c0        0x6 ./Application/User/Core/stm32f7xx_it.o
                0x00000000080424c0                MemManage_Handler
 .text.BusFault_Handler
                0x00000000080424c6        0x6 ./Application/User/Core/stm32f7xx_it.o
                0x00000000080424c6                BusFault_Handler
 .text.UsageFault_Handler
                0x00000000080424cc        0x6 ./Application/User/Core/stm32f7xx_it.o
                0x00000000080424cc                UsageFault_Handler
 .text.DebugMon_Handler
                0x00000000080424d2        0xe ./Application/User/Core/stm32f7xx_it.o
                0x00000000080424d2                DebugMon_Handler
 .text.CAN1_RX0_IRQHandler
                0x00000000080424e0       0x14 ./Application/User/Core/stm32f7xx_it.o
                0x00000000080424e0                CAN1_RX0_IRQHandler
 .text.TIM1_UP_TIM10_IRQHandler
                0x00000000080424f4       0x14 ./Application/User/Core/stm32f7xx_it.o
                0x00000000080424f4                TIM1_UP_TIM10_IRQHandler
 .text.TIM2_IRQHandler
                0x0000000008042508       0x14 ./Application/User/Core/stm32f7xx_it.o
                0x0000000008042508                TIM2_IRQHandler
 .text.TIM8_BRK_TIM12_IRQHandler
                0x000000000804251c       0x14 ./Application/User/Core/stm32f7xx_it.o
                0x000000000804251c                TIM8_BRK_TIM12_IRQHandler
 .text.DMA1_Stream7_IRQHandler
                0x0000000008042530       0x14 ./Application/User/Core/stm32f7xx_it.o
                0x0000000008042530                DMA1_Stream7_IRQHandler
 .text.TIM5_IRQHandler
                0x0000000008042544       0x18 ./Application/User/Core/stm32f7xx_it.o
                0x0000000008042544                TIM5_IRQHandler
 .text.UART5_IRQHandler
                0x000000000804255c       0x18 ./Application/User/Core/stm32f7xx_it.o
                0x000000000804255c                UART5_IRQHandler
 .text.ETH_IRQHandler
                0x0000000008042574       0x14 ./Application/User/Core/stm32f7xx_it.o
                0x0000000008042574                ETH_IRQHandler
 .text.CAN2_RX0_IRQHandler
                0x0000000008042588       0x14 ./Application/User/Core/stm32f7xx_it.o
                0x0000000008042588                CAN2_RX0_IRQHandler
 .text.TIM8_UP_TIM13_IRQHandler
                0x000000000804259c       0x14 ./Application/User/Core/stm32f7xx_it.o
                0x000000000804259c                TIM8_UP_TIM13_IRQHandler
 .text._getpid  0x00000000080425b0       0x10 ./Application/User/Core/syscalls.o
                0x00000000080425b0                _getpid
 .text._kill    0x00000000080425c0       0x24 ./Application/User/Core/syscalls.o
                0x00000000080425c0                _kill
 .text._exit    0x00000000080425e4       0x14 ./Application/User/Core/syscalls.o
                0x00000000080425e4                _exit
 .text._read    0x00000000080425f8       0x3a ./Application/User/Core/syscalls.o
                0x00000000080425f8                _read
 .text._write   0x0000000008042632       0x38 ./Application/User/Core/syscalls.o
                0x0000000008042632                _write
 .text._close   0x000000000804266a       0x18 ./Application/User/Core/syscalls.o
                0x000000000804266a                _close
 .text._fstat   0x0000000008042682       0x20 ./Application/User/Core/syscalls.o
                0x0000000008042682                _fstat
 .text._isatty  0x00000000080426a2       0x16 ./Application/User/Core/syscalls.o
                0x00000000080426a2                _isatty
 .text._lseek   0x00000000080426b8       0x1a ./Application/User/Core/syscalls.o
                0x00000000080426b8                _lseek
 *fill*         0x00000000080426d2        0x2 
 .text._sbrk    0x00000000080426d4       0x70 ./Application/User/Core/sysmem.o
                0x00000000080426d4                _sbrk
 .text.LL_TIM_SetCounter
                0x0000000008042744       0x1c ./Application/User/Core/tim.o
 .text.LL_TIM_GetCounter
                0x0000000008042760       0x18 ./Application/User/Core/tim.o
 .text.LL_TIM_SetAutoReload
                0x0000000008042778       0x1c ./Application/User/Core/tim.o
 .text.LL_TIM_GetAutoReload
                0x0000000008042794       0x18 ./Application/User/Core/tim.o
 .text.LL_TIM_OC_SetCompareCH1
                0x00000000080427ac       0x1c ./Application/User/Core/tim.o
 .text.LL_TIM_OC_SetCompareCH2
                0x00000000080427c8       0x1c ./Application/User/Core/tim.o
 .text.LL_TIM_OC_SetCompareCH3
                0x00000000080427e4       0x1c ./Application/User/Core/tim.o
 .text.LL_TIM_OC_SetCompareCH4
                0x0000000008042800       0x1c ./Application/User/Core/tim.o
 .text.MX_TIM2_Init
                0x000000000804281c       0x9c ./Application/User/Core/tim.o
                0x000000000804281c                MX_TIM2_Init
 .text.MX_TIM3_Init
                0x00000000080428b8       0xb4 ./Application/User/Core/tim.o
                0x00000000080428b8                MX_TIM3_Init
 .text.MX_TIM5_Init
                0x000000000804296c       0xc0 ./Application/User/Core/tim.o
                0x000000000804296c                MX_TIM5_Init
 .text.MX_TIM12_Init
                0x0000000008042a2c       0x74 ./Application/User/Core/tim.o
                0x0000000008042a2c                MX_TIM12_Init
 .text.HAL_TIM_Base_MspInit
                0x0000000008042aa0       0x80 ./Application/User/Core/tim.o
                0x0000000008042aa0                HAL_TIM_Base_MspInit
 .text.HAL_TIM_PWM_MspInit
                0x0000000008042b20       0x40 ./Application/User/Core/tim.o
                0x0000000008042b20                HAL_TIM_PWM_MspInit
 .text.HAL_TIM_IC_MspInit
                0x0000000008042b60      0x118 ./Application/User/Core/tim.o
                0x0000000008042b60                HAL_TIM_IC_MspInit
 .text.HAL_TIM_MspPostInit
                0x0000000008042c78       0x70 ./Application/User/Core/tim.o
                0x0000000008042c78                HAL_TIM_MspPostInit
 .text.PWMTIM5Init
                0x0000000008042ce8      0x20c ./Application/User/Core/tim.o
                0x0000000008042ce8                PWMTIM5Init
 .text.PWMInit  0x0000000008042ef4      0x160 ./Application/User/Core/tim.o
                0x0000000008042ef4                PWMInit
 .text.PWMSetMotorOutputState
                0x0000000008043054      0x12c ./Application/User/Core/tim.o
                0x0000000008043054                PWMSetMotorOutputState
 .text.PWMSetMotorValue
                0x0000000008043180      0x190 ./Application/User/Core/tim.o
                0x0000000008043180                PWMSetMotorValue
 .text.PWMUpdateMotorPulse
                0x0000000008043310      0x164 ./Application/User/Core/tim.o
                0x0000000008043310                PWMUpdateMotorPulse
 .text.PWMSetMotorPulse
                0x0000000008043474       0xdc ./Application/User/Core/tim.o
                0x0000000008043474                PWMSetMotorPulse
 .text.InputCaptureInit
                0x0000000008043550       0xa4 ./Application/User/Core/tim.o
                0x0000000008043550                InputCaptureInit
 .text.AppTim_ISRProc
                0x00000000080435f4       0x74 ./Application/User/Core/tim.o
                0x00000000080435f4                AppTim_ISRProc
 .text.LL_USART_IsActiveFlag_TC
                0x0000000008043668       0x26 ./Application/User/Core/usart.o
 .text.LL_USART_IsActiveFlag_TXE
                0x000000000804368e       0x26 ./Application/User/Core/usart.o
 .text.LL_USART_EnableDMAReq_RX
                0x00000000080436b4       0x46 ./Application/User/Core/usart.o
 .text.LL_USART_EnableDMAReq_TX
                0x00000000080436fa       0x46 ./Application/User/Core/usart.o
 .text.LL_DMA_IsActiveFlag_TC6
                0x0000000008043740       0x28 ./Application/User/Core/usart.o
 .text.LL_DMA_IsActiveFlag_TC7
                0x0000000008043768       0x28 ./Application/User/Core/usart.o
 .text.MX_UART4_Init
                0x0000000008043790       0x78 ./Application/User/Core/usart.o
                0x0000000008043790                MX_UART4_Init
 .text.MX_UART5_Init
                0x0000000008043808       0x68 ./Application/User/Core/usart.o
                0x0000000008043808                MX_UART5_Init
 .text.MX_USART1_UART_Init
                0x0000000008043870       0x68 ./Application/User/Core/usart.o
                0x0000000008043870                MX_USART1_UART_Init
 .text.MX_USART2_UART_Init
                0x00000000080438d8       0x68 ./Application/User/Core/usart.o
                0x00000000080438d8                MX_USART2_UART_Init
 .text.MX_USART6_UART_Init
                0x0000000008043940       0x68 ./Application/User/Core/usart.o
                0x0000000008043940                MX_USART6_UART_Init
 .text.HAL_UART_MspInit
                0x00000000080439a8      0x668 ./Application/User/Core/usart.o
                0x00000000080439a8                HAL_UART_MspInit
 .text.UsartTxDmaConfiguration
                0x0000000008044010       0xac ./Application/User/Core/usart.o
 .text.UsartRxDmaConfiguration
                0x00000000080440bc       0xd8 ./Application/User/Core/usart.o
 .text.UsartGetSelectDevice
                0x0000000008044194       0x6c ./Application/User/Core/usart.o
                0x0000000008044194                UsartGetSelectDevice
 .text.AppUsartInit
                0x0000000008044200       0x6c ./Application/User/Core/usart.o
                0x0000000008044200                AppUsartInit
 .text.AppUsart_ISRProc
                0x000000000804426c       0x68 ./Application/User/Core/usart.o
                0x000000000804426c                AppUsart_ISRProc
 .text.HAL_UART_TxCpltCallback
                0x00000000080442d4       0x30 ./Application/User/Core/usart.o
                0x00000000080442d4                HAL_UART_TxCpltCallback
 .text.IsRxBuffEmpty
                0x0000000008044304       0x2a ./Application/User/Core/usart.o
                0x0000000008044304                IsRxBuffEmpty
 *fill*         0x000000000804432e        0x2 
 .text.isDmaSendFinish
                0x0000000008044330       0x9c ./Application/User/Core/usart.o
                0x0000000008044330                isDmaSendFinish
 .text.GetUsartRxDmaDataLength
                0x00000000080443cc       0x9c ./Application/User/Core/usart.o
                0x00000000080443cc                GetUsartRxDmaDataLength
 .text.UsartDeviceRead
                0x0000000008044468      0x13a ./Application/User/Core/usart.o
                0x0000000008044468                UsartDeviceRead
 .text.UsartDmaSendData
                0x00000000080445a2       0x56 ./Application/User/Core/usart.o
 .text.UsartDeviceWrite
                0x00000000080445f8      0x224 ./Application/User/Core/usart.o
                0x00000000080445f8                UsartDeviceWrite
 .text.SetUsartTo485Direction
                0x000000000804481c       0xb0 ./Application/User/Core/usart.o
 .text.rt_kprintfArray
                0x00000000080448cc       0xbc ./Application/User/Core/usart.o
                0x00000000080448cc                rt_kprintfArray
 .text.UsartMsgInit
                0x0000000008044988       0x2c ./Application/User/Core/usart.o
                0x0000000008044988                UsartMsgInit
 .text.WifiRevCmdAnalysis
                0x00000000080449b4      0x6bc ./Application/User/Core/usart.o
                0x00000000080449b4                WifiRevCmdAnalysis
 .text.IsMxLwipNetifLinkUp
                0x0000000008045070       0x24 ./Application/User/LWIP/App/lwip.o
                0x0000000008045070                IsMxLwipNetifLinkUp
 .text.MX_LWIP_Init
                0x0000000008045094      0x270 ./Application/User/LWIP/App/lwip.o
                0x0000000008045094                MX_LWIP_Init
 .text.ethernet_link_status_updated
                0x0000000008045304       0x14 ./Application/User/LWIP/App/lwip.o
 .text.SCB_InvalidateDCache_by_Addr
                0x0000000008045318       0x58 ./Application/User/LWIP/Target/ethernetif.o
 .text.HAL_ETH_RxCpltCallback
                0x0000000008045370       0x20 ./Application/User/LWIP/Target/ethernetif.o
                0x0000000008045370                HAL_ETH_RxCpltCallback
 .text.HAL_ETH_TxCpltCallback
                0x0000000008045390       0x20 ./Application/User/LWIP/Target/ethernetif.o
                0x0000000008045390                HAL_ETH_TxCpltCallback
 .text.HAL_ETH_ErrorCallback
                0x00000000080453b0       0x30 ./Application/User/LWIP/Target/ethernetif.o
                0x00000000080453b0                HAL_ETH_ErrorCallback
 .text.low_level_init
                0x00000000080453e0      0x1d8 ./Application/User/LWIP/Target/ethernetif.o
 .text.low_level_output
                0x00000000080455b8      0x134 ./Application/User/LWIP/Target/ethernetif.o
 .text.low_level_input
                0x00000000080456ec       0x34 ./Application/User/LWIP/Target/ethernetif.o
 .text.ethernetif_input
                0x0000000008045720       0x54 ./Application/User/LWIP/Target/ethernetif.o
 .text.ethernetif_init
                0x0000000008045774       0x5c ./Application/User/LWIP/Target/ethernetif.o
                0x0000000008045774                ethernetif_init
 .text.pbuf_free_custom
                0x00000000080457d0       0x40 ./Application/User/LWIP/Target/ethernetif.o
                0x00000000080457d0                pbuf_free_custom
 .text.sys_now  0x0000000008045810        0xe ./Application/User/LWIP/Target/ethernetif.o
                0x0000000008045810                sys_now
 .text.ethernet_link_thread
                0x000000000804581e       0x10 ./Application/User/LWIP/Target/ethernetif.o
                0x000000000804581e                ethernet_link_thread
 *fill*         0x000000000804582e        0x2 
 .text.HAL_ETH_RxAllocateCallback
                0x0000000008045830       0x60 ./Application/User/LWIP/Target/ethernetif.o
                0x0000000008045830                HAL_ETH_RxAllocateCallback
 .text.HAL_ETH_RxLinkCallback
                0x0000000008045890       0x84 ./Application/User/LWIP/Target/ethernetif.o
                0x0000000008045890                HAL_ETH_RxLinkCallback
 .text.HAL_ETH_TxFreeCallback
                0x0000000008045914       0x16 ./Application/User/LWIP/Target/ethernetif.o
                0x0000000008045914                HAL_ETH_TxFreeCallback
 *fill*         0x000000000804592a        0x2 
 .text.RMII_Thread
                0x000000000804592c       0x68 ./Application/User/LWIP/Target/ethernetif.o
 .text.Reset_Handler
                0x0000000008045994       0x50 ./Application/User/Startup/startup_stm32f767igtx.o
                0x0000000008045994                Reset_Handler
 .text.Default_Handler
                0x00000000080459e4        0x2 ./Application/User/Startup/startup_stm32f767igtx.o
                0x00000000080459e4                RTC_Alarm_IRQHandler
                0x00000000080459e4                EXTI2_IRQHandler
                0x00000000080459e4                TIM8_CC_IRQHandler
                0x00000000080459e4                UART8_IRQHandler
                0x00000000080459e4                SPI4_IRQHandler
                0x00000000080459e4                TIM1_CC_IRQHandler
                0x00000000080459e4                DMA2_Stream5_IRQHandler
                0x00000000080459e4                JPEG_IRQHandler
                0x00000000080459e4                DMA1_Stream5_IRQHandler
                0x00000000080459e4                CAN3_RX1_IRQHandler
                0x00000000080459e4                PVD_IRQHandler
                0x00000000080459e4                TAMP_STAMP_IRQHandler
                0x00000000080459e4                CAN2_RX1_IRQHandler
                0x00000000080459e4                EXTI3_IRQHandler
                0x00000000080459e4                TIM8_TRG_COM_TIM14_IRQHandler
                0x00000000080459e4                DFSDM1_FLT1_IRQHandler
                0x00000000080459e4                I2C3_ER_IRQHandler
                0x00000000080459e4                DFSDM1_FLT2_IRQHandler
                0x00000000080459e4                EXTI0_IRQHandler
                0x00000000080459e4                I2C2_EV_IRQHandler
                0x00000000080459e4                DMA1_Stream2_IRQHandler
                0x00000000080459e4                FPU_IRQHandler
                0x00000000080459e4                OTG_HS_WKUP_IRQHandler
                0x00000000080459e4                CAN3_SCE_IRQHandler
                0x00000000080459e4                LTDC_ER_IRQHandler
                0x00000000080459e4                CAN2_SCE_IRQHandler
                0x00000000080459e4                DMA2_Stream2_IRQHandler
                0x00000000080459e4                SPI1_IRQHandler
                0x00000000080459e4                TIM6_DAC_IRQHandler
                0x00000000080459e4                TIM1_BRK_TIM9_IRQHandler
                0x00000000080459e4                DCMI_IRQHandler
                0x00000000080459e4                DMA2_Stream3_IRQHandler
                0x00000000080459e4                SAI2_IRQHandler
                0x00000000080459e4                DFSDM1_FLT3_IRQHandler
                0x00000000080459e4                USART6_IRQHandler
                0x00000000080459e4                CAN3_RX0_IRQHandler
                0x00000000080459e4                USART3_IRQHandler
                0x00000000080459e4                CAN1_RX1_IRQHandler
                0x00000000080459e4                DMA2_Stream0_IRQHandler
                0x00000000080459e4                TIM4_IRQHandler
                0x00000000080459e4                QUADSPI_IRQHandler
                0x00000000080459e4                I2C1_EV_IRQHandler
                0x00000000080459e4                DMA1_Stream6_IRQHandler
                0x00000000080459e4                DMA1_Stream1_IRQHandler
                0x00000000080459e4                UART4_IRQHandler
                0x00000000080459e4                TIM3_IRQHandler
                0x00000000080459e4                RCC_IRQHandler
                0x00000000080459e4                Default_Handler
                0x00000000080459e4                CEC_IRQHandler
                0x00000000080459e4                EXTI15_10_IRQHandler
                0x00000000080459e4                ADC_IRQHandler
                0x00000000080459e4                SPI5_IRQHandler
                0x00000000080459e4                TIM7_IRQHandler
                0x00000000080459e4                SDMMC1_IRQHandler
                0x00000000080459e4                CAN2_TX_IRQHandler
                0x00000000080459e4                DMA2_Stream7_IRQHandler
                0x00000000080459e4                I2C3_EV_IRQHandler
                0x00000000080459e4                EXTI9_5_IRQHandler
                0x00000000080459e4                RTC_WKUP_IRQHandler
                0x00000000080459e4                LTDC_IRQHandler
                0x00000000080459e4                ETH_WKUP_IRQHandler
                0x00000000080459e4                SPDIF_RX_IRQHandler
                0x00000000080459e4                SPI2_IRQHandler
                0x00000000080459e4                OTG_HS_EP1_IN_IRQHandler
                0x00000000080459e4                DMA1_Stream0_IRQHandler
                0x00000000080459e4                CAN1_TX_IRQHandler
                0x00000000080459e4                EXTI4_IRQHandler
                0x00000000080459e4                RNG_IRQHandler
                0x00000000080459e4                OTG_HS_EP1_OUT_IRQHandler
                0x00000000080459e4                WWDG_IRQHandler
                0x00000000080459e4                SPI6_IRQHandler
                0x00000000080459e4                MDIOS_IRQHandler
                0x00000000080459e4                I2C4_EV_IRQHandler
                0x00000000080459e4                CAN3_TX_IRQHandler
                0x00000000080459e4                OTG_FS_WKUP_IRQHandler
                0x00000000080459e4                TIM1_TRG_COM_TIM11_IRQHandler
                0x00000000080459e4                OTG_HS_IRQHandler
                0x00000000080459e4                DMA2D_IRQHandler
                0x00000000080459e4                EXTI1_IRQHandler
                0x00000000080459e4                SDMMC2_IRQHandler
                0x00000000080459e4                UART7_IRQHandler
                0x00000000080459e4                USART2_IRQHandler
                0x00000000080459e4                DFSDM1_FLT0_IRQHandler
                0x00000000080459e4                I2C2_ER_IRQHandler
                0x00000000080459e4                DMA2_Stream1_IRQHandler
                0x00000000080459e4                CAN1_SCE_IRQHandler
                0x00000000080459e4                FLASH_IRQHandler
                0x00000000080459e4                DMA2_Stream4_IRQHandler
                0x00000000080459e4                USART1_IRQHandler
                0x00000000080459e4                OTG_FS_IRQHandler
                0x00000000080459e4                SPI3_IRQHandler
                0x00000000080459e4                DMA1_Stream4_IRQHandler
                0x00000000080459e4                I2C1_ER_IRQHandler
                0x00000000080459e4                FMC_IRQHandler
                0x00000000080459e4                LPTIM1_IRQHandler
                0x00000000080459e4                I2C4_ER_IRQHandler
                0x00000000080459e4                DMA2_Stream6_IRQHandler
                0x00000000080459e4                SAI1_IRQHandler
                0x00000000080459e4                DMA1_Stream3_IRQHandler
 *fill*         0x00000000080459e6        0x2 
 .text.SystemInit
                0x00000000080459e8       0x2c ./Drivers/CMSIS/system_stm32f7xx.o
                0x00000000080459e8                SystemInit
 .text.HAL_Init
                0x0000000008045a14       0x2c ./Drivers/STM32F7xx_HAL_Driver/stm32f7xx_hal.o
                0x0000000008045a14                HAL_Init
 .text.HAL_IncTick
                0x0000000008045a40       0x28 ./Drivers/STM32F7xx_HAL_Driver/stm32f7xx_hal.o
                0x0000000008045a40                HAL_IncTick
 .text.HAL_GetTick
                0x0000000008045a68       0x18 ./Drivers/STM32F7xx_HAL_Driver/stm32f7xx_hal.o
                0x0000000008045a68                HAL_GetTick
 .text.HAL_Delay
                0x0000000008045a80       0x48 ./Drivers/STM32F7xx_HAL_Driver/stm32f7xx_hal.o
                0x0000000008045a80                HAL_Delay
 .text.HAL_GetREVID
                0x0000000008045ac8       0x18 ./Drivers/STM32F7xx_HAL_Driver/stm32f7xx_hal.o
                0x0000000008045ac8                HAL_GetREVID
 .text.HAL_ADC_Init
                0x0000000008045ae0       0x88 ./Drivers/STM32F7xx_HAL_Driver/stm32f7xx_hal_adc.o
                0x0000000008045ae0                HAL_ADC_Init
 .text.HAL_ADC_Start
                0x0000000008045b68      0x19c ./Drivers/STM32F7xx_HAL_Driver/stm32f7xx_hal_adc.o
                0x0000000008045b68                HAL_ADC_Start
 .text.HAL_ADC_ConfigChannel
                0x0000000008045d04      0x2ac ./Drivers/STM32F7xx_HAL_Driver/stm32f7xx_hal_adc.o
                0x0000000008045d04                HAL_ADC_ConfigChannel
 .text.ADC_Init
                0x0000000008045fb0      0x1f4 ./Drivers/STM32F7xx_HAL_Driver/stm32f7xx_hal_adc.o
 .text.HAL_CAN_Init
                0x00000000080461a4      0x1f6 ./Drivers/STM32F7xx_HAL_Driver/stm32f7xx_hal_can.o
                0x00000000080461a4                HAL_CAN_Init
 *fill*         0x000000000804639a        0x2 
 .text.HAL_CAN_ConfigFilter
                0x000000000804639c      0x1d8 ./Drivers/STM32F7xx_HAL_Driver/stm32f7xx_hal_can.o
                0x000000000804639c                HAL_CAN_ConfigFilter
 .text.HAL_CAN_Start
                0x0000000008046574       0x88 ./Drivers/STM32F7xx_HAL_Driver/stm32f7xx_hal_can.o
                0x0000000008046574                HAL_CAN_Start
 .text.HAL_CAN_AddTxMessage
                0x00000000080465fc      0x1a0 ./Drivers/STM32F7xx_HAL_Driver/stm32f7xx_hal_can.o
                0x00000000080465fc                HAL_CAN_AddTxMessage
 .text.HAL_CAN_GetTxMailboxesFreeLevel
                0x000000000804679c       0x6a ./Drivers/STM32F7xx_HAL_Driver/stm32f7xx_hal_can.o
                0x000000000804679c                HAL_CAN_GetTxMailboxesFreeLevel
 .text.HAL_CAN_GetRxMessage
                0x0000000008046806      0x244 ./Drivers/STM32F7xx_HAL_Driver/stm32f7xx_hal_can.o
                0x0000000008046806                HAL_CAN_GetRxMessage
 .text.HAL_CAN_GetRxFifoFillLevel
                0x0000000008046a4a       0x50 ./Drivers/STM32F7xx_HAL_Driver/stm32f7xx_hal_can.o
                0x0000000008046a4a                HAL_CAN_GetRxFifoFillLevel
 .text.HAL_CAN_ActivateNotification
                0x0000000008046a9a       0x4c ./Drivers/STM32F7xx_HAL_Driver/stm32f7xx_hal_can.o
                0x0000000008046a9a                HAL_CAN_ActivateNotification
 .text.HAL_CAN_IRQHandler
                0x0000000008046ae6      0x36e ./Drivers/STM32F7xx_HAL_Driver/stm32f7xx_hal_can.o
                0x0000000008046ae6                HAL_CAN_IRQHandler
 .text.HAL_CAN_TxMailbox0CompleteCallback
                0x0000000008046e54       0x14 ./Drivers/STM32F7xx_HAL_Driver/stm32f7xx_hal_can.o
                0x0000000008046e54                HAL_CAN_TxMailbox0CompleteCallback
 .text.HAL_CAN_TxMailbox1CompleteCallback
                0x0000000008046e68       0x14 ./Drivers/STM32F7xx_HAL_Driver/stm32f7xx_hal_can.o
                0x0000000008046e68                HAL_CAN_TxMailbox1CompleteCallback
 .text.HAL_CAN_TxMailbox2CompleteCallback
                0x0000000008046e7c       0x14 ./Drivers/STM32F7xx_HAL_Driver/stm32f7xx_hal_can.o
                0x0000000008046e7c                HAL_CAN_TxMailbox2CompleteCallback
 .text.HAL_CAN_TxMailbox0AbortCallback
                0x0000000008046e90       0x14 ./Drivers/STM32F7xx_HAL_Driver/stm32f7xx_hal_can.o
                0x0000000008046e90                HAL_CAN_TxMailbox0AbortCallback
 .text.HAL_CAN_TxMailbox1AbortCallback
                0x0000000008046ea4       0x14 ./Drivers/STM32F7xx_HAL_Driver/stm32f7xx_hal_can.o
                0x0000000008046ea4                HAL_CAN_TxMailbox1AbortCallback
 .text.HAL_CAN_TxMailbox2AbortCallback
                0x0000000008046eb8       0x14 ./Drivers/STM32F7xx_HAL_Driver/stm32f7xx_hal_can.o
                0x0000000008046eb8                HAL_CAN_TxMailbox2AbortCallback
 .text.HAL_CAN_RxFifo0FullCallback
                0x0000000008046ecc       0x14 ./Drivers/STM32F7xx_HAL_Driver/stm32f7xx_hal_can.o
                0x0000000008046ecc                HAL_CAN_RxFifo0FullCallback
 .text.HAL_CAN_RxFifo1MsgPendingCallback
                0x0000000008046ee0       0x14 ./Drivers/STM32F7xx_HAL_Driver/stm32f7xx_hal_can.o
                0x0000000008046ee0                HAL_CAN_RxFifo1MsgPendingCallback
 .text.HAL_CAN_RxFifo1FullCallback
                0x0000000008046ef4       0x14 ./Drivers/STM32F7xx_HAL_Driver/stm32f7xx_hal_can.o
                0x0000000008046ef4                HAL_CAN_RxFifo1FullCallback
 .text.HAL_CAN_SleepCallback
                0x0000000008046f08       0x14 ./Drivers/STM32F7xx_HAL_Driver/stm32f7xx_hal_can.o
                0x0000000008046f08                HAL_CAN_SleepCallback
 .text.HAL_CAN_WakeUpFromRxMsgCallback
                0x0000000008046f1c       0x14 ./Drivers/STM32F7xx_HAL_Driver/stm32f7xx_hal_can.o
                0x0000000008046f1c                HAL_CAN_WakeUpFromRxMsgCallback
 .text.HAL_CAN_ErrorCallback
                0x0000000008046f30       0x14 ./Drivers/STM32F7xx_HAL_Driver/stm32f7xx_hal_can.o
                0x0000000008046f30                HAL_CAN_ErrorCallback
 .text.__NVIC_SetPriorityGrouping
                0x0000000008046f44       0x48 ./Drivers/STM32F7xx_HAL_Driver/stm32f7xx_hal_cortex.o
 .text.__NVIC_GetPriorityGrouping
                0x0000000008046f8c       0x1c ./Drivers/STM32F7xx_HAL_Driver/stm32f7xx_hal_cortex.o
 .text.__NVIC_EnableIRQ
                0x0000000008046fa8       0x3c ./Drivers/STM32F7xx_HAL_Driver/stm32f7xx_hal_cortex.o
 .text.__NVIC_SetPriority
                0x0000000008046fe4       0x54 ./Drivers/STM32F7xx_HAL_Driver/stm32f7xx_hal_cortex.o
 .text.NVIC_EncodePriority
                0x0000000008047038       0x66 ./Drivers/STM32F7xx_HAL_Driver/stm32f7xx_hal_cortex.o
 .text.HAL_NVIC_SetPriorityGrouping
                0x000000000804709e       0x16 ./Drivers/STM32F7xx_HAL_Driver/stm32f7xx_hal_cortex.o
                0x000000000804709e                HAL_NVIC_SetPriorityGrouping
 .text.HAL_NVIC_SetPriority
                0x00000000080470b4       0x38 ./Drivers/STM32F7xx_HAL_Driver/stm32f7xx_hal_cortex.o
                0x00000000080470b4                HAL_NVIC_SetPriority
 .text.HAL_NVIC_EnableIRQ
                0x00000000080470ec       0x1c ./Drivers/STM32F7xx_HAL_Driver/stm32f7xx_hal_cortex.o
                0x00000000080470ec                HAL_NVIC_EnableIRQ
 .text.HAL_DMA_Init
                0x0000000008047108      0x15c ./Drivers/STM32F7xx_HAL_Driver/stm32f7xx_hal_dma.o
                0x0000000008047108                HAL_DMA_Init
 .text.HAL_DMA_Start
                0x0000000008047264       0x76 ./Drivers/STM32F7xx_HAL_Driver/stm32f7xx_hal_dma.o
                0x0000000008047264                HAL_DMA_Start
 .text.HAL_DMA_Start_IT
                0x00000000080472da       0xc0 ./Drivers/STM32F7xx_HAL_Driver/stm32f7xx_hal_dma.o
                0x00000000080472da                HAL_DMA_Start_IT
 .text.HAL_DMA_Abort
                0x000000000804739a       0xe0 ./Drivers/STM32F7xx_HAL_Driver/stm32f7xx_hal_dma.o
                0x000000000804739a                HAL_DMA_Abort
 .text.HAL_DMA_Abort_IT
                0x000000000804747a       0x44 ./Drivers/STM32F7xx_HAL_Driver/stm32f7xx_hal_dma.o
                0x000000000804747a                HAL_DMA_Abort_IT
 *fill*         0x00000000080474be        0x2 
 .text.HAL_DMA_IRQHandler
                0x00000000080474c0      0x314 ./Drivers/STM32F7xx_HAL_Driver/stm32f7xx_hal_dma.o
                0x00000000080474c0                HAL_DMA_IRQHandler
 .text.HAL_DMA_GetState
                0x00000000080477d4       0x1c ./Drivers/STM32F7xx_HAL_Driver/stm32f7xx_hal_dma.o
                0x00000000080477d4                HAL_DMA_GetState
 .text.DMA_SetConfig
                0x00000000080477f0       0x5c ./Drivers/STM32F7xx_HAL_Driver/stm32f7xx_hal_dma.o
 .text.DMA_CalcBaseAndBitshift
                0x000000000804784c       0x6c ./Drivers/STM32F7xx_HAL_Driver/stm32f7xx_hal_dma.o
 .text.DMA_CheckFifoParam
                0x00000000080478b8       0xf8 ./Drivers/STM32F7xx_HAL_Driver/stm32f7xx_hal_dma.o
 .text.HAL_ETH_Init
                0x00000000080479b0      0x134 ./Drivers/STM32F7xx_HAL_Driver/stm32f7xx_hal_eth.o
                0x00000000080479b0                HAL_ETH_Init
 .text.HAL_ETH_MspInit
                0x0000000008047ae4       0x14 ./Drivers/STM32F7xx_HAL_Driver/stm32f7xx_hal_eth.o
                0x0000000008047ae4                HAL_ETH_MspInit
 .text.HAL_ETH_Transmit_IT
                0x0000000008047af8       0xb8 ./Drivers/STM32F7xx_HAL_Driver/stm32f7xx_hal_eth.o
                0x0000000008047af8                HAL_ETH_Transmit_IT
 .text.HAL_ETH_ReadData
                0x0000000008047bb0      0x17e ./Drivers/STM32F7xx_HAL_Driver/stm32f7xx_hal_eth.o
                0x0000000008047bb0                HAL_ETH_ReadData
 *fill*         0x0000000008047d2e        0x2 
 .text.ETH_UpdateDescriptor
                0x0000000008047d30      0x108 ./Drivers/STM32F7xx_HAL_Driver/stm32f7xx_hal_eth.o
 .text.HAL_ETH_ReleaseTxPacket
                0x0000000008047e38       0xc6 ./Drivers/STM32F7xx_HAL_Driver/stm32f7xx_hal_eth.o
                0x0000000008047e38                HAL_ETH_ReleaseTxPacket
 *fill*         0x0000000008047efe        0x2 
 .text.HAL_ETH_IRQHandler
                0x0000000008047f00      0x164 ./Drivers/STM32F7xx_HAL_Driver/stm32f7xx_hal_eth.o
                0x0000000008047f00                HAL_ETH_IRQHandler
 .text.HAL_ETH_PMTCallback
                0x0000000008048064       0x14 ./Drivers/STM32F7xx_HAL_Driver/stm32f7xx_hal_eth.o
                0x0000000008048064                HAL_ETH_PMTCallback
 .text.HAL_ETH_WakeUpCallback
                0x0000000008048078       0x14 ./Drivers/STM32F7xx_HAL_Driver/stm32f7xx_hal_eth.o
                0x0000000008048078                HAL_ETH_WakeUpCallback
 .text.HAL_ETH_GetDMAError
                0x000000000804808c       0x1a ./Drivers/STM32F7xx_HAL_Driver/stm32f7xx_hal_eth.o
                0x000000000804808c                HAL_ETH_GetDMAError
 *fill*         0x00000000080480a6        0x2 
 .text.ETH_SetMACConfig
                0x00000000080480a8      0x168 ./Drivers/STM32F7xx_HAL_Driver/stm32f7xx_hal_eth.o
 .text.ETH_SetDMAConfig
                0x0000000008048210      0x114 ./Drivers/STM32F7xx_HAL_Driver/stm32f7xx_hal_eth.o
 .text.ETH_MACDMAConfig
                0x0000000008048324       0xea ./Drivers/STM32F7xx_HAL_Driver/stm32f7xx_hal_eth.o
 *fill*         0x000000000804840e        0x2 
 .text.ETH_MACAddressConfig
                0x0000000008048410       0x70 ./Drivers/STM32F7xx_HAL_Driver/stm32f7xx_hal_eth.o
 .text.ETH_DMATxDescListInit
                0x0000000008048480       0xb2 ./Drivers/STM32F7xx_HAL_Driver/stm32f7xx_hal_eth.o
 .text.ETH_DMARxDescListInit
                0x0000000008048532       0xde ./Drivers/STM32F7xx_HAL_Driver/stm32f7xx_hal_eth.o
 .text.ETH_Prepare_Tx_Descriptors
                0x0000000008048610      0x28c ./Drivers/STM32F7xx_HAL_Driver/stm32f7xx_hal_eth.o
 .text.HAL_FLASH_Program
                0x000000000804889c       0xb8 ./Drivers/STM32F7xx_HAL_Driver/stm32f7xx_hal_flash.o
                0x000000000804889c                HAL_FLASH_Program
 .text.HAL_FLASH_Unlock
                0x0000000008048954       0x44 ./Drivers/STM32F7xx_HAL_Driver/stm32f7xx_hal_flash.o
                0x0000000008048954                HAL_FLASH_Unlock
 .text.HAL_FLASH_Lock
                0x0000000008048998       0x20 ./Drivers/STM32F7xx_HAL_Driver/stm32f7xx_hal_flash.o
                0x0000000008048998                HAL_FLASH_Lock
 .text.FLASH_WaitForLastOperation
                0x00000000080489b8       0x80 ./Drivers/STM32F7xx_HAL_Driver/stm32f7xx_hal_flash.o
                0x00000000080489b8                FLASH_WaitForLastOperation
 .text.FLASH_Program_DoubleWord
                0x0000000008048a38       0x6c ./Drivers/STM32F7xx_HAL_Driver/stm32f7xx_hal_flash.o
 .text.FLASH_Program_Word
                0x0000000008048aa4       0x4c ./Drivers/STM32F7xx_HAL_Driver/stm32f7xx_hal_flash.o
 .text.FLASH_Program_HalfWord
                0x0000000008048af0       0x4c ./Drivers/STM32F7xx_HAL_Driver/stm32f7xx_hal_flash.o
 .text.FLASH_Program_Byte
                0x0000000008048b3c       0x48 ./Drivers/STM32F7xx_HAL_Driver/stm32f7xx_hal_flash.o
 .text.FLASH_SetErrorCode
                0x0000000008048b84       0x94 ./Drivers/STM32F7xx_HAL_Driver/stm32f7xx_hal_flash.o
 .text.HAL_FLASHEx_Erase
                0x0000000008048c18       0xe0 ./Drivers/STM32F7xx_HAL_Driver/stm32f7xx_hal_flash_ex.o
                0x0000000008048c18                HAL_FLASHEx_Erase
 .text.FLASH_MassErase
                0x0000000008048cf8       0x78 ./Drivers/STM32F7xx_HAL_Driver/stm32f7xx_hal_flash_ex.o
 .text.FLASH_Erase_Sector
                0x0000000008048d70       0xa4 ./Drivers/STM32F7xx_HAL_Driver/stm32f7xx_hal_flash_ex.o
                0x0000000008048d70                FLASH_Erase_Sector
 .text.HAL_GPIO_Init
                0x0000000008048e14      0x358 ./Drivers/STM32F7xx_HAL_Driver/stm32f7xx_hal_gpio.o
                0x0000000008048e14                HAL_GPIO_Init
 .text.HAL_GPIO_ReadPin
                0x000000000804916c       0x30 ./Drivers/STM32F7xx_HAL_Driver/stm32f7xx_hal_gpio.o
                0x000000000804916c                HAL_GPIO_ReadPin
 .text.HAL_GPIO_WritePin
                0x000000000804919c       0x32 ./Drivers/STM32F7xx_HAL_Driver/stm32f7xx_hal_gpio.o
                0x000000000804919c                HAL_GPIO_WritePin
 .text.HAL_IWDG_Init
                0x00000000080491ce       0x9e ./Drivers/STM32F7xx_HAL_Driver/stm32f7xx_hal_iwdg.o
                0x00000000080491ce                HAL_IWDG_Init
 .text.HAL_IWDG_Refresh
                0x000000000804926c       0x20 ./Drivers/STM32F7xx_HAL_Driver/stm32f7xx_hal_iwdg.o
                0x000000000804926c                HAL_IWDG_Refresh
 .text.HAL_PWR_EnableBkUpAccess
                0x000000000804928c       0x20 ./Drivers/STM32F7xx_HAL_Driver/stm32f7xx_hal_pwr.o
                0x000000000804928c                HAL_PWR_EnableBkUpAccess
 .text.HAL_PWREx_EnableOverDrive
                0x00000000080492ac       0xa0 ./Drivers/STM32F7xx_HAL_Driver/stm32f7xx_hal_pwr_ex.o
                0x00000000080492ac                HAL_PWREx_EnableOverDrive
 .text.HAL_RCC_OscConfig
                0x000000000804934c      0x55c ./Drivers/STM32F7xx_HAL_Driver/stm32f7xx_hal_rcc.o
                0x000000000804934c                HAL_RCC_OscConfig
 .text.HAL_RCC_ClockConfig
                0x00000000080498a8      0x1d8 ./Drivers/STM32F7xx_HAL_Driver/stm32f7xx_hal_rcc.o
                0x00000000080498a8                HAL_RCC_ClockConfig
 .text.HAL_RCC_GetSysClockFreq
                0x0000000008049a80      0x18c ./Drivers/STM32F7xx_HAL_Driver/stm32f7xx_hal_rcc.o
                0x0000000008049a80                HAL_RCC_GetSysClockFreq
 .text.HAL_RCC_GetHCLKFreq
                0x0000000008049c0c       0x18 ./Drivers/STM32F7xx_HAL_Driver/stm32f7xx_hal_rcc.o
                0x0000000008049c0c                HAL_RCC_GetHCLKFreq
 .text.HAL_RCC_GetPCLK1Freq
                0x0000000008049c24       0x28 ./Drivers/STM32F7xx_HAL_Driver/stm32f7xx_hal_rcc.o
                0x0000000008049c24                HAL_RCC_GetPCLK1Freq
 .text.HAL_RCC_GetPCLK2Freq
                0x0000000008049c4c       0x28 ./Drivers/STM32F7xx_HAL_Driver/stm32f7xx_hal_rcc.o
                0x0000000008049c4c                HAL_RCC_GetPCLK2Freq
 .text.HAL_RCC_GetClockConfig
                0x0000000008049c74       0x64 ./Drivers/STM32F7xx_HAL_Driver/stm32f7xx_hal_rcc.o
                0x0000000008049c74                HAL_RCC_GetClockConfig
 .text.HAL_RCCEx_PeriphCLKConfig
                0x0000000008049cd8      0x850 ./Drivers/STM32F7xx_HAL_Driver/stm32f7xx_hal_rcc_ex.o
                0x0000000008049cd8                HAL_RCCEx_PeriphCLKConfig
 .text.HAL_TIM_Base_Init
                0x000000000804a528       0xae ./Drivers/STM32F7xx_HAL_Driver/stm32f7xx_hal_tim.o
                0x000000000804a528                HAL_TIM_Base_Init
 *fill*         0x000000000804a5d6        0x2 
 .text.HAL_TIM_Base_Start_IT
                0x000000000804a5d8       0xf0 ./Drivers/STM32F7xx_HAL_Driver/stm32f7xx_hal_tim.o
                0x000000000804a5d8                HAL_TIM_Base_Start_IT
 .text.HAL_TIM_Base_Stop_IT
                0x000000000804a6c8       0x5e ./Drivers/STM32F7xx_HAL_Driver/stm32f7xx_hal_tim.o
                0x000000000804a6c8                HAL_TIM_Base_Stop_IT
 .text.HAL_TIM_PWM_Init
                0x000000000804a726       0xae ./Drivers/STM32F7xx_HAL_Driver/stm32f7xx_hal_tim.o
                0x000000000804a726                HAL_TIM_PWM_Init
 .text.HAL_TIM_PWM_Start
                0x000000000804a7d4      0x1f4 ./Drivers/STM32F7xx_HAL_Driver/stm32f7xx_hal_tim.o
                0x000000000804a7d4                HAL_TIM_PWM_Start
 .text.HAL_TIM_PWM_Stop
                0x000000000804a9c8      0x100 ./Drivers/STM32F7xx_HAL_Driver/stm32f7xx_hal_tim.o
                0x000000000804a9c8                HAL_TIM_PWM_Stop
 .text.HAL_TIM_IC_Init
                0x000000000804aac8       0xae ./Drivers/STM32F7xx_HAL_Driver/stm32f7xx_hal_tim.o
                0x000000000804aac8                HAL_TIM_IC_Init
 *fill*         0x000000000804ab76        0x2 
 .text.HAL_TIM_IC_Start_IT
                0x000000000804ab78      0x2a0 ./Drivers/STM32F7xx_HAL_Driver/stm32f7xx_hal_tim.o
                0x000000000804ab78                HAL_TIM_IC_Start_IT
 .text.HAL_TIM_IRQHandler
                0x000000000804ae18      0x20e ./Drivers/STM32F7xx_HAL_Driver/stm32f7xx_hal_tim.o
                0x000000000804ae18                HAL_TIM_IRQHandler
 .text.HAL_TIM_IC_ConfigChannel
                0x000000000804b026      0x138 ./Drivers/STM32F7xx_HAL_Driver/stm32f7xx_hal_tim.o
                0x000000000804b026                HAL_TIM_IC_ConfigChannel
 *fill*         0x000000000804b15e        0x2 
 .text.HAL_TIM_PWM_ConfigChannel
                0x000000000804b160      0x228 ./Drivers/STM32F7xx_HAL_Driver/stm32f7xx_hal_tim.o
                0x000000000804b160                HAL_TIM_PWM_ConfigChannel
 .text.HAL_TIM_SlaveConfigSynchro
                0x000000000804b388       0x84 ./Drivers/STM32F7xx_HAL_Driver/stm32f7xx_hal_tim.o