D:/LZX/WorkSpace/01_AGV/ufo_project_new/AebToCan/LWIP/Target/ethernetif.c:319:14:low_level_output	64	static
D:/LZX/WorkSpace/01_AGV/ufo_project_new/AebToCan/LWIP/Target/ethernetif.c:660:6:RMII_Thread	8	static
D:/LZX/WorkSpace/01_AGV/ufo_project_new/AebToCan/LWIP/Target/ethernetif.c:506:6:pbuf_free_custom	8	static
D:/LZX/WorkSpace/01_AGV/ufo_project_new/AebToCan/LWIP/Target/ethernetif.c:398:13:ethernetif_input	40	static
D:/LZX/WorkSpace/01_AGV/ufo_project_new/AebToCan/LWIP/Target/ethernetif.c:152:6:HAL_ETH_RxCpltCallback	0	static
D:/LZX/WorkSpace/01_AGV/ufo_project_new/AebToCan/LWIP/Target/ethernetif.c:161:6:HAL_ETH_TxCpltCallback	0	static
D:/LZX/WorkSpace/01_AGV/ufo_project_new/AebToCan/LWIP/Target/ethernetif.c:170:6:HAL_ETH_ErrorCallback	8	static
D:/LZX/WorkSpace/01_AGV/ufo_project_new/AebToCan/LWIP/Target/ethernetif.c:455:7:ethernetif_init	104	static
D:/LZX/WorkSpace/01_AGV/ufo_project_new/AebToCan/LWIP/Target/ethernetif.c:529:7:sys_jiffies	0	static
D:/LZX/WorkSpace/01_AGV/ufo_project_new/AebToCan/LWIP/Target/ethernetif.c:540:7:sys_now	0	static
D:/LZX/WorkSpace/01_AGV/ufo_project_new/AebToCan/LWIP/Target/ethernetif.c:556:6:ethernet_link_thread	8	static
D:/LZX/WorkSpace/01_AGV/ufo_project_new/AebToCan/LWIP/Target/ethernetif.c:574:6:HAL_ETH_RxAllocateCallback	16	static
D:/LZX/WorkSpace/01_AGV/ufo_project_new/AebToCan/LWIP/Target/ethernetif.c:596:6:HAL_ETH_RxLinkCallback	12	static,ignoring_inline_asm
D:/LZX/WorkSpace/01_AGV/ufo_project_new/AebToCan/LWIP/Target/ethernetif.c:636:6:HAL_ETH_TxFreeCallback	0	static
D:/LZX/WorkSpace/01_AGV/ufo_project_new/AebToCan/LWIP/Target/ethernetif.c:651:13:ethernetif_notify_conn_changed	0	static
