D:/svn/MCU/trunk/ufo_project_new/AebToCan/LWIP/Target/ethernetif.c:339:14:low_level_output	48	static
D:/svn/MCU/trunk/ufo_project_new/AebToCan/LWIP/Target/ethernetif.c:512:6:ethernetif_input	48	static
D:/svn/MCU/trunk/ufo_project_new/AebToCan/LWIP/Target/ethernetif.c:88:6:HAL_ETH_MspInit	80	static
D:/svn/MCU/trunk/ufo_project_new/AebToCan/LWIP/Target/ethernetif.c:161:6:HAL_ETH_MspDeInit	8	static
D:/svn/MCU/trunk/ufo_project_new/AebToCan/LWIP/Target/ethernetif.c:204:6:HAL_ETH_RxCpltCallback	0	static
D:/svn/MCU/trunk/ufo_project_new/AebToCan/LWIP/Target/ethernetif.c:571:7:ethernetif_init	72	static
D:/svn/MCU/trunk/ufo_project_new/AebToCan/LWIP/Target/ethernetif.c:618:7:sys_jiffies	0	static
D:/svn/MCU/trunk/ufo_project_new/AebToCan/LWIP/Target/ethernetif.c:629:7:sys_now	0	static
D:/svn/MCU/trunk/ufo_project_new/AebToCan/LWIP/Target/ethernetif.c:641:6:ethernetif_set_link	24	static
D:/svn/MCU/trunk/ufo_project_new/AebToCan/LWIP/Target/ethernetif.c:770:13:ethernetif_notify_conn_changed	0	static
D:/svn/MCU/trunk/ufo_project_new/AebToCan/LWIP/Target/ethernetif.c:682:6:ethernetif_update_config	24	static
