../../Drivers/CMSIS/Include/core_cm7.h:2427:22:SCB_CleanInvalidateDCache	16	static,ignoring_inline_asm
D:/svn/MCU/trunk/ufo_project_new/AebToCan/App/flash_access.c:29:10:FlashReadWord	0	static
D:/svn/MCU/trunk/ufo_project_new/AebToCan/App/flash_access.c:40:10:FlashGetFlashSector	0	static
D:/svn/MCU/trunk/ufo_project_new/AebToCan/App/flash_access.c:60:19:FlashWrite	64	static
D:/svn/MCU/trunk/ufo_project_new/AebToCan/App/flash_access.c:124:6:FlashRead	0	static
D:/svn/MCU/trunk/ufo_project_new/AebToCan/App/flash_access.c:141:19:FlashBlockIsBland	0	static
D:/svn/MCU/trunk/ufo_project_new/AebToCan/App/flash_access.c:174:6:FlashWriteConfigurePara	24	static
D:/svn/MCU/trunk/ufo_project_new/AebToCan/App/flash_access.c:225:6:FlashWriteMotorPara	24	static
D:/svn/MCU/trunk/ufo_project_new/AebToCan/App/flash_access.c:242:6:FlashReadConfigurePara	16	static
D:/svn/MCU/trunk/ufo_project_new/AebToCan/App/flash_access.c:311:6:FlashReadMotorPara	24	static
D:/svn/MCU/trunk/ufo_project_new/AebToCan/App/flash_access.c:369:6:WifiNormalRespond	216	static
D:/svn/MCU/trunk/ufo_project_new/AebToCan/App/flash_access.c:623:19:FlashErase	56	static
D:/svn/MCU/trunk/ufo_project_new/AebToCan/App/flash_access.c:673:19:FlashCopy	32	static
D:/svn/MCU/trunk/ufo_project_new/AebToCan/App/flash_access.c:732:6:PrintfAllHistoryError	64	static
D:/svn/MCU/trunk/ufo_project_new/AebToCan/App/flash_access.c:392:6:UsartWriteFlashConfigureParas	16	static
D:/svn/MCU/trunk/ufo_project_new/AebToCan/App/flash_access.c:782:6:PrintfUfoVerAndSn	0	static
D:/svn/MCU/trunk/ufo_project_new/AebToCan/App/flash_access.c:795:6:PrintfHardwareType	16	static
D:/svn/MCU/trunk/ufo_project_new/AebToCan/App/flash_access.c:812:6:IAPNormalRespond	16	static
D:/svn/MCU/trunk/ufo_project_new/AebToCan/App/flash_access.c:837:6:IAPCmdMSgDeal	32	static
D:/svn/MCU/trunk/ufo_project_new/AebToCan/App/flash_access.c:996:6:UpdateHistoryError	16	static
D:/svn/MCU/trunk/ufo_project_new/AebToCan/App/flash_access.c:1027:6:WriteFlashConfigureParasProcess	24	static
