D:/svn/MCU/trunk/ufo_project_new/AebToCan/App/motor_control.c:1080:13:SetDriveMotorTargetValue	32	static
D:/svn/MCU/trunk/ufo_project_new/AebToCan/App/motor_control.c:3642:26:GetMotorSpeed	64	static
D:/svn/MCU/trunk/ufo_project_new/AebToCan/App/motor_control.c:8319:13:TestMotorDataUploadProcess	56	static
D:/svn/MCU/trunk/ufo_project_new/AebToCan/App/motor_control.c:1898:6:ClearErrorCode.part.0	8	static
D:/svn/MCU/trunk/ufo_project_new/AebToCan/App/motor_control.c:267:6:ChangeMotorCurRunMode	32	static
D:/svn/MCU/trunk/ufo_project_new/AebToCan/App/motor_control.c:853:6:ChangeMotorControlMode	16	static
D:/svn/MCU/trunk/ufo_project_new/AebToCan/App/motor_control.c:912:19:ChangeMotorTargetValue	32	static
D:/svn/MCU/trunk/ufo_project_new/AebToCan/App/motor_control.c:1729:6:SetErrorInfo	16	static
D:/svn/MCU/trunk/ufo_project_new/AebToCan/App/motor_control.c:1769:6:PrintErrorInfo	48	static
D:/svn/MCU/trunk/ufo_project_new/AebToCan/App/motor_control.c:1821:6:SetErrorCode	32	static
D:/svn/MCU/trunk/ufo_project_new/AebToCan/App/motor_control.c:1344:13:ChangeDriveMotorControlMode	56	static
D:/svn/MCU/trunk/ufo_project_new/AebToCan/App/motor_control.c:600:13:GetMotorStatus	40	static
D:/svn/MCU/trunk/ufo_project_new/AebToCan/App/motor_control.c:1898:6:ClearErrorCode	16	static
D:/svn/MCU/trunk/ufo_project_new/AebToCan/App/motor_control.c:2219:6:SetMotorPower	24	static
D:/svn/MCU/trunk/ufo_project_new/AebToCan/App/motor_control.c:481:13:MotorsPowerCheck	48	static
D:/svn/MCU/trunk/ufo_project_new/AebToCan/App/motor_control.c:2376:6:SetMotorLock	16	static
D:/svn/MCU/trunk/ufo_project_new/AebToCan/App/motor_control.c:121:6:InitMotorPara	80	static
D:/svn/MCU/trunk/ufo_project_new/AebToCan/App/motor_control.c:2684:13:ProcessMotorRunModePowerOff	48	static
D:/svn/MCU/trunk/ufo_project_new/AebToCan/App/motor_control.c:2463:9:ConvertAngleToCounts	24	static
D:/svn/MCU/trunk/ufo_project_new/AebToCan/App/motor_control.c:2487:9:GetSlopeSpeed	48	static
D:/svn/MCU/trunk/ufo_project_new/AebToCan/App/motor_control.c:2790:6:ProcessMotorRunModeHomming	120	static
D:/svn/MCU/trunk/ufo_project_new/AebToCan/App/motor_control.c:3417:19:ReadMotorAngle	24	static
D:/svn/MCU/trunk/ufo_project_new/AebToCan/App/motor_control.c:3443:9:CollectCurrent	560	static
D:/svn/MCU/trunk/ufo_project_new/AebToCan/App/motor_control.c:3547:5:SearchMinValue	8	static
D:/svn/MCU/trunk/ufo_project_new/AebToCan/App/motor_control.c:3570:5:GetMidValue	36	static
D:/svn/MCU/trunk/ufo_project_new/AebToCan/App/motor_control.c:4069:6:CalAvaAccAndCurrent	8	static
D:/svn/MCU/trunk/ufo_project_new/AebToCan/App/motor_control.c:4105:6:AutoLearnAccCurrent	40	static
D:/svn/MCU/trunk/ufo_project_new/AebToCan/App/motor_control.c:4149:6:SetVelStateSwitchDeal	40	static
D:/svn/MCU/trunk/ufo_project_new/AebToCan/App/motor_control.c:4339:6:RecordMotorVelAndAcc	48	static
D:/svn/MCU/trunk/ufo_project_new/AebToCan/App/motor_control.c:4443:6:RecordCarSetVelAndAcc	32	static
D:/svn/MCU/trunk/ufo_project_new/AebToCan/App/motor_control.c:360:13:SetMotorRunModeDataForce.part.0	48	static
D:/svn/MCU/trunk/ufo_project_new/AebToCan/App/motor_control.c:360:13:SetMotorRunModeDataForce	24	static
D:/svn/MCU/trunk/ufo_project_new/AebToCan/App/motor_control.c:458:6:SetMotorRunModeData.part.0	0	static
D:/svn/MCU/trunk/ufo_project_new/AebToCan/App/motor_control.c:458:6:SetMotorRunModeData	0	static
D:/svn/MCU/trunk/ufo_project_new/AebToCan/App/motor_control.c:1948:6:ErrorAutoStopCmd	32	static
D:/svn/MCU/trunk/ufo_project_new/AebToCan/App/motor_control.c:2059:13:ErrorDealAndRecovery	48	static
D:/svn/MCU/trunk/ufo_project_new/AebToCan/App/motor_control.c:4516:6:RecordCarNavVelAndAcc	40	static
D:/svn/MCU/trunk/ufo_project_new/AebToCan/App/motor_control.c:4580:6:MotorSkidJudge	16	static
D:/svn/MCU/trunk/ufo_project_new/AebToCan/App/motor_control.c:4634:6:MotorOverloaderUpdateIndex	16	static
D:/svn/MCU/trunk/ufo_project_new/AebToCan/App/motor_control.c:4691:6:MotorOverloaderJudge	40	static
D:/svn/MCU/trunk/ufo_project_new/AebToCan/App/motor_control.c:4832:6:MotorOverLoaderWaitRecovery	32	static
D:/svn/MCU/trunk/ufo_project_new/AebToCan/App/motor_control.c:5036:11:NavNegativeDirJudge	56	static
D:/svn/MCU/trunk/ufo_project_new/AebToCan/App/motor_control.c:5168:6:GetMotorAndNavFilterVel	96	static
D:/svn/MCU/trunk/ufo_project_new/AebToCan/App/motor_control.c:5505:9:WheelDeffTarSetVelCal	24	static
D:/svn/MCU/trunk/ufo_project_new/AebToCan/App/motor_control.c:6235:6:PIDBrakeAdjust	28	static
D:/svn/MCU/trunk/ufo_project_new/AebToCan/App/motor_control.c:6301:6:ProcessMotorRunModePos	40	static
D:/svn/MCU/trunk/ufo_project_new/AebToCan/App/motor_control.c:6700:6:ProcessMotorRunModeStop	24	static
D:/svn/MCU/trunk/ufo_project_new/AebToCan/App/motor_control.c:6857:6:ProcessMotorRunModeSpeed	32	static
D:/svn/MCU/trunk/ufo_project_new/AebToCan/App/motor_control.c:7132:6:ProcessMotorRunModeCurrent	56	static
D:/svn/MCU/trunk/ufo_project_new/AebToCan/App/motor_control.c:7397:6:ProcessMotorRunModeCurrentPos	40	static
D:/svn/MCU/trunk/ufo_project_new/AebToCan/App/motor_control.c:7587:6:LowVoltageCheck	24	static
D:/svn/MCU/trunk/ufo_project_new/AebToCan/App/motor_control.c:7726:6:MotorPosCalCarPos	16	static
D:/svn/MCU/trunk/ufo_project_new/AebToCan/App/motor_control.c:7772:6:MotorReadStep	64	static
D:/svn/MCU/trunk/ufo_project_new/AebToCan/App/motor_control.c:8056:6:MotorReachTargetPosJudge	32	static
D:/svn/MCU/trunk/ufo_project_new/AebToCan/App/motor_control.c:8107:6:MotorControlEntry	376	static
D:/svn/MCU/trunk/ufo_project_new/AebToCan/App/motor_control.c:8248:6:TestUfoControl	40	static
D:/svn/MCU/trunk/ufo_project_new/AebToCan/App/motor_control.c:8379:6:PrintfMotorStaus	64	static
D:/svn/MCU/trunk/ufo_project_new/AebToCan/App/motor_control.c:8409:6:OldTestRevCmdAnalysis	24	static
