D:/svn/MCU/trunk/ufo_project_new/AebToCan/App/motor_driven.c:445:26:MotorCanDeviceWrite	16	static
D:/svn/MCU/trunk/ufo_project_new/AebToCan/App/motor_driven.c:51:10:GetMotorNumFromId	8	static
D:/svn/MCU/trunk/ufo_project_new/AebToCan/App/motor_driven.c:73:12:MotorCheckReadData	24	static
D:/svn/MCU/trunk/ufo_project_new/AebToCan/App/motor_driven.c:481:17:MotorCanDeviceRead	24	static
D:/svn/MCU/trunk/ufo_project_new/AebToCan/App/motor_driven.c:531:6:MotorReadProcess	32	static
D:/svn/MCU/trunk/ufo_project_new/AebToCan/App/motor_driven.c:559:10:SetEposNMTState	40	static
D:/svn/MCU/trunk/ufo_project_new/AebToCan/App/motor_driven.c:578:6:MotorOperationModeExchange	0	static
D:/svn/MCU/trunk/ufo_project_new/AebToCan/App/motor_driven.c:655:10:MotorSetOperationMode	48	static
D:/svn/MCU/trunk/ufo_project_new/AebToCan/App/motor_driven.c:725:10:MotorGetOperationMode	64	static
D:/svn/MCU/trunk/ufo_project_new/AebToCan/App/motor_driven.c:783:6:MotorControlCmdExchange	0	static
D:/svn/MCU/trunk/ufo_project_new/AebToCan/App/motor_driven.c:807:10:MotorDeviceControlCmd	48	static
D:/svn/MCU/trunk/ufo_project_new/AebToCan/App/motor_driven.c:865:10:MotorDeviceControlCmdWithJudge	72	static
D:/svn/MCU/trunk/ufo_project_new/AebToCan/App/motor_driven.c:1025:10:MotorGetTargetVelocity	80	static
D:/svn/MCU/trunk/ufo_project_new/AebToCan/App/motor_driven.c:920:10:MotorSetTargetVelocity	72	static
D:/svn/MCU/trunk/ufo_project_new/AebToCan/App/motor_driven.c:1140:10:MotorGetTargetPosition	72	static
D:/svn/MCU/trunk/ufo_project_new/AebToCan/App/motor_driven.c:1064:10:MotorSetTargetPosition	72	static
D:/svn/MCU/trunk/ufo_project_new/AebToCan/App/motor_driven.c:1170:10:MotorSetTargetCurrent	80	static
D:/svn/MCU/trunk/ufo_project_new/AebToCan/App/motor_driven.c:1258:10:MotorSetProfileVelocity	64	static
D:/svn/MCU/trunk/ufo_project_new/AebToCan/App/motor_driven.c:1327:10:MotorSetProfileAcc	72	static
D:/svn/MCU/trunk/ufo_project_new/AebToCan/App/motor_driven.c:1396:10:MotorSetProfileDec	64	static
D:/svn/MCU/trunk/ufo_project_new/AebToCan/App/motor_driven.c:1463:10:MotorSetHomingMethod	40	static
D:/svn/MCU/trunk/ufo_project_new/AebToCan/App/motor_driven.c:1510:10:MotorGetHomingMethod	72	static
D:/svn/MCU/trunk/ufo_project_new/AebToCan/App/motor_driven.c:1539:10:MotorSetHomingPosition	64	static
D:/svn/MCU/trunk/ufo_project_new/AebToCan/App/motor_driven.c:1579:10:MotorSetHomingStallTorq	64	static
D:/svn/MCU/trunk/ufo_project_new/AebToCan/App/motor_driven.c:1613:10:MotorSetHomingStallTime	64	static
D:/svn/MCU/trunk/ufo_project_new/AebToCan/App/motor_driven.c:1649:10:MotorSetHomingVelocity	64	static
D:/svn/MCU/trunk/ufo_project_new/AebToCan/App/motor_driven.c:1683:10:MotorSetHomingAcc	64	static
D:/svn/MCU/trunk/ufo_project_new/AebToCan/App/motor_driven.c:1720:10:MotorSetAbortConnectionOptionCode	64	static
D:/svn/MCU/trunk/ufo_project_new/AebToCan/App/motor_driven.c:1765:10:MotorReadErrorCode	72	static
D:/svn/MCU/trunk/ufo_project_new/AebToCan/App/motor_driven.c:1821:10:MotorReadStatus	64	static
D:/svn/MCU/trunk/ufo_project_new/AebToCan/App/motor_driven.c:1879:10:MotorReadFDKWorkStatus	72	static
D:/svn/MCU/trunk/ufo_project_new/AebToCan/App/motor_driven.c:1908:10:MotorReadEnableStatus	72	static
D:/svn/MCU/trunk/ufo_project_new/AebToCan/App/motor_driven.c:1937:10:MotorSetMotorEnableStatus	40	static
D:/svn/MCU/trunk/ufo_project_new/AebToCan/App/motor_driven.c:1960:10:MotorSetMotorControlStatus	40	static
D:/svn/MCU/trunk/ufo_project_new/AebToCan/App/motor_driven.c:1984:10:MotorReadCurrentCmd	40	static
D:/svn/MCU/trunk/ufo_project_new/AebToCan/App/motor_driven.c:2012:10:MotorReadAvarageCurrentCmd	72	static
D:/svn/MCU/trunk/ufo_project_new/AebToCan/App/motor_driven.c:2094:10:MotorReadVelocity	72	static
D:/svn/MCU/trunk/ufo_project_new/AebToCan/App/motor_driven.c:2216:10:MotorReadPosition	64	static
D:/svn/MCU/trunk/ufo_project_new/AebToCan/App/motor_driven.c:2175:10:MotorSetCurActualPosition	72	static
D:/svn/MCU/trunk/ufo_project_new/AebToCan/App/motor_driven.c:2267:10:MotorReadIOStatus	72	static
D:/svn/MCU/trunk/ufo_project_new/AebToCan/App/motor_driven.c:2295:10:MotorSendReadStatus	40	static
D:/svn/MCU/trunk/ufo_project_new/AebToCan/App/motor_driven.c:2338:10:MotorSendReadControlStatus	40	static
D:/svn/MCU/trunk/ufo_project_new/AebToCan/App/motor_driven.c:2357:10:MotorSendReadAvarageCurrentCmd	40	static
D:/svn/MCU/trunk/ufo_project_new/AebToCan/App/motor_driven.c:2411:10:MotorSendReadPosCmd	40	static
D:/svn/MCU/trunk/ufo_project_new/AebToCan/App/motor_driven.c:2452:10:MotorSendReadVelocity	40	static
D:/svn/MCU/trunk/ufo_project_new/AebToCan/App/motor_driven.c:2487:10:MotorSendReadDriverTmpCmd	40	static
D:/svn/MCU/trunk/ufo_project_new/AebToCan/App/motor_driven.c:2546:10:MotorSendReadTmpCmd	40	static
D:/svn/MCU/trunk/ufo_project_new/AebToCan/App/motor_driven.c:2572:10:MotorSendReadVolCmd	40	static
D:/svn/MCU/trunk/ufo_project_new/AebToCan/App/motor_driven.c:2642:10:MotorCanSdoSet	48	static
D:/svn/MCU/trunk/ufo_project_new/AebToCan/App/motor_driven.c:2678:10:MotorCanSdoGet	72	static
D:/svn/MCU/trunk/ufo_project_new/AebToCan/App/motor_driven.c:2721:10:MotorCanDisableTransimitPdo	48	static
D:/svn/MCU/trunk/ufo_project_new/AebToCan/App/motor_driven.c:2763:6:TestMotorControl	32	static
