<!doctype html public "-//w3c//dtd html 4.0 transitional//en">
<html><head>
<title>Static Call Graph - [AebToCan\AebToCan.axf]</title></head>
<body><HR>
<H1>Static Call Graph for image AebToCan\AebToCan.axf</H1><HR>
<BR><P>#&#060CALLGRAPH&#062# ARM Linker, 5060750: Last Updated: Thu Jan 18 12:47:03 2024
<BR><P>
<H3>Maximum Stack Usage =       1588 bytes + Unknown(Cycles, Untraceable Function Pointers)</H3><H3>
Call chain for Maximum Stack Depth:</H3>
StartTaskMain &rArr; USART_ReceiveProcess &rArr; ParsingAccessCommand &rArr; rt_kprintf &rArr; rt_ksendData &rArr; usart_kprintf &rArr; UsartDeviceWrite &rArr;  rt_kprintf (Cycle)
<P>
<H3>
Mutually Recursive functions
</H3> <LI><a href="#[2c]">ADC_IRQHandler</a>&nbsp;&nbsp;&nbsp;&rArr;&nbsp;&nbsp;&nbsp;<a href="#[2c]">ADC_IRQHandler</a><BR>
 <LI><a href="#[fa]">UsartDeviceWrite</a>&nbsp;&nbsp;&nbsp;&rArr;&nbsp;&nbsp;&nbsp;<a href="#[f7]">rt_kprintf</a><BR>
 <LI><a href="#[200]">SetMotorPower</a>&nbsp;&nbsp;&nbsp;&rArr;&nbsp;&nbsp;&nbsp;<a href="#[200]">SetMotorPower</a><BR>
 <LI><a href="#[14c]">SetMotorRunModeDataForce</a>&nbsp;&nbsp;&nbsp;&rArr;&nbsp;&nbsp;&nbsp;<a href="#[147]">SetMotorRunModeData</a><BR>
 <LI><a href="#[295]">lwip_send</a>&nbsp;&nbsp;&nbsp;&rArr;&nbsp;&nbsp;&nbsp;<a href="#[26c]">lwip_sendto</a><BR>
 <LI><a href="#[232]">ProcessMotorRunModePowerOff</a>&nbsp;&nbsp;&nbsp;&rArr;&nbsp;&nbsp;&nbsp;<a href="#[232]">ProcessMotorRunModePowerOff</a><BR>
 <LI><a href="#[319]">netconn_drain</a>&nbsp;&nbsp;&nbsp;&rArr;&nbsp;&nbsp;&nbsp;<a href="#[319]">netconn_drain</a><BR>
</UL>
<P>
<H3>
Function Pointers
</H3><UL>
 <LI><a href="#[2c]">ADC_IRQHandler</a> from startup_stm32f767xx.o(.text) referenced from startup_stm32f767xx.o(RESET)
 <LI><a href="#[14]">BusFault_Handler</a> from stm32f7xx_it.o(i.BusFault_Handler) referenced from startup_stm32f767xx.o(RESET)
 <LI><a href="#[2e]">CAN1_RX0_IRQHandler</a> from stm32f7xx_it.o(i.CAN1_RX0_IRQHandler) referenced from startup_stm32f767xx.o(RESET)
 <LI><a href="#[2f]">CAN1_RX1_IRQHandler</a> from startup_stm32f767xx.o(.text) referenced from startup_stm32f767xx.o(RESET)
 <LI><a href="#[30]">CAN1_SCE_IRQHandler</a> from startup_stm32f767xx.o(.text) referenced from startup_stm32f767xx.o(RESET)
 <LI><a href="#[2d]">CAN1_TX_IRQHandler</a> from startup_stm32f767xx.o(.text) referenced from startup_stm32f767xx.o(RESET)
 <LI><a href="#[5a]">CAN2_RX0_IRQHandler</a> from startup_stm32f767xx.o(.text) referenced from startup_stm32f767xx.o(RESET)
 <LI><a href="#[5b]">CAN2_RX1_IRQHandler</a> from startup_stm32f767xx.o(.text) referenced from startup_stm32f767xx.o(RESET)
 <LI><a href="#[5c]">CAN2_SCE_IRQHandler</a> from startup_stm32f767xx.o(.text) referenced from startup_stm32f767xx.o(RESET)
 <LI><a href="#[59]">CAN2_TX_IRQHandler</a> from startup_stm32f767xx.o(.text) referenced from startup_stm32f767xx.o(RESET)
 <LI><a href="#[81]">CAN3_RX0_IRQHandler</a> from startup_stm32f767xx.o(.text) referenced from startup_stm32f767xx.o(RESET)
 <LI><a href="#[82]">CAN3_RX1_IRQHandler</a> from startup_stm32f767xx.o(.text) referenced from startup_stm32f767xx.o(RESET)
 <LI><a href="#[83]">CAN3_SCE_IRQHandler</a> from startup_stm32f767xx.o(.text) referenced from startup_stm32f767xx.o(RESET)
 <LI><a href="#[80]">CAN3_TX_IRQHandler</a> from startup_stm32f767xx.o(.text) referenced from startup_stm32f767xx.o(RESET)
 <LI><a href="#[77]">CEC_IRQHandler</a> from startup_stm32f767xx.o(.text) referenced from startup_stm32f767xx.o(RESET)
 <LI><a href="#[68]">DCMI_IRQHandler</a> from startup_stm32f767xx.o(.text) referenced from startup_stm32f767xx.o(RESET)
 <LI><a href="#[7b]">DFSDM1_FLT0_IRQHandler</a> from startup_stm32f767xx.o(.text) referenced from startup_stm32f767xx.o(RESET)
 <LI><a href="#[7c]">DFSDM1_FLT1_IRQHandler</a> from startup_stm32f767xx.o(.text) referenced from startup_stm32f767xx.o(RESET)
 <LI><a href="#[7d]">DFSDM1_FLT2_IRQHandler</a> from startup_stm32f767xx.o(.text) referenced from startup_stm32f767xx.o(RESET)
 <LI><a href="#[7e]">DFSDM1_FLT3_IRQHandler</a> from startup_stm32f767xx.o(.text) referenced from startup_stm32f767xx.o(RESET)
 <LI><a href="#[25]">DMA1_Stream0_IRQHandler</a> from startup_stm32f767xx.o(.text) referenced from startup_stm32f767xx.o(RESET)
 <LI><a href="#[26]">DMA1_Stream1_IRQHandler</a> from startup_stm32f767xx.o(.text) referenced from startup_stm32f767xx.o(RESET)
 <LI><a href="#[27]">DMA1_Stream2_IRQHandler</a> from startup_stm32f767xx.o(.text) referenced from startup_stm32f767xx.o(RESET)
 <LI><a href="#[28]">DMA1_Stream3_IRQHandler</a> from startup_stm32f767xx.o(.text) referenced from startup_stm32f767xx.o(RESET)
 <LI><a href="#[29]">DMA1_Stream4_IRQHandler</a> from startup_stm32f767xx.o(.text) referenced from startup_stm32f767xx.o(RESET)
 <LI><a href="#[2a]">DMA1_Stream5_IRQHandler</a> from startup_stm32f767xx.o(.text) referenced from startup_stm32f767xx.o(RESET)
 <LI><a href="#[2b]">DMA1_Stream6_IRQHandler</a> from startup_stm32f767xx.o(.text) referenced from startup_stm32f767xx.o(RESET)
 <LI><a href="#[49]">DMA1_Stream7_IRQHandler</a> from stm32f7xx_it.o(i.DMA1_Stream7_IRQHandler) referenced from startup_stm32f767xx.o(RESET)
 <LI><a href="#[73]">DMA2D_IRQHandler</a> from startup_stm32f767xx.o(.text) referenced from startup_stm32f767xx.o(RESET)
 <LI><a href="#[52]">DMA2_Stream0_IRQHandler</a> from startup_stm32f767xx.o(.text) referenced from startup_stm32f767xx.o(RESET)
 <LI><a href="#[53]">DMA2_Stream1_IRQHandler</a> from startup_stm32f767xx.o(.text) referenced from startup_stm32f767xx.o(RESET)
 <LI><a href="#[54]">DMA2_Stream2_IRQHandler</a> from startup_stm32f767xx.o(.text) referenced from startup_stm32f767xx.o(RESET)
 <LI><a href="#[55]">DMA2_Stream3_IRQHandler</a> from startup_stm32f767xx.o(.text) referenced from startup_stm32f767xx.o(RESET)
 <LI><a href="#[56]">DMA2_Stream4_IRQHandler</a> from startup_stm32f767xx.o(.text) referenced from startup_stm32f767xx.o(RESET)
 <LI><a href="#[5e]">DMA2_Stream5_IRQHandler</a> from startup_stm32f767xx.o(.text) referenced from startup_stm32f767xx.o(RESET)
 <LI><a href="#[5f]">DMA2_Stream6_IRQHandler</a> from startup_stm32f767xx.o(.text) referenced from startup_stm32f767xx.o(RESET)
 <LI><a href="#[60]">DMA2_Stream7_IRQHandler</a> from startup_stm32f767xx.o(.text) referenced from startup_stm32f767xx.o(RESET)
 <LI><a href="#[17]">DebugMon_Handler</a> from stm32f7xx_it.o(i.DebugMon_Handler) referenced from startup_stm32f767xx.o(RESET)
 <LI><a href="#[57]">ETH_IRQHandler</a> from stm32f7xx_it.o(i.ETH_IRQHandler) referenced from startup_stm32f767xx.o(RESET)
 <LI><a href="#[58]">ETH_WKUP_IRQHandler</a> from startup_stm32f767xx.o(.text) referenced from startup_stm32f767xx.o(RESET)
 <LI><a href="#[20]">EXTI0_IRQHandler</a> from startup_stm32f767xx.o(.text) referenced from startup_stm32f767xx.o(RESET)
 <LI><a href="#[42]">EXTI15_10_IRQHandler</a> from startup_stm32f767xx.o(.text) referenced from startup_stm32f767xx.o(RESET)
 <LI><a href="#[21]">EXTI1_IRQHandler</a> from startup_stm32f767xx.o(.text) referenced from startup_stm32f767xx.o(RESET)
 <LI><a href="#[22]">EXTI2_IRQHandler</a> from startup_stm32f767xx.o(.text) referenced from startup_stm32f767xx.o(RESET)
 <LI><a href="#[23]">EXTI3_IRQHandler</a> from startup_stm32f767xx.o(.text) referenced from startup_stm32f767xx.o(RESET)
 <LI><a href="#[24]">EXTI4_IRQHandler</a> from startup_stm32f767xx.o(.text) referenced from startup_stm32f767xx.o(RESET)
 <LI><a href="#[31]">EXTI9_5_IRQHandler</a> from startup_stm32f767xx.o(.text) referenced from startup_stm32f767xx.o(RESET)
 <LI><a href="#[1e]">FLASH_IRQHandler</a> from startup_stm32f767xx.o(.text) referenced from startup_stm32f767xx.o(RESET)
 <LI><a href="#[4a]">FMC_IRQHandler</a> from startup_stm32f767xx.o(.text) referenced from startup_stm32f767xx.o(RESET)
 <LI><a href="#[6a]">FPU_IRQHandler</a> from startup_stm32f767xx.o(.text) referenced from startup_stm32f767xx.o(RESET)
 <LI><a href="#[0]">HandleReadCoilStatusCommand</a> from mbtcpserver.o(i.HandleReadCoilStatusCommand) referenced 2 times from mbtcpserver.o(.data)
 <LI><a href="#[2]">HandleReadHoldingRegisterCommand</a> from mbtcpserver.o(i.HandleReadHoldingRegisterCommand) referenced 2 times from mbtcpserver.o(.data)
 <LI><a href="#[3]">HandleReadInputRegisterCommand</a> from mbtcpserver.o(i.HandleReadInputRegisterCommand) referenced 2 times from mbtcpserver.o(.data)
 <LI><a href="#[1]">HandleReadInputStatusCommand</a> from mbtcpserver.o(i.HandleReadInputStatusCommand) referenced 2 times from mbtcpserver.o(.data)
 <LI><a href="#[6]">HandleWriteMultipleCoilCommand</a> from mbtcpserver.o(i.HandleWriteMultipleCoilCommand) referenced 2 times from mbtcpserver.o(.data)
 <LI><a href="#[7]">HandleWriteMultipleRegisterCommand</a> from mbtcpserver.o(i.HandleWriteMultipleRegisterCommand) referenced 2 times from mbtcpserver.o(.data)
 <LI><a href="#[4]">HandleWriteSingleCoilCommand</a> from mbtcpserver.o(i.HandleWriteSingleCoilCommand) referenced 2 times from mbtcpserver.o(.data)
 <LI><a href="#[5]">HandleWriteSingleRegisterCommand</a> from mbtcpserver.o(i.HandleWriteSingleRegisterCommand) referenced 2 times from mbtcpserver.o(.data)
 <LI><a href="#[12]">HardFault_Handler</a> from stm32f7xx_it.o(i.HardFault_Handler) referenced from startup_stm32f767xx.o(RESET)
 <LI><a href="#[3a]">I2C1_ER_IRQHandler</a> from startup_stm32f767xx.o(.text) referenced from startup_stm32f767xx.o(RESET)
 <LI><a href="#[39]">I2C1_EV_IRQHandler</a> from startup_stm32f767xx.o(.text) referenced from startup_stm32f767xx.o(RESET)
 <LI><a href="#[3c]">I2C2_ER_IRQHandler</a> from startup_stm32f767xx.o(.text) referenced from startup_stm32f767xx.o(RESET)
 <LI><a href="#[3b]">I2C2_EV_IRQHandler</a> from startup_stm32f767xx.o(.text) referenced from startup_stm32f767xx.o(RESET)
 <LI><a href="#[63]">I2C3_ER_IRQHandler</a> from startup_stm32f767xx.o(.text) referenced from startup_stm32f767xx.o(RESET)
 <LI><a href="#[62]">I2C3_EV_IRQHandler</a> from startup_stm32f767xx.o(.text) referenced from startup_stm32f767xx.o(RESET)
 <LI><a href="#[79]">I2C4_ER_IRQHandler</a> from startup_stm32f767xx.o(.text) referenced from startup_stm32f767xx.o(RESET)
 <LI><a href="#[78]">I2C4_EV_IRQHandler</a> from startup_stm32f767xx.o(.text) referenced from startup_stm32f767xx.o(RESET)
 <LI><a href="#[84]">JPEG_IRQHandler</a> from startup_stm32f767xx.o(.text) referenced from startup_stm32f767xx.o(RESET)
 <LI><a href="#[76]">LPTIM1_IRQHandler</a> from startup_stm32f767xx.o(.text) referenced from startup_stm32f767xx.o(RESET)
 <LI><a href="#[72]">LTDC_ER_IRQHandler</a> from startup_stm32f767xx.o(.text) referenced from startup_stm32f767xx.o(RESET)
 <LI><a href="#[71]">LTDC_IRQHandler</a> from startup_stm32f767xx.o(.text) referenced from startup_stm32f767xx.o(RESET)
 <LI><a href="#[85]">MDIOS_IRQHandler</a> from startup_stm32f767xx.o(.text) referenced from startup_stm32f767xx.o(RESET)
 <LI><a href="#[13]">MemManage_Handler</a> from stm32f7xx_it.o(i.MemManage_Handler) referenced from startup_stm32f767xx.o(RESET)
 <LI><a href="#[11]">NMI_Handler</a> from stm32f7xx_it.o(i.NMI_Handler) referenced from startup_stm32f767xx.o(RESET)
 <LI><a href="#[5d]">OTG_FS_IRQHandler</a> from startup_stm32f767xx.o(.text) referenced from startup_stm32f767xx.o(RESET)
 <LI><a href="#[44]">OTG_FS_WKUP_IRQHandler</a> from startup_stm32f767xx.o(.text) referenced from startup_stm32f767xx.o(RESET)
 <LI><a href="#[65]">OTG_HS_EP1_IN_IRQHandler</a> from startup_stm32f767xx.o(.text) referenced from startup_stm32f767xx.o(RESET)
 <LI><a href="#[64]">OTG_HS_EP1_OUT_IRQHandler</a> from startup_stm32f767xx.o(.text) referenced from startup_stm32f767xx.o(RESET)
 <LI><a href="#[67]">OTG_HS_IRQHandler</a> from startup_stm32f767xx.o(.text) referenced from startup_stm32f767xx.o(RESET)
 <LI><a href="#[66]">OTG_HS_WKUP_IRQHandler</a> from startup_stm32f767xx.o(.text) referenced from startup_stm32f767xx.o(RESET)
 <LI><a href="#[1b]">PVD_IRQHandler</a> from startup_stm32f767xx.o(.text) referenced from startup_stm32f767xx.o(RESET)
 <LI><a href="#[18]">PendSV_Handler</a> from port.o(.emb_text) referenced from startup_stm32f767xx.o(RESET)
 <LI><a href="#[75]">QUADSPI_IRQHandler</a> from startup_stm32f767xx.o(.text) referenced from startup_stm32f767xx.o(RESET)
 <LI><a href="#[1f]">RCC_IRQHandler</a> from startup_stm32f767xx.o(.text) referenced from startup_stm32f767xx.o(RESET)
 <LI><a href="#[69]">RNG_IRQHandler</a> from startup_stm32f767xx.o(.text) referenced from startup_stm32f767xx.o(RESET)
 <LI><a href="#[43]">RTC_Alarm_IRQHandler</a> from startup_stm32f767xx.o(.text) referenced from startup_stm32f767xx.o(RESET)
 <LI><a href="#[1d]">RTC_WKUP_IRQHandler</a> from startup_stm32f767xx.o(.text) referenced from startup_stm32f767xx.o(RESET)
 <LI><a href="#[8]">ReadCoilStatusCommand</a> from mb.o(i.ReadCoilStatusCommand) referenced 2 times from mb.o(.data)
 <LI><a href="#[a]">ReadHoldingRegisterCommand</a> from mb.o(i.ReadHoldingRegisterCommand) referenced 2 times from mb.o(.data)
 <LI><a href="#[b]">ReadInputRegisterCommand</a> from mb.o(i.ReadInputRegisterCommand) referenced 2 times from mb.o(.data)
 <LI><a href="#[9]">ReadInputStatusCommand</a> from mb.o(i.ReadInputStatusCommand) referenced 2 times from mb.o(.data)
 <LI><a href="#[10]">Reset_Handler</a> from startup_stm32f767xx.o(.text) referenced from startup_stm32f767xx.o(RESET)
 <LI><a href="#[70]">SAI1_IRQHandler</a> from startup_stm32f767xx.o(.text) referenced from startup_stm32f767xx.o(RESET)
 <LI><a href="#[74]">SAI2_IRQHandler</a> from startup_stm32f767xx.o(.text) referenced from startup_stm32f767xx.o(RESET)
 <LI><a href="#[4b]">SDMMC1_IRQHandler</a> from startup_stm32f767xx.o(.text) referenced from startup_stm32f767xx.o(RESET)
 <LI><a href="#[7f]">SDMMC2_IRQHandler</a> from startup_stm32f767xx.o(.text) referenced from startup_stm32f767xx.o(RESET)
 <LI><a href="#[7a]">SPDIF_RX_IRQHandler</a> from startup_stm32f767xx.o(.text) referenced from startup_stm32f767xx.o(RESET)
 <LI><a href="#[3d]">SPI1_IRQHandler</a> from startup_stm32f767xx.o(.text) referenced from startup_stm32f767xx.o(RESET)
 <LI><a href="#[3e]">SPI2_IRQHandler</a> from startup_stm32f767xx.o(.text) referenced from startup_stm32f767xx.o(RESET)
 <LI><a href="#[4d]">SPI3_IRQHandler</a> from startup_stm32f767xx.o(.text) referenced from startup_stm32f767xx.o(RESET)
 <LI><a href="#[6d]">SPI4_IRQHandler</a> from startup_stm32f767xx.o(.text) referenced from startup_stm32f767xx.o(RESET)
 <LI><a href="#[6e]">SPI5_IRQHandler</a> from startup_stm32f767xx.o(.text) referenced from startup_stm32f767xx.o(RESET)
 <LI><a href="#[6f]">SPI6_IRQHandler</a> from startup_stm32f767xx.o(.text) referenced from startup_stm32f767xx.o(RESET)
 <LI><a href="#[16]">SVC_Handler</a> from port.o(.emb_text) referenced from startup_stm32f767xx.o(RESET)
 <LI><a href="#[b0]">StartTaskMain</a> from freertos.o(i.StartTaskMain) referenced from freertos.o(.constdata)
 <LI><a href="#[b1]">StartTaskMotor</a> from freertos.o(i.StartTaskMotor) referenced from freertos.o(.constdata)
 <LI><a href="#[b4]">StartTaskSD</a> from freertos.o(i.StartTaskSD) referenced from freertos.o(.constdata)
 <LI><a href="#[b3]">StartTaskTcp</a> from freertos.o(i.StartTaskTcp) referenced from freertos.o(.constdata)
 <LI><a href="#[b2]">StartTaskTcpCreate</a> from freertos.o(i.StartTaskTcpCreate) referenced from freertos.o(.constdata)
 <LI><a href="#[b5]">StartTaskTcpPrint</a> from freertos.o(i.StartTaskTcpPrint) referenced from freertos.o(.constdata)
 <LI><a href="#[19]">SysTick_Handler</a> from port.o(i.SysTick_Handler) referenced from startup_stm32f767xx.o(RESET)
 <LI><a href="#[87]">SystemInit</a> from system_stm32f7xx.o(i.SystemInit) referenced from startup_stm32f767xx.o(.text)
 <LI><a href="#[1c]">TAMP_STAMP_IRQHandler</a> from startup_stm32f767xx.o(.text) referenced from startup_stm32f767xx.o(RESET)
 <LI><a href="#[32]">TIM1_BRK_TIM9_IRQHandler</a> from startup_stm32f767xx.o(.text) referenced from startup_stm32f767xx.o(RESET)
 <LI><a href="#[35]">TIM1_CC_IRQHandler</a> from startup_stm32f767xx.o(.text) referenced from startup_stm32f767xx.o(RESET)
 <LI><a href="#[34]">TIM1_TRG_COM_TIM11_IRQHandler</a> from startup_stm32f767xx.o(.text) referenced from startup_stm32f767xx.o(RESET)
 <LI><a href="#[33]">TIM1_UP_TIM10_IRQHandler</a> from stm32f7xx_it.o(i.TIM1_UP_TIM10_IRQHandler) referenced from startup_stm32f767xx.o(RESET)
 <LI><a href="#[36]">TIM2_IRQHandler</a> from stm32f7xx_it.o(i.TIM2_IRQHandler) referenced from startup_stm32f767xx.o(RESET)
 <LI><a href="#[37]">TIM3_IRQHandler</a> from startup_stm32f767xx.o(.text) referenced from startup_stm32f767xx.o(RESET)
 <LI><a href="#[38]">TIM4_IRQHandler</a> from startup_stm32f767xx.o(.text) referenced from startup_stm32f767xx.o(RESET)
 <LI><a href="#[4c]">TIM5_IRQHandler</a> from stm32f7xx_it.o(i.TIM5_IRQHandler) referenced from startup_stm32f767xx.o(RESET)
 <LI><a href="#[50]">TIM6_DAC_IRQHandler</a> from startup_stm32f767xx.o(.text) referenced from startup_stm32f767xx.o(RESET)
 <LI><a href="#[51]">TIM7_IRQHandler</a> from startup_stm32f767xx.o(.text) referenced from startup_stm32f767xx.o(RESET)
 <LI><a href="#[45]">TIM8_BRK_TIM12_IRQHandler</a> from stm32f7xx_it.o(i.TIM8_BRK_TIM12_IRQHandler) referenced from startup_stm32f767xx.o(RESET)
 <LI><a href="#[48]">TIM8_CC_IRQHandler</a> from startup_stm32f767xx.o(.text) referenced from startup_stm32f767xx.o(RESET)
 <LI><a href="#[47]">TIM8_TRG_COM_TIM14_IRQHandler</a> from startup_stm32f767xx.o(.text) referenced from startup_stm32f767xx.o(RESET)
 <LI><a href="#[46]">TIM8_UP_TIM13_IRQHandler</a> from stm32f7xx_it.o(i.TIM8_UP_TIM13_IRQHandler) referenced from startup_stm32f767xx.o(RESET)
 <LI><a href="#[4e]">UART4_IRQHandler</a> from startup_stm32f767xx.o(.text) referenced from startup_stm32f767xx.o(RESET)
 <LI><a href="#[4f]">UART5_IRQHandler</a> from stm32f7xx_it.o(i.UART5_IRQHandler) referenced from startup_stm32f767xx.o(RESET)
 <LI><a href="#[6b]">UART7_IRQHandler</a> from startup_stm32f767xx.o(.text) referenced from startup_stm32f767xx.o(RESET)
 <LI><a href="#[6c]">UART8_IRQHandler</a> from startup_stm32f767xx.o(.text) referenced from startup_stm32f767xx.o(RESET)
 <LI><a href="#[89]">UART_DMAAbortOnError</a> from stm32f7xx_hal_uart.o(i.UART_DMAAbortOnError) referenced from stm32f7xx_hal_uart.o(i.HAL_UART_IRQHandler)
 <LI><a href="#[8c]">UART_DMAError</a> from stm32f7xx_hal_uart.o(i.UART_DMAError) referenced from stm32f7xx_hal_uart.o(i.HAL_UART_Transmit_DMA)
 <LI><a href="#[8a]">UART_DMATransmitCplt</a> from stm32f7xx_hal_uart.o(i.UART_DMATransmitCplt) referenced from stm32f7xx_hal_uart.o(i.HAL_UART_Transmit_DMA)
 <LI><a href="#[8b]">UART_DMATxHalfCplt</a> from stm32f7xx_hal_uart.o(i.UART_DMATxHalfCplt) referenced from stm32f7xx_hal_uart.o(i.HAL_UART_Transmit_DMA)
 <LI><a href="#[3f]">USART1_IRQHandler</a> from startup_stm32f767xx.o(.text) referenced from startup_stm32f767xx.o(RESET)
 <LI><a href="#[40]">USART2_IRQHandler</a> from startup_stm32f767xx.o(.text) referenced from startup_stm32f767xx.o(RESET)
 <LI><a href="#[41]">USART3_IRQHandler</a> from startup_stm32f767xx.o(.text) referenced from startup_stm32f767xx.o(RESET)
 <LI><a href="#[61]">USART6_IRQHandler</a> from startup_stm32f767xx.o(.text) referenced from startup_stm32f767xx.o(RESET)
 <LI><a href="#[15]">UsageFault_Handler</a> from stm32f7xx_it.o(i.UsageFault_Handler) referenced from startup_stm32f767xx.o(RESET)
 <LI><a href="#[1a]">WWDG_IRQHandler</a> from startup_stm32f767xx.o(.text) referenced from startup_stm32f767xx.o(RESET)
 <LI><a href="#[e]">WriteMultipleCoilCommand</a> from mb.o(i.WriteMultipleCoilCommand) referenced 2 times from mb.o(.data)
 <LI><a href="#[f]">WriteMultipleRegisterCommand</a> from mb.o(i.WriteMultipleRegisterCommand) referenced 2 times from mb.o(.data)
 <LI><a href="#[c]">WriteSingleCoilCommand</a> from mb.o(i.WriteSingleCoilCommand) referenced 2 times from mb.o(.data)
 <LI><a href="#[d]">WriteSingleRegisterCommand</a> from mb.o(i.WriteSingleRegisterCommand) referenced 2 times from mb.o(.data)
 <LI><a href="#[88]">__main</a> from entry.o(.ARM.Collect$$$$00000000) referenced from startup_stm32f767xx.o(.text)
 <LI><a href="#[91]">_snputc</a> from printfa.o(i._snputc) referenced from printfa.o(i.__0snprintf)
 <LI><a href="#[91]">_snputc</a> from printfa.o(i._snputc) referenced from printfa.o(i.__0vsnprintf)
 <LI><a href="#[99]">accept_function</a> from api_msg.o(i.accept_function) referenced from api_msg.o(i.lwip_netconn_do_listen)
 <LI><a href="#[98]">err_tcp</a> from api_msg.o(i.err_tcp) referenced from api_msg.o(i.lwip_netconn_do_close_internal)
 <LI><a href="#[98]">err_tcp</a> from api_msg.o(i.err_tcp) referenced from api_msg.o(i.setup_tcp)
 <LI><a href="#[92]">etharp_output</a> from etharp.o(i.etharp_output) referenced from ethernetif.o(i.ethernetif_init)
 <LI><a href="#[ba]">etharp_tmr</a> from etharp.o(i.etharp_tmr) referenced from timeouts.o(.constdata)
 <LI><a href="#[ad]">ethernet_input</a> from ethernet.o(i.ethernet_input) referenced from tcpip.o(i.tcpip_input)
 <LI><a href="#[8e]">ethernetif_init</a> from ethernetif.o(i.ethernetif_init) referenced from lwip.o(i.MX_LWIP_Init)
 <LI><a href="#[b6]">ethernetif_input</a> from ethernetif.o(i.ethernetif_input) referenced from ethernetif.o(.constdata)
 <LI><a href="#[b7]">ethernetif_set_link</a> from ethernetif.o(i.ethernetif_set_link) referenced from lwip.o(.constdata)
 <LI><a href="#[8f]">ethernetif_update_config</a> from ethernetif.o(i.ethernetif_update_config) referenced from lwip.o(i.MX_LWIP_Init)
 <LI><a href="#[9a]">event_callback</a> from sockets.o(i.event_callback) referenced from sockets.o(i.lwip_socket)
 <LI><a href="#[90]">fputc</a> from fputc.o(i.fputc) referenced from printfa.o(i.__0printf)
 <LI><a href="#[ae]">ip4_input</a> from ip4.o(i.ip4_input) referenced from tcpip.o(i.tcpip_input)
 <LI><a href="#[b9]">ip_reass_tmr</a> from ip4_frag.o(i.ip_reass_tmr) referenced from timeouts.o(.constdata)
 <LI><a href="#[94]">ipfrag_free_pbuf_custom</a> from ip4_frag.o(i.ipfrag_free_pbuf_custom) referenced from ip4_frag.o(i.ip4_frag)
 <LI><a href="#[93]">low_level_output</a> from ethernetif.o(i.low_level_output) referenced from ethernetif.o(i.ethernetif_init)
 <LI><a href="#[95]">lwip_cyclic_timer</a> from timeouts.o(i.lwip_cyclic_timer) referenced from timeouts.o(i.lwip_cyclic_timer)
 <LI><a href="#[95]">lwip_cyclic_timer</a> from timeouts.o(i.lwip_cyclic_timer) referenced from timeouts.o(i.sys_timeouts_init)
 <LI><a href="#[9b]">lwip_netconn_do_bind</a> from api_msg.o(i.lwip_netconn_do_bind) referenced from api_lib.o(i.netconn_bind)
 <LI><a href="#[9c]">lwip_netconn_do_close</a> from api_msg.o(i.lwip_netconn_do_close) referenced from api_lib.o(i.netconn_close_shutdown)
 <LI><a href="#[a0]">lwip_netconn_do_delconn</a> from api_msg.o(i.lwip_netconn_do_delconn) referenced from api_lib.o(i.netconn_prepare_delete)
 <LI><a href="#[9d]">lwip_netconn_do_getaddr</a> from api_msg.o(i.lwip_netconn_do_getaddr) referenced from api_lib.o(i.netconn_getaddr)
 <LI><a href="#[9e]">lwip_netconn_do_listen</a> from api_msg.o(i.lwip_netconn_do_listen) referenced from api_lib.o(i.netconn_listen_with_backlog)
 <LI><a href="#[9f]">lwip_netconn_do_newconn</a> from api_msg.o(i.lwip_netconn_do_newconn) referenced from api_lib.o(i.netconn_new_with_proto_and_callback)
 <LI><a href="#[a2]">lwip_netconn_do_recv</a> from api_msg.o(i.lwip_netconn_do_recv) referenced from api_lib.o(i.netconn_tcp_recvd_msg)
 <LI><a href="#[a1]">lwip_netconn_do_send</a> from api_msg.o(i.lwip_netconn_do_send) referenced from api_lib.o(i.netconn_send)
 <LI><a href="#[a3]">lwip_netconn_do_write</a> from api_msg.o(i.lwip_netconn_do_write) referenced from api_lib.o(i.netconn_write_vectors_partly)
 <LI><a href="#[86]">main</a> from main.o(i.main) referenced from entry9a.o(.ARM.Collect$$$$0000000B)
 <LI><a href="#[a4]">netif_null_output_ip4</a> from netif.o(i.netif_null_output_ip4) referenced from netif.o(i.netif_add)
 <LI><a href="#[a5]">pbuf_free_ooseq_callback</a> from pbuf.o(i.pbuf_free_ooseq_callback) referenced from pbuf.o(i.pbuf_pool_is_empty)
 <LI><a href="#[97]">poll_tcp</a> from api_msg.o(i.poll_tcp) referenced from api_msg.o(i.lwip_netconn_do_close_internal)
 <LI><a href="#[97]">poll_tcp</a> from api_msg.o(i.poll_tcp) referenced from api_msg.o(i.setup_tcp)
 <LI><a href="#[af]">prvIdleTask</a> from tasks.o(i.prvIdleTask) referenced from tasks.o(i.vTaskStartScheduler)
 <LI><a href="#[a7]">prvTaskExitError</a> from port.o(i.prvTaskExitError) referenced from port.o(i.pxPortInitialiseStack)
 <LI><a href="#[a8]">recv_tcp</a> from api_msg.o(i.recv_tcp) referenced from api_msg.o(i.setup_tcp)
 <LI><a href="#[a6]">recv_udp</a> from api_msg.o(i.recv_udp) referenced from api_msg.o(i.pcb_new)
 <LI><a href="#[96]">sent_tcp</a> from api_msg.o(i.sent_tcp) referenced from api_msg.o(i.lwip_netconn_do_close_internal)
 <LI><a href="#[96]">sent_tcp</a> from api_msg.o(i.sent_tcp) referenced from api_msg.o(i.setup_tcp)
 <LI><a href="#[aa]">tcp_accept_null</a> from tcp.o(i.tcp_accept_null) referenced from tcp.o(i.tcp_listen_with_backlog_and_err)
 <LI><a href="#[a9]">tcp_recv_null</a> from tcp.o(i.tcp_recv_null) referenced from tcp.o(i.tcp_alloc)
 <LI><a href="#[b8]">tcp_tmr</a> from tcp.o(i.tcp_tmr) referenced from timeouts.o(.constdata)
 <LI><a href="#[8d]">tcpip_input</a> from tcpip.o(i.tcpip_input) referenced from lwip.o(i.MX_LWIP_Init)
 <LI><a href="#[ab]">tcpip_tcp_timer</a> from timeouts.o(i.tcpip_tcp_timer) referenced from timeouts.o(i.tcp_timer_needed)
 <LI><a href="#[ab]">tcpip_tcp_timer</a> from timeouts.o(i.tcpip_tcp_timer) referenced from timeouts.o(i.tcpip_tcp_timer)
 <LI><a href="#[ac]">tcpip_thread</a> from tcpip.o(i.tcpip_thread) referenced from tcpip.o(i.tcpip_init)
</UL>
<P>
<H3>
Global Symbols
</H3>
<P><STRONG><a name="[88]"></a>__main</STRONG> (Thumb, 0 bytes, Stack size unknown bytes, entry.o(.ARM.Collect$$$$00000000))
<BR>[Address Reference Count : 1]<UL><LI> startup_stm32f767xx.o(.text)
</UL>
<P><STRONG><a name="[405]"></a>_main_stk</STRONG> (Thumb, 0 bytes, Stack size unknown bytes, entry2.o(.ARM.Collect$$$$00000001))

<P><STRONG><a name="[bb]"></a>_main_scatterload</STRONG> (Thumb, 0 bytes, Stack size unknown bytes, entry5.o(.ARM.Collect$$$$00000004))
<BR><BR>[Calls]<UL><LI><a href="#[bc]">&gt;&gt;</a>&nbsp;&nbsp;&nbsp;__scatterload
</UL>

<P><STRONG><a name="[d3]"></a>__main_after_scatterload</STRONG> (Thumb, 0 bytes, Stack size unknown bytes, entry5.o(.ARM.Collect$$$$00000004))
<BR><BR>[Called By]<UL><LI><a href="#[bc]">&gt;&gt;</a>&nbsp;&nbsp;&nbsp;__scatterload
</UL>

<P><STRONG><a name="[406]"></a>_main_clock</STRONG> (Thumb, 0 bytes, Stack size unknown bytes, entry7b.o(.ARM.Collect$$$$00000008))

<P><STRONG><a name="[407]"></a>_main_cpp_init</STRONG> (Thumb, 0 bytes, Stack size unknown bytes, entry8b.o(.ARM.Collect$$$$0000000A))

<P><STRONG><a name="[408]"></a>_main_init</STRONG> (Thumb, 0 bytes, Stack size unknown bytes, entry9a.o(.ARM.Collect$$$$0000000B))

<P><STRONG><a name="[409]"></a>__rt_final_cpp</STRONG> (Thumb, 0 bytes, Stack size unknown bytes, entry10a.o(.ARM.Collect$$$$0000000D))

<P><STRONG><a name="[40a]"></a>__rt_final_exit</STRONG> (Thumb, 0 bytes, Stack size unknown bytes, entry11a.o(.ARM.Collect$$$$0000000F))

<P><STRONG><a name="[16]"></a>SVC_Handler</STRONG> (Thumb, 28 bytes, Stack size 0 bytes, port.o(.emb_text))
<BR>[Address Reference Count : 1]<UL><LI> startup_stm32f767xx.o(RESET)
</UL>
<P><STRONG><a name="[3fd]"></a>__asm___6_port_c_39a90d8d__prvStartFirstTask</STRONG> (Thumb, 36 bytes, Stack size 0 bytes, port.o(.emb_text))
<BR><BR>[Called By]<UL><LI><a href="#[3fa]">&gt;&gt;</a>&nbsp;&nbsp;&nbsp;xPortStartScheduler
</UL>

<P><STRONG><a name="[3fc]"></a>__asm___6_port_c_39a90d8d__prvEnableVFP</STRONG> (Thumb, 16 bytes, Stack size 0 bytes, port.o(.emb_text))
<BR><BR>[Called By]<UL><LI><a href="#[3fa]">&gt;&gt;</a>&nbsp;&nbsp;&nbsp;xPortStartScheduler
</UL>

<P><STRONG><a name="[18]"></a>PendSV_Handler</STRONG> (Thumb, 92 bytes, Stack size 0 bytes, port.o(.emb_text))
<BR><BR>[Calls]<UL><LI><a href="#[bd]">&gt;&gt;</a>&nbsp;&nbsp;&nbsp;vTaskSwitchContext
</UL>
<BR>[Address Reference Count : 1]<UL><LI> startup_stm32f767xx.o(RESET)
</UL>
<P><STRONG><a name="[3f5]"></a>vPortGetIPSR</STRONG> (Thumb, 6 bytes, Stack size 0 bytes, port.o(.emb_text))
<BR><BR>[Called By]<UL><LI><a href="#[3f4]">&gt;&gt;</a>&nbsp;&nbsp;&nbsp;vPortValidateInterruptPriority
</UL>

<P><STRONG><a name="[10]"></a>Reset_Handler</STRONG> (Thumb, 8 bytes, Stack size 0 bytes, startup_stm32f767xx.o(.text))
<BR>[Address Reference Count : 1]<UL><LI> startup_stm32f767xx.o(RESET)
</UL>
<P><STRONG><a name="[2c]"></a>ADC_IRQHandler</STRONG> (Thumb, 0 bytes, Stack size 0 bytes, startup_stm32f767xx.o(.text))
<BR><BR>[Calls]<UL><LI><a href="#[2c]">&gt;&gt;</a>&nbsp;&nbsp;&nbsp;ADC_IRQHandler
</UL>
<BR>[Called By]<UL><LI><a href="#[2c]">&gt;&gt;</a>&nbsp;&nbsp;&nbsp;ADC_IRQHandler
</UL>
<BR>[Address Reference Count : 1]<UL><LI> startup_stm32f767xx.o(RESET)
</UL>
<P><STRONG><a name="[2f]"></a>CAN1_RX1_IRQHandler</STRONG> (Thumb, 0 bytes, Stack size 0 bytes, startup_stm32f767xx.o(.text))
<BR>[Address Reference Count : 1]<UL><LI> startup_stm32f767xx.o(RESET)
</UL>
<P><STRONG><a name="[30]"></a>CAN1_SCE_IRQHandler</STRONG> (Thumb, 0 bytes, Stack size 0 bytes, startup_stm32f767xx.o(.text))
<BR>[Address Reference Count : 1]<UL><LI> startup_stm32f767xx.o(RESET)
</UL>
<P><STRONG><a name="[2d]"></a>CAN1_TX_IRQHandler</STRONG> (Thumb, 0 bytes, Stack size 0 bytes, startup_stm32f767xx.o(.text))
<BR>[Address Reference Count : 1]<UL><LI> startup_stm32f767xx.o(RESET)
</UL>
<P><STRONG><a name="[5a]"></a>CAN2_RX0_IRQHandler</STRONG> (Thumb, 0 bytes, Stack size 0 bytes, startup_stm32f767xx.o(.text))
<BR>[Address Reference Count : 1]<UL><LI> startup_stm32f767xx.o(RESET)
</UL>
<P><STRONG><a name="[5b]"></a>CAN2_RX1_IRQHandler</STRONG> (Thumb, 0 bytes, Stack size 0 bytes, startup_stm32f767xx.o(.text))
<BR>[Address Reference Count : 1]<UL><LI> startup_stm32f767xx.o(RESET)
</UL>
<P><STRONG><a name="[5c]"></a>CAN2_SCE_IRQHandler</STRONG> (Thumb, 0 bytes, Stack size 0 bytes, startup_stm32f767xx.o(.text))
<BR>[Address Reference Count : 1]<UL><LI> startup_stm32f767xx.o(RESET)
</UL>
<P><STRONG><a name="[59]"></a>CAN2_TX_IRQHandler</STRONG> (Thumb, 0 bytes, Stack size 0 bytes, startup_stm32f767xx.o(.text))
<BR>[Address Reference Count : 1]<UL><LI> startup_stm32f767xx.o(RESET)
</UL>
<P><STRONG><a name="[81]"></a>CAN3_RX0_IRQHandler</STRONG> (Thumb, 0 bytes, Stack size 0 bytes, startup_stm32f767xx.o(.text))
<BR>[Address Reference Count : 1]<UL><LI> startup_stm32f767xx.o(RESET)
</UL>
<P><STRONG><a name="[82]"></a>CAN3_RX1_IRQHandler</STRONG> (Thumb, 0 bytes, Stack size 0 bytes, startup_stm32f767xx.o(.text))
<BR>[Address Reference Count : 1]<UL><LI> startup_stm32f767xx.o(RESET)
</UL>
<P><STRONG><a name="[83]"></a>CAN3_SCE_IRQHandler</STRONG> (Thumb, 0 bytes, Stack size 0 bytes, startup_stm32f767xx.o(.text))
<BR>[Address Reference Count : 1]<UL><LI> startup_stm32f767xx.o(RESET)
</UL>
<P><STRONG><a name="[80]"></a>CAN3_TX_IRQHandler</STRONG> (Thumb, 0 bytes, Stack size 0 bytes, startup_stm32f767xx.o(.text))
<BR>[Address Reference Count : 1]<UL><LI> startup_stm32f767xx.o(RESET)
</UL>
<P><STRONG><a name="[77]"></a>CEC_IRQHandler</STRONG> (Thumb, 0 bytes, Stack size 0 bytes, startup_stm32f767xx.o(.text))
<BR>[Address Reference Count : 1]<UL><LI> startup_stm32f767xx.o(RESET)
</UL>
<P><STRONG><a name="[68]"></a>DCMI_IRQHandler</STRONG> (Thumb, 0 bytes, Stack size 0 bytes, startup_stm32f767xx.o(.text))
<BR>[Address Reference Count : 1]<UL><LI> startup_stm32f767xx.o(RESET)
</UL>
<P><STRONG><a name="[7b]"></a>DFSDM1_FLT0_IRQHandler</STRONG> (Thumb, 0 bytes, Stack size 0 bytes, startup_stm32f767xx.o(.text))
<BR>[Address Reference Count : 1]<UL><LI> startup_stm32f767xx.o(RESET)
</UL>
<P><STRONG><a name="[7c]"></a>DFSDM1_FLT1_IRQHandler</STRONG> (Thumb, 0 bytes, Stack size 0 bytes, startup_stm32f767xx.o(.text))
<BR>[Address Reference Count : 1]<UL><LI> startup_stm32f767xx.o(RESET)
</UL>
<P><STRONG><a name="[7d]"></a>DFSDM1_FLT2_IRQHandler</STRONG> (Thumb, 0 bytes, Stack size 0 bytes, startup_stm32f767xx.o(.text))
<BR>[Address Reference Count : 1]<UL><LI> startup_stm32f767xx.o(RESET)
</UL>
<P><STRONG><a name="[7e]"></a>DFSDM1_FLT3_IRQHandler</STRONG> (Thumb, 0 bytes, Stack size 0 bytes, startup_stm32f767xx.o(.text))
<BR>[Address Reference Count : 1]<UL><LI> startup_stm32f767xx.o(RESET)
</UL>
<P><STRONG><a name="[25]"></a>DMA1_Stream0_IRQHandler</STRONG> (Thumb, 0 bytes, Stack size 0 bytes, startup_stm32f767xx.o(.text))
<BR>[Address Reference Count : 1]<UL><LI> startup_stm32f767xx.o(RESET)
</UL>
<P><STRONG><a name="[26]"></a>DMA1_Stream1_IRQHandler</STRONG> (Thumb, 0 bytes, Stack size 0 bytes, startup_stm32f767xx.o(.text))
<BR>[Address Reference Count : 1]<UL><LI> startup_stm32f767xx.o(RESET)
</UL>
<P><STRONG><a name="[27]"></a>DMA1_Stream2_IRQHandler</STRONG> (Thumb, 0 bytes, Stack size 0 bytes, startup_stm32f767xx.o(.text))
<BR>[Address Reference Count : 1]<UL><LI> startup_stm32f767xx.o(RESET)
</UL>
<P><STRONG><a name="[28]"></a>DMA1_Stream3_IRQHandler</STRONG> (Thumb, 0 bytes, Stack size 0 bytes, startup_stm32f767xx.o(.text))
<BR>[Address Reference Count : 1]<UL><LI> startup_stm32f767xx.o(RESET)
</UL>
<P><STRONG><a name="[29]"></a>DMA1_Stream4_IRQHandler</STRONG> (Thumb, 0 bytes, Stack size 0 bytes, startup_stm32f767xx.o(.text))
<BR>[Address Reference Count : 1]<UL><LI> startup_stm32f767xx.o(RESET)
</UL>
<P><STRONG><a name="[2a]"></a>DMA1_Stream5_IRQHandler</STRONG> (Thumb, 0 bytes, Stack size 0 bytes, startup_stm32f767xx.o(.text))
<BR>[Address Reference Count : 1]<UL><LI> startup_stm32f767xx.o(RESET)
</UL>
<P><STRONG><a name="[2b]"></a>DMA1_Stream6_IRQHandler</STRONG> (Thumb, 0 bytes, Stack size 0 bytes, startup_stm32f767xx.o(.text))
<BR>[Address Reference Count : 1]<UL><LI> startup_stm32f767xx.o(RESET)
</UL>
<P><STRONG><a name="[73]"></a>DMA2D_IRQHandler</STRONG> (Thumb, 0 bytes, Stack size 0 bytes, startup_stm32f767xx.o(.text))
<BR>[Address Reference Count : 1]<UL><LI> startup_stm32f767xx.o(RESET)
</UL>
<P><STRONG><a name="[52]"></a>DMA2_Stream0_IRQHandler</STRONG> (Thumb, 0 bytes, Stack size 0 bytes, startup_stm32f767xx.o(.text))
<BR>[Address Reference Count : 1]<UL><LI> startup_stm32f767xx.o(RESET)
</UL>
<P><STRONG><a name="[53]"></a>DMA2_Stream1_IRQHandler</STRONG> (Thumb, 0 bytes, Stack size 0 bytes, startup_stm32f767xx.o(.text))
<BR>[Address Reference Count : 1]<UL><LI> startup_stm32f767xx.o(RESET)
</UL>
<P><STRONG><a name="[54]"></a>DMA2_Stream2_IRQHandler</STRONG> (Thumb, 0 bytes, Stack size 0 bytes, startup_stm32f767xx.o(.text))
<BR>[Address Reference Count : 1]<UL><LI> startup_stm32f767xx.o(RESET)
</UL>
<P><STRONG><a name="[55]"></a>DMA2_Stream3_IRQHandler</STRONG> (Thumb, 0 bytes, Stack size 0 bytes, startup_stm32f767xx.o(.text))
<BR>[Address Reference Count : 1]<UL><LI> startup_stm32f767xx.o(RESET)
</UL>
<P><STRONG><a name="[56]"></a>DMA2_Stream4_IRQHandler</STRONG> (Thumb, 0 bytes, Stack size 0 bytes, startup_stm32f767xx.o(.text))
<BR>[Address Reference Count : 1]<UL><LI> startup_stm32f767xx.o(RESET)
</UL>
<P><STRONG><a name="[5e]"></a>DMA2_Stream5_IRQHandler</STRONG> (Thumb, 0 bytes, Stack size 0 bytes, startup_stm32f767xx.o(.text))
<BR>[Address Reference Count : 1]<UL><LI> startup_stm32f767xx.o(RESET)
</UL>
<P><STRONG><a name="[5f]"></a>DMA2_Stream6_IRQHandler</STRONG> (Thumb, 0 bytes, Stack size 0 bytes, startup_stm32f767xx.o(.text))
<BR>[Address Reference Count : 1]<UL><LI> startup_stm32f767xx.o(RESET)
</UL>
<P><STRONG><a name="[60]"></a>DMA2_Stream7_IRQHandler</STRONG> (Thumb, 0 bytes, Stack size 0 bytes, startup_stm32f767xx.o(.text))
<BR>[Address Reference Count : 1]<UL><LI> startup_stm32f767xx.o(RESET)
</UL>
<P><STRONG><a name="[58]"></a>ETH_WKUP_IRQHandler</STRONG> (Thumb, 0 bytes, Stack size 0 bytes, startup_stm32f767xx.o(.text))
<BR>[Address Reference Count : 1]<UL><LI> startup_stm32f767xx.o(RESET)
</UL>
<P><STRONG><a name="[20]"></a>EXTI0_IRQHandler</STRONG> (Thumb, 0 bytes, Stack size 0 bytes, startup_stm32f767xx.o(.text))
<BR>[Address Reference Count : 1]<UL><LI> startup_stm32f767xx.o(RESET)
</UL>
<P><STRONG><a name="[42]"></a>EXTI15_10_IRQHandler</STRONG> (Thumb, 0 bytes, Stack size 0 bytes, startup_stm32f767xx.o(.text))
<BR>[Address Reference Count : 1]<UL><LI> startup_stm32f767xx.o(RESET)
</UL>
<P><STRONG><a name="[21]"></a>EXTI1_IRQHandler</STRONG> (Thumb, 0 bytes, Stack size 0 bytes, startup_stm32f767xx.o(.text))
<BR>[Address Reference Count : 1]<UL><LI> startup_stm32f767xx.o(RESET)
</UL>
<P><STRONG><a name="[22]"></a>EXTI2_IRQHandler</STRONG> (Thumb, 0 bytes, Stack size 0 bytes, startup_stm32f767xx.o(.text))
<BR>[Address Reference Count : 1]<UL><LI> startup_stm32f767xx.o(RESET)
</UL>
<P><STRONG><a name="[23]"></a>EXTI3_IRQHandler</STRONG> (Thumb, 0 bytes, Stack size 0 bytes, startup_stm32f767xx.o(.text))
<BR>[Address Reference Count : 1]<UL><LI> startup_stm32f767xx.o(RESET)
</UL>
<P><STRONG><a name="[24]"></a>EXTI4_IRQHandler</STRONG> (Thumb, 0 bytes, Stack size 0 bytes, startup_stm32f767xx.o(.text))
<BR>[Address Reference Count : 1]<UL><LI> startup_stm32f767xx.o(RESET)
</UL>
<P><STRONG><a name="[31]"></a>EXTI9_5_IRQHandler</STRONG> (Thumb, 0 bytes, Stack size 0 bytes, startup_stm32f767xx.o(.text))
<BR>[Address Reference Count : 1]<UL><LI> startup_stm32f767xx.o(RESET)
</UL>
<P><STRONG><a name="[1e]"></a>FLASH_IRQHandler</STRONG> (Thumb, 0 bytes, Stack size 0 bytes, startup_stm32f767xx.o(.text))
<BR>[Address Reference Count : 1]<UL><LI> startup_stm32f767xx.o(RESET)
</UL>
<P><STRONG><a name="[4a]"></a>FMC_IRQHandler</STRONG> (Thumb, 0 bytes, Stack size 0 bytes, startup_stm32f767xx.o(.text))
<BR>[Address Reference Count : 1]<UL><LI> startup_stm32f767xx.o(RESET)
</UL>
<P><STRONG><a name="[6a]"></a>FPU_IRQHandler</STRONG> (Thumb, 0 bytes, Stack size 0 bytes, startup_stm32f767xx.o(.text))
<BR>[Address Reference Count : 1]<UL><LI> startup_stm32f767xx.o(RESET)
</UL>
<P><STRONG><a name="[3a]"></a>I2C1_ER_IRQHandler</STRONG> (Thumb, 0 bytes, Stack size 0 bytes, startup_stm32f767xx.o(.text))
<BR>[Address Reference Count : 1]<UL><LI> startup_stm32f767xx.o(RESET)
</UL>
<P><STRONG><a name="[39]"></a>I2C1_EV_IRQHandler</STRONG> (Thumb, 0 bytes, Stack size 0 bytes, startup_stm32f767xx.o(.text))
<BR>[Address Reference Count : 1]<UL><LI> startup_stm32f767xx.o(RESET)
</UL>
<P><STRONG><a name="[3c]"></a>I2C2_ER_IRQHandler</STRONG> (Thumb, 0 bytes, Stack size 0 bytes, startup_stm32f767xx.o(.text))
<BR>[Address Reference Count : 1]<UL><LI> startup_stm32f767xx.o(RESET)
</UL>
<P><STRONG><a name="[3b]"></a>I2C2_EV_IRQHandler</STRONG> (Thumb, 0 bytes, Stack size 0 bytes, startup_stm32f767xx.o(.text))
<BR>[Address Reference Count : 1]<UL><LI> startup_stm32f767xx.o(RESET)
</UL>
<P><STRONG><a name="[63]"></a>I2C3_ER_IRQHandler</STRONG> (Thumb, 0 bytes, Stack size 0 bytes, startup_stm32f767xx.o(.text))
<BR>[Address Reference Count : 1]<UL><LI> startup_stm32f767xx.o(RESET)
</UL>
<P><STRONG><a name="[62]"></a>I2C3_EV_IRQHandler</STRONG> (Thumb, 0 bytes, Stack size 0 bytes, startup_stm32f767xx.o(.text))
<BR>[Address Reference Count : 1]<UL><LI> startup_stm32f767xx.o(RESET)
</UL>
<P><STRONG><a name="[79]"></a>I2C4_ER_IRQHandler</STRONG> (Thumb, 0 bytes, Stack size 0 bytes, startup_stm32f767xx.o(.text))
<BR>[Address Reference Count : 1]<UL><LI> startup_stm32f767xx.o(RESET)
</UL>
<P><STRONG><a name="[78]"></a>I2C4_EV_IRQHandler</STRONG> (Thumb, 0 bytes, Stack size 0 bytes, startup_stm32f767xx.o(.text))
<BR>[Address Reference Count : 1]<UL><LI> startup_stm32f767xx.o(RESET)
</UL>
<P><STRONG><a name="[84]"></a>JPEG_IRQHandler</STRONG> (Thumb, 0 bytes, Stack size 0 bytes, startup_stm32f767xx.o(.text))
<BR>[Address Reference Count : 1]<UL><LI> startup_stm32f767xx.o(RESET)
</UL>
<P><STRONG><a name="[76]"></a>LPTIM1_IRQHandler</STRONG> (Thumb, 0 bytes, Stack size 0 bytes, startup_stm32f767xx.o(.text))
<BR>[Address Reference Count : 1]<UL><LI> startup_stm32f767xx.o(RESET)
</UL>
<P><STRONG><a name="[72]"></a>LTDC_ER_IRQHandler</STRONG> (Thumb, 0 bytes, Stack size 0 bytes, startup_stm32f767xx.o(.text))
<BR>[Address Reference Count : 1]<UL><LI> startup_stm32f767xx.o(RESET)
</UL>
<P><STRONG><a name="[71]"></a>LTDC_IRQHandler</STRONG> (Thumb, 0 bytes, Stack size 0 bytes, startup_stm32f767xx.o(.text))
<BR>[Address Reference Count : 1]<UL><LI> startup_stm32f767xx.o(RESET)
</UL>
<P><STRONG><a name="[85]"></a>MDIOS_IRQHandler</STRONG> (Thumb, 0 bytes, Stack size 0 bytes, startup_stm32f767xx.o(.text))
<BR>[Address Reference Count : 1]<UL><LI> startup_stm32f767xx.o(RESET)
</UL>
<P><STRONG><a name="[5d]"></a>OTG_FS_IRQHandler</STRONG> (Thumb, 0 bytes, Stack size 0 bytes, startup_stm32f767xx.o(.text))
<BR>[Address Reference Count : 1]<UL><LI> startup_stm32f767xx.o(RESET)
</UL>
<P><STRONG><a name="[44]"></a>OTG_FS_WKUP_IRQHandler</STRONG> (Thumb, 0 bytes, Stack size 0 bytes, startup_stm32f767xx.o(.text))
<BR>[Address Reference Count : 1]<UL><LI> startup_stm32f767xx.o(RESET)
</UL>
<P><STRONG><a name="[65]"></a>OTG_HS_EP1_IN_IRQHandler</STRONG> (Thumb, 0 bytes, Stack size 0 bytes, startup_stm32f767xx.o(.text))
<BR>[Address Reference Count : 1]<UL><LI> startup_stm32f767xx.o(RESET)
</UL>
<P><STRONG><a name="[64]"></a>OTG_HS_EP1_OUT_IRQHandler</STRONG> (Thumb, 0 bytes, Stack size 0 bytes, startup_stm32f767xx.o(.text))
<BR>[Address Reference Count : 1]<UL><LI> startup_stm32f767xx.o(RESET)
</UL>
<P><STRONG><a name="[67]"></a>OTG_HS_IRQHandler</STRONG> (Thumb, 0 bytes, Stack size 0 bytes, startup_stm32f767xx.o(.text))
<BR>[Address Reference Count : 1]<UL><LI> startup_stm32f767xx.o(RESET)
</UL>
<P><STRONG><a name="[66]"></a>OTG_HS_WKUP_IRQHandler</STRONG> (Thumb, 0 bytes, Stack size 0 bytes, startup_stm32f767xx.o(.text))
<BR>[Address Reference Count : 1]<UL><LI> startup_stm32f767xx.o(RESET)
</UL>
<P><STRONG><a name="[1b]"></a>PVD_IRQHandler</STRONG> (Thumb, 0 bytes, Stack size 0 bytes, startup_stm32f767xx.o(.text))
<BR>[Address Reference Count : 1]<UL><LI> startup_stm32f767xx.o(RESET)
</UL>
<P><STRONG><a name="[75]"></a>QUADSPI_IRQHandler</STRONG> (Thumb, 0 bytes, Stack size 0 bytes, startup_stm32f767xx.o(.text))
<BR>[Address Reference Count : 1]<UL><LI> startup_stm32f767xx.o(RESET)
</UL>
<P><STRONG><a name="[1f]"></a>RCC_IRQHandler</STRONG> (Thumb, 0 bytes, Stack size 0 bytes, startup_stm32f767xx.o(.text))
<BR>[Address Reference Count : 1]<UL><LI> startup_stm32f767xx.o(RESET)
</UL>
<P><STRONG><a name="[69]"></a>RNG_IRQHandler</STRONG> (Thumb, 0 bytes, Stack size 0 bytes, startup_stm32f767xx.o(.text))
<BR>[Address Reference Count : 1]<UL><LI> startup_stm32f767xx.o(RESET)
</UL>
<P><STRONG><a name="[43]"></a>RTC_Alarm_IRQHandler</STRONG> (Thumb, 0 bytes, Stack size 0 bytes, startup_stm32f767xx.o(.text))
<BR>[Address Reference Count : 1]<UL><LI> startup_stm32f767xx.o(RESET)
</UL>
<P><STRONG><a name="[1d]"></a>RTC_WKUP_IRQHandler</STRONG> (Thumb, 0 bytes, Stack size 0 bytes, startup_stm32f767xx.o(.text))
<BR>[Address Reference Count : 1]<UL><LI> startup_stm32f767xx.o(RESET)
</UL>
<P><STRONG><a name="[70]"></a>SAI1_IRQHandler</STRONG> (Thumb, 0 bytes, Stack size 0 bytes, startup_stm32f767xx.o(.text))
<BR>[Address Reference Count : 1]<UL><LI> startup_stm32f767xx.o(RESET)
</UL>
<P><STRONG><a name="[74]"></a>SAI2_IRQHandler</STRONG> (Thumb, 0 bytes, Stack size 0 bytes, startup_stm32f767xx.o(.text))
<BR>[Address Reference Count : 1]<UL><LI> startup_stm32f767xx.o(RESET)
</UL>
<P><STRONG><a name="[4b]"></a>SDMMC1_IRQHandler</STRONG> (Thumb, 0 bytes, Stack size 0 bytes, startup_stm32f767xx.o(.text))
<BR>[Address Reference Count : 1]<UL><LI> startup_stm32f767xx.o(RESET)
</UL>
<P><STRONG><a name="[7f]"></a>SDMMC2_IRQHandler</STRONG> (Thumb, 0 bytes, Stack size 0 bytes, startup_stm32f767xx.o(.text))
<BR>[Address Reference Count : 1]<UL><LI> startup_stm32f767xx.o(RESET)
</UL>
<P><STRONG><a name="[7a]"></a>SPDIF_RX_IRQHandler</STRONG> (Thumb, 0 bytes, Stack size 0 bytes, startup_stm32f767xx.o(.text))
<BR>[Address Reference Count : 1]<UL><LI> startup_stm32f767xx.o(RESET)
</UL>
<P><STRONG><a name="[3d]"></a>SPI1_IRQHandler</STRONG> (Thumb, 0 bytes, Stack size 0 bytes, startup_stm32f767xx.o(.text))
<BR>[Address Reference Count : 1]<UL><LI> startup_stm32f767xx.o(RESET)
</UL>
<P><STRONG><a name="[3e]"></a>SPI2_IRQHandler</STRONG> (Thumb, 0 bytes, Stack size 0 bytes, startup_stm32f767xx.o(.text))
<BR>[Address Reference Count : 1]<UL><LI> startup_stm32f767xx.o(RESET)
</UL>
<P><STRONG><a name="[4d]"></a>SPI3_IRQHandler</STRONG> (Thumb, 0 bytes, Stack size 0 bytes, startup_stm32f767xx.o(.text))
<BR>[Address Reference Count : 1]<UL><LI> startup_stm32f767xx.o(RESET)
</UL>
<P><STRONG><a name="[6d]"></a>SPI4_IRQHandler</STRONG> (Thumb, 0 bytes, Stack size 0 bytes, startup_stm32f767xx.o(.text))
<BR>[Address Reference Count : 1]<UL><LI> startup_stm32f767xx.o(RESET)
</UL>
<P><STRONG><a name="[6e]"></a>SPI5_IRQHandler</STRONG> (Thumb, 0 bytes, Stack size 0 bytes, startup_stm32f767xx.o(.text))
<BR>[Address Reference Count : 1]<UL><LI> startup_stm32f767xx.o(RESET)
</UL>
<P><STRONG><a name="[6f]"></a>SPI6_IRQHandler</STRONG> (Thumb, 0 bytes, Stack size 0 bytes, startup_stm32f767xx.o(.text))
<BR>[Address Reference Count : 1]<UL><LI> startup_stm32f767xx.o(RESET)
</UL>
<P><STRONG><a name="[1c]"></a>TAMP_STAMP_IRQHandler</STRONG> (Thumb, 0 bytes, Stack size 0 bytes, startup_stm32f767xx.o(.text))
<BR>[Address Reference Count : 1]<UL><LI> startup_stm32f767xx.o(RESET)
</UL>
<P><STRONG><a name="[32]"></a>TIM1_BRK_TIM9_IRQHandler</STRONG> (Thumb, 0 bytes, Stack size 0 bytes, startup_stm32f767xx.o(.text))
<BR>[Address Reference Count : 1]<UL><LI> startup_stm32f767xx.o(RESET)
</UL>
<P><STRONG><a name="[35]"></a>TIM1_CC_IRQHandler</STRONG> (Thumb, 0 bytes, Stack size 0 bytes, startup_stm32f767xx.o(.text))
<BR>[Address Reference Count : 1]<UL><LI> startup_stm32f767xx.o(RESET)
</UL>
<P><STRONG><a name="[34]"></a>TIM1_TRG_COM_TIM11_IRQHandler</STRONG> (Thumb, 0 bytes, Stack size 0 bytes, startup_stm32f767xx.o(.text))
<BR>[Address Reference Count : 1]<UL><LI> startup_stm32f767xx.o(RESET)
</UL>
<P><STRONG><a name="[37]"></a>TIM3_IRQHandler</STRONG> (Thumb, 0 bytes, Stack size 0 bytes, startup_stm32f767xx.o(.text))
<BR>[Address Reference Count : 1]<UL><LI> startup_stm32f767xx.o(RESET)
</UL>
<P><STRONG><a name="[38]"></a>TIM4_IRQHandler</STRONG> (Thumb, 0 bytes, Stack size 0 bytes, startup_stm32f767xx.o(.text))
<BR>[Address Reference Count : 1]<UL><LI> startup_stm32f767xx.o(RESET)
</UL>
<P><STRONG><a name="[50]"></a>TIM6_DAC_IRQHandler</STRONG> (Thumb, 0 bytes, Stack size 0 bytes, startup_stm32f767xx.o(.text))
<BR>[Address Reference Count : 1]<UL><LI> startup_stm32f767xx.o(RESET)
</UL>
<P><STRONG><a name="[51]"></a>TIM7_IRQHandler</STRONG> (Thumb, 0 bytes, Stack size 0 bytes, startup_stm32f767xx.o(.text))
<BR>[Address Reference Count : 1]<UL><LI> startup_stm32f767xx.o(RESET)
</UL>
<P><STRONG><a name="[48]"></a>TIM8_CC_IRQHandler</STRONG> (Thumb, 0 bytes, Stack size 0 bytes, startup_stm32f767xx.o(.text))
<BR>[Address Reference Count : 1]<UL><LI> startup_stm32f767xx.o(RESET)
</UL>
<P><STRONG><a name="[47]"></a>TIM8_TRG_COM_TIM14_IRQHandler</STRONG> (Thumb, 0 bytes, Stack size 0 bytes, startup_stm32f767xx.o(.text))
<BR>[Address Reference Count : 1]<UL><LI> startup_stm32f767xx.o(RESET)
</UL>
<P><STRONG><a name="[4e]"></a>UART4_IRQHandler</STRONG> (Thumb, 0 bytes, Stack size 0 bytes, startup_stm32f767xx.o(.text))
<BR>[Address Reference Count : 1]<UL><LI> startup_stm32f767xx.o(RESET)
</UL>
<P><STRONG><a name="[6b]"></a>UART7_IRQHandler</STRONG> (Thumb, 0 bytes, Stack size 0 bytes, startup_stm32f767xx.o(.text))
<BR>[Address Reference Count : 1]<UL><LI> startup_stm32f767xx.o(RESET)
</UL>
<P><STRONG><a name="[6c]"></a>UART8_IRQHandler</STRONG> (Thumb, 0 bytes, Stack size 0 bytes, startup_stm32f767xx.o(.text))
<BR>[Address Reference Count : 1]<UL><LI> startup_stm32f767xx.o(RESET)
</UL>
<P><STRONG><a name="[3f]"></a>USART1_IRQHandler</STRONG> (Thumb, 0 bytes, Stack size 0 bytes, startup_stm32f767xx.o(.text))
<BR>[Address Reference Count : 1]<UL><LI> startup_stm32f767xx.o(RESET)
</UL>
<P><STRONG><a name="[40]"></a>USART2_IRQHandler</STRONG> (Thumb, 0 bytes, Stack size 0 bytes, startup_stm32f767xx.o(.text))
<BR>[Address Reference Count : 1]<UL><LI> startup_stm32f767xx.o(RESET)
</UL>
<P><STRONG><a name="[41]"></a>USART3_IRQHandler</STRONG> (Thumb, 0 bytes, Stack size 0 bytes, startup_stm32f767xx.o(.text))
<BR>[Address Reference Count : 1]<UL><LI> startup_stm32f767xx.o(RESET)
</UL>
<P><STRONG><a name="[61]"></a>USART6_IRQHandler</STRONG> (Thumb, 0 bytes, Stack size 0 bytes, startup_stm32f767xx.o(.text))
<BR>[Address Reference Count : 1]<UL><LI> startup_stm32f767xx.o(RESET)
</UL>
<P><STRONG><a name="[1a]"></a>WWDG_IRQHandler</STRONG> (Thumb, 0 bytes, Stack size 0 bytes, startup_stm32f767xx.o(.text))
<BR>[Address Reference Count : 1]<UL><LI> startup_stm32f767xx.o(RESET)
</UL>
<P><STRONG><a name="[be]"></a>__aeabi_uldivmod</STRONG> (Thumb, 98 bytes, Stack size 40 bytes, uldiv.o(.text))
<BR><BR>[Stack]<UL><LI>Max Depth = 40<LI>Call Chain = __aeabi_uldivmod
</UL>
<BR>[Calls]<UL><LI><a href="#[bf]">&gt;&gt;</a>&nbsp;&nbsp;&nbsp;__aeabi_llsr
<LI><a href="#[c0]">&gt;&gt;</a>&nbsp;&nbsp;&nbsp;__aeabi_llsl
</UL>
<BR>[Called By]<UL><LI><a href="#[1b7]">&gt;&gt;</a>&nbsp;&nbsp;&nbsp;HAL_RCC_GetSysClockFreq
<LI><a href="#[2a7]">&gt;&gt;</a>&nbsp;&nbsp;&nbsp;_printf_core
<LI><a href="#[2ac]">&gt;&gt;</a>&nbsp;&nbsp;&nbsp;_fp_digits
</UL>

<P><STRONG><a name="[c7]"></a>__rt_ctype_table</STRONG> (Thumb, 4 bytes, Stack size 0 bytes, ctype_o.o(.text))
<BR><BR>[Called By]<UL><LI><a href="#[c6]">&gt;&gt;</a>&nbsp;&nbsp;&nbsp;strtol
</UL>

<P><STRONG><a name="[3c8]"></a>rand</STRONG> (Thumb, 20 bytes, Stack size 0 bytes, rand.o(.text))
<BR><BR>[Called By]<UL><LI><a href="#[313]">&gt;&gt;</a>&nbsp;&nbsp;&nbsp;udp_init
<LI><a href="#[314]">&gt;&gt;</a>&nbsp;&nbsp;&nbsp;tcp_init
</UL>

<P><STRONG><a name="[40b]"></a>srand</STRONG> (Thumb, 6 bytes, Stack size 0 bytes, rand.o(.text), UNUSED)

<P><STRONG><a name="[40c]"></a>___aeabi_memcpy8$move</STRONG> (Thumb, 0 bytes, Stack size 8 bytes, memmovea.o(.text), UNUSED)

<P><STRONG><a name="[159]"></a>__aeabi_memcpy</STRONG> (Thumb, 64 bytes, Stack size 8 bytes, memmovea.o(.text))
<BR><BR>[Stack]<UL><LI>Max Depth = 8<LI>Call Chain = __aeabi_memcpy
</UL>
<BR>[Called By]<UL><LI><a href="#[277]">&gt;&gt;</a>&nbsp;&nbsp;&nbsp;USART_ReceiveProcess
<LI><a href="#[292]">&gt;&gt;</a>&nbsp;&nbsp;&nbsp;TcpSocketSendNew
<LI><a href="#[27c]">&gt;&gt;</a>&nbsp;&nbsp;&nbsp;TcpSocketProcessNew
<LI><a href="#[274]">&gt;&gt;</a>&nbsp;&nbsp;&nbsp;SBUS_ReceiveProcess
<LI><a href="#[285]">&gt;&gt;</a>&nbsp;&nbsp;&nbsp;lwip_accept
<LI><a href="#[fa]">&gt;&gt;</a>&nbsp;&nbsp;&nbsp;UsartDeviceWrite
<LI><a href="#[fb]">&gt;&gt;</a>&nbsp;&nbsp;&nbsp;UsartDeviceRead
<LI><a href="#[e3]">&gt;&gt;</a>&nbsp;&nbsp;&nbsp;FlashReadConfigurePara
<LI><a href="#[2a4]">&gt;&gt;</a>&nbsp;&nbsp;&nbsp;UsartWriteFlashConfigureParas
<LI><a href="#[22d]">&gt;&gt;</a>&nbsp;&nbsp;&nbsp;MotorCanSdoSet
<LI><a href="#[1fc]">&gt;&gt;</a>&nbsp;&nbsp;&nbsp;rt_ksendData
<LI><a href="#[204]">&gt;&gt;</a>&nbsp;&nbsp;&nbsp;SetErrorInfo
<LI><a href="#[93]">&gt;&gt;</a>&nbsp;&nbsp;&nbsp;low_level_output
<LI><a href="#[2db]">&gt;&gt;</a>&nbsp;&nbsp;&nbsp;low_level_input
<LI><a href="#[2a5]">&gt;&gt;</a>&nbsp;&nbsp;&nbsp;WifiNormalRespond
<LI><a href="#[15a]">&gt;&gt;</a>&nbsp;&nbsp;&nbsp;FlashWriteConfigurePara
<LI><a href="#[329]">&gt;&gt;</a>&nbsp;&nbsp;&nbsp;tcp_write
<LI><a href="#[394]">&gt;&gt;</a>&nbsp;&nbsp;&nbsp;prvCopyDataToQueue
<LI><a href="#[393]">&gt;&gt;</a>&nbsp;&nbsp;&nbsp;prvCopyDataFromQueue
<LI><a href="#[2eb]">&gt;&gt;</a>&nbsp;&nbsp;&nbsp;pbuf_copy
<LI><a href="#[32e]">&gt;&gt;</a>&nbsp;&nbsp;&nbsp;pbuf_copy_partial
<LI><a href="#[332]">&gt;&gt;</a>&nbsp;&nbsp;&nbsp;lwip_sock_make_addr
<LI><a href="#[302]">&gt;&gt;</a>&nbsp;&nbsp;&nbsp;ip_reass_free_complete_datagram
<LI><a href="#[2fd]">&gt;&gt;</a>&nbsp;&nbsp;&nbsp;ip_reass_enqueue_new_datagram
<LI><a href="#[2f6]">&gt;&gt;</a>&nbsp;&nbsp;&nbsp;ip4_reass
<LI><a href="#[2ef]">&gt;&gt;</a>&nbsp;&nbsp;&nbsp;ip4_frag
<LI><a href="#[2ea]">&gt;&gt;</a>&nbsp;&nbsp;&nbsp;icmp_input
<LI><a href="#[2e9]">&gt;&gt;</a>&nbsp;&nbsp;&nbsp;icmp_send_response
</UL>

<P><STRONG><a name="[10c]"></a>__aeabi_memcpy4</STRONG> (Thumb, 0 bytes, Stack size 8 bytes, memmovea.o(.text))
<BR><BR>[Stack]<UL><LI>Max Depth = 8<LI>Call Chain = __aeabi_memcpy4
</UL>
<BR>[Called By]<UL><LI><a href="#[277]">&gt;&gt;</a>&nbsp;&nbsp;&nbsp;USART_ReceiveProcess
<LI><a href="#[10b]">&gt;&gt;</a>&nbsp;&nbsp;&nbsp;CAN_SendProcess
<LI><a href="#[209]">&gt;&gt;</a>&nbsp;&nbsp;&nbsp;MX_FREERTOS_Init
<LI><a href="#[117]">&gt;&gt;</a>&nbsp;&nbsp;&nbsp;CanGetSingleRxBufferData
<LI><a href="#[294]">&gt;&gt;</a>&nbsp;&nbsp;&nbsp;test_kprintf
<LI><a href="#[20d]">&gt;&gt;</a>&nbsp;&nbsp;&nbsp;MX_LWIP_Init
<LI><a href="#[22d]">&gt;&gt;</a>&nbsp;&nbsp;&nbsp;MotorCanSdoSet
<LI><a href="#[22c]">&gt;&gt;</a>&nbsp;&nbsp;&nbsp;MotorCanSdoGet
<LI><a href="#[172]">&gt;&gt;</a>&nbsp;&nbsp;&nbsp;SetEposNMTState
<LI><a href="#[252]">&gt;&gt;</a>&nbsp;&nbsp;&nbsp;MotorSetTargetVelocity
<LI><a href="#[251]">&gt;&gt;</a>&nbsp;&nbsp;&nbsp;MotorSetTargetPosition
<LI><a href="#[250]">&gt;&gt;</a>&nbsp;&nbsp;&nbsp;MotorSetTargetCurrent
<LI><a href="#[127]">&gt;&gt;</a>&nbsp;&nbsp;&nbsp;MotorSetProfileVelocity
<LI><a href="#[129]">&gt;&gt;</a>&nbsp;&nbsp;&nbsp;MotorSetProfileDec
<LI><a href="#[128]">&gt;&gt;</a>&nbsp;&nbsp;&nbsp;MotorSetProfileAcc
<LI><a href="#[12c]">&gt;&gt;</a>&nbsp;&nbsp;&nbsp;MotorSetOperationMode
<LI><a href="#[130]">&gt;&gt;</a>&nbsp;&nbsp;&nbsp;MotorSetMotorEnableStatus
<LI><a href="#[24f]">&gt;&gt;</a>&nbsp;&nbsp;&nbsp;MotorSetMotorControlStatus
<LI><a href="#[12e]">&gt;&gt;</a>&nbsp;&nbsp;&nbsp;MotorSetHomingMethod
<LI><a href="#[174]">&gt;&gt;</a>&nbsp;&nbsp;&nbsp;MotorSetAbortConnectionOptionCode
<LI><a href="#[24b]">&gt;&gt;</a>&nbsp;&nbsp;&nbsp;MotorSendReadVolCmd
<LI><a href="#[126]">&gt;&gt;</a>&nbsp;&nbsp;&nbsp;MotorSendReadVelocity
<LI><a href="#[249]">&gt;&gt;</a>&nbsp;&nbsp;&nbsp;MotorSendReadTmpCmd
<LI><a href="#[24e]">&gt;&gt;</a>&nbsp;&nbsp;&nbsp;MotorSendReadStatus
<LI><a href="#[247]">&gt;&gt;</a>&nbsp;&nbsp;&nbsp;MotorSendReadPosCmd
<LI><a href="#[24a]">&gt;&gt;</a>&nbsp;&nbsp;&nbsp;MotorSendReadDriverTmpCmd
<LI><a href="#[24d]">&gt;&gt;</a>&nbsp;&nbsp;&nbsp;MotorSendReadControlStatus
<LI><a href="#[248]">&gt;&gt;</a>&nbsp;&nbsp;&nbsp;MotorSendReadAvarageCurrentCmd
<LI><a href="#[24c]">&gt;&gt;</a>&nbsp;&nbsp;&nbsp;MotorReadVelocity
<LI><a href="#[124]">&gt;&gt;</a>&nbsp;&nbsp;&nbsp;MotorReadStatus
<LI><a href="#[244]">&gt;&gt;</a>&nbsp;&nbsp;&nbsp;MotorReadPosition
<LI><a href="#[246]">&gt;&gt;</a>&nbsp;&nbsp;&nbsp;MotorReadIOStatus
<LI><a href="#[175]">&gt;&gt;</a>&nbsp;&nbsp;&nbsp;MotorReadErrorCode
<LI><a href="#[12f]">&gt;&gt;</a>&nbsp;&nbsp;&nbsp;MotorReadEnableStatus
<LI><a href="#[12b]">&gt;&gt;</a>&nbsp;&nbsp;&nbsp;MotorGetOperationMode
<LI><a href="#[12d]">&gt;&gt;</a>&nbsp;&nbsp;&nbsp;MotorGetHomingMethod
<LI><a href="#[12a]">&gt;&gt;</a>&nbsp;&nbsp;&nbsp;MotorDeviceControlCmdWithJudge
<LI><a href="#[125]">&gt;&gt;</a>&nbsp;&nbsp;&nbsp;MotorDeviceControlCmd
<LI><a href="#[173]">&gt;&gt;</a>&nbsp;&nbsp;&nbsp;MotorCanDisableTransimitPdo
<LI><a href="#[2d8]">&gt;&gt;</a>&nbsp;&nbsp;&nbsp;low_level_init
<LI><a href="#[245]">&gt;&gt;</a>&nbsp;&nbsp;&nbsp;MotorReadAvarageCurrentCmd
<LI><a href="#[241]">&gt;&gt;</a>&nbsp;&nbsp;&nbsp;MotorGetTargetVelocity
<LI><a href="#[240]">&gt;&gt;</a>&nbsp;&nbsp;&nbsp;MotorGetTargetPosition
<LI><a href="#[104]">&gt;&gt;</a>&nbsp;&nbsp;&nbsp;ReadBatteryInfoFromYBT_v3
<LI><a href="#[103]">&gt;&gt;</a>&nbsp;&nbsp;&nbsp;ReadBatteryInfoFromYBT_v2
<LI><a href="#[106]">&gt;&gt;</a>&nbsp;&nbsp;&nbsp;ReadBatteryInfoFromJIUPUFourLarge
<LI><a href="#[102]">&gt;&gt;</a>&nbsp;&nbsp;&nbsp;ReadBatteryInfoFromBestWay
</UL>

<P><STRONG><a name="[40d]"></a>__aeabi_memmove</STRONG> (Thumb, 0 bytes, Stack size 8 bytes, memmovea.o(.text), UNUSED)

<P><STRONG><a name="[40e]"></a>__aeabi_memmove4</STRONG> (Thumb, 0 bytes, Stack size 8 bytes, memmovea.o(.text), UNUSED)

<P><STRONG><a name="[40f]"></a>__aeabi_memmove8</STRONG> (Thumb, 0 bytes, Stack size 8 bytes, memmovea.o(.text), UNUSED)

<P><STRONG><a name="[c2]"></a>__aeabi_memset</STRONG> (Thumb, 14 bytes, Stack size 0 bytes, memseta.o(.text))
<BR><BR>[Called By]<UL><LI><a href="#[15a]">&gt;&gt;</a>&nbsp;&nbsp;&nbsp;FlashWriteConfigurePara
<LI><a href="#[c3]">&gt;&gt;</a>&nbsp;&nbsp;&nbsp;memset
<LI><a href="#[c1]">&gt;&gt;</a>&nbsp;&nbsp;&nbsp;__aeabi_memclr
</UL>

<P><STRONG><a name="[410]"></a>__aeabi_memset4</STRONG> (Thumb, 0 bytes, Stack size 0 bytes, memseta.o(.text), UNUSED)

<P><STRONG><a name="[411]"></a>__aeabi_memset8</STRONG> (Thumb, 0 bytes, Stack size 0 bytes, memseta.o(.text), UNUSED)

<P><STRONG><a name="[c1]"></a>__aeabi_memclr</STRONG> (Thumb, 4 bytes, Stack size 0 bytes, memseta.o(.text))
<BR><BR>[Calls]<UL><LI><a href="#[c2]">&gt;&gt;</a>&nbsp;&nbsp;&nbsp;__aeabi_memset
</UL>
<BR>[Called By]<UL><LI><a href="#[e4]">&gt;&gt;</a>&nbsp;&nbsp;&nbsp;FlashReadMotorPara
</UL>

<P><STRONG><a name="[15b]"></a>__aeabi_memclr4</STRONG> (Thumb, 0 bytes, Stack size 0 bytes, memseta.o(.text))
<BR><BR>[Called By]<UL><LI><a href="#[eb]">&gt;&gt;</a>&nbsp;&nbsp;&nbsp;GPIOInitState
<LI><a href="#[218]">&gt;&gt;</a>&nbsp;&nbsp;&nbsp;MX_TIM3_Init
<LI><a href="#[216]">&gt;&gt;</a>&nbsp;&nbsp;&nbsp;MX_TIM2_Init
<LI><a href="#[215]">&gt;&gt;</a>&nbsp;&nbsp;&nbsp;MX_TIM12_Init
<LI><a href="#[20c]">&gt;&gt;</a>&nbsp;&nbsp;&nbsp;MX_GPIO_Init
<LI><a href="#[289]">&gt;&gt;</a>&nbsp;&nbsp;&nbsp;SystemClock_Config
<LI><a href="#[25a]">&gt;&gt;</a>&nbsp;&nbsp;&nbsp;PWMTIM5Init
<LI><a href="#[1ce]">&gt;&gt;</a>&nbsp;&nbsp;&nbsp;HAL_TIM_MspPostInit
<LI><a href="#[1c2]">&gt;&gt;</a>&nbsp;&nbsp;&nbsp;HAL_TIM_IC_MspInit
<LI><a href="#[18b]">&gt;&gt;</a>&nbsp;&nbsp;&nbsp;HAL_CAN_MspInit
<LI><a href="#[179]">&gt;&gt;</a>&nbsp;&nbsp;&nbsp;HAL_ADC_MspInit
<LI><a href="#[ea]">&gt;&gt;</a>&nbsp;&nbsp;&nbsp;InitMotorPara
<LI><a href="#[e4]">&gt;&gt;</a>&nbsp;&nbsp;&nbsp;FlashReadMotorPara
<LI><a href="#[1e6]">&gt;&gt;</a>&nbsp;&nbsp;&nbsp;HAL_UART_MspInit
<LI><a href="#[237]">&gt;&gt;</a>&nbsp;&nbsp;&nbsp;ProcessMotorRunModeCurrent
<LI><a href="#[23b]">&gt;&gt;</a>&nbsp;&nbsp;&nbsp;TestMotorDataUploadProcess
<LI><a href="#[198]">&gt;&gt;</a>&nbsp;&nbsp;&nbsp;HAL_ETH_MspInit
<LI><a href="#[3aa]">&gt;&gt;</a>&nbsp;&nbsp;&nbsp;sys_thread_new
<LI><a href="#[164]">&gt;&gt;</a>&nbsp;&nbsp;&nbsp;GenerateMasterAccessRespond
<LI><a href="#[3f1]">&gt;&gt;</a>&nbsp;&nbsp;&nbsp;udp_new
<LI><a href="#[3b2]">&gt;&gt;</a>&nbsp;&nbsp;&nbsp;tcp_alloc
<LI><a href="#[2fd]">&gt;&gt;</a>&nbsp;&nbsp;&nbsp;ip_reass_enqueue_new_datagram
</UL>

<P><STRONG><a name="[412]"></a>__aeabi_memclr8</STRONG> (Thumb, 0 bytes, Stack size 0 bytes, memseta.o(.text), UNUSED)

<P><STRONG><a name="[c3]"></a>memset</STRONG> (Thumb, 18 bytes, Stack size 8 bytes, memseta.o(.text), UNUSED)
<BR><BR>[Calls]<UL><LI><a href="#[c2]">&gt;&gt;</a>&nbsp;&nbsp;&nbsp;__aeabi_memset
</UL>

<P><STRONG><a name="[276]"></a>memcmp</STRONG> (Thumb, 26 bytes, Stack size 12 bytes, memcmp.o(.text))
<BR><BR>[Stack]<UL><LI>Max Depth = 12<LI>Call Chain = memcmp
</UL>
<BR>[Called By]<UL><LI><a href="#[14c]">&gt;&gt;</a>&nbsp;&nbsp;&nbsp;SetMotorRunModeDataForce
<LI><a href="#[ad]">&gt;&gt;</a>&nbsp;&nbsp;&nbsp;ethernet_input
</UL>

<P><STRONG><a name="[c4]"></a>atoi</STRONG> (Thumb, 26 bytes, Stack size 16 bytes, atoi.o(.text))
<BR><BR>[Stack]<UL><LI>Max Depth = 88<LI>Call Chain = atoi &rArr; strtol &rArr; _strtoul
</UL>
<BR>[Calls]<UL><LI><a href="#[c6]">&gt;&gt;</a>&nbsp;&nbsp;&nbsp;strtol
<LI><a href="#[c5]">&gt;&gt;</a>&nbsp;&nbsp;&nbsp;__aeabi_errno_addr
</UL>
<BR>[Called By]<UL><LI><a href="#[33b]">&gt;&gt;</a>&nbsp;&nbsp;&nbsp;netif_find
</UL>

<P><STRONG><a name="[413]"></a>__aeabi_uidiv</STRONG> (Thumb, 0 bytes, Stack size 12 bytes, uidiv.o(.text), UNUSED)

<P><STRONG><a name="[2b0]"></a>__aeabi_uidivmod</STRONG> (Thumb, 44 bytes, Stack size 12 bytes, uidiv.o(.text), UNUSED)
<BR><BR>[Called By]<UL><LI><a href="#[2a7]">&gt;&gt;</a>&nbsp;&nbsp;&nbsp;_printf_core
</UL>

<P><STRONG><a name="[c0]"></a>__aeabi_llsl</STRONG> (Thumb, 30 bytes, Stack size 0 bytes, llshl.o(.text))
<BR><BR>[Called By]<UL><LI><a href="#[cb]">&gt;&gt;</a>&nbsp;&nbsp;&nbsp;_double_epilogue
<LI><a href="#[c9]">&gt;&gt;</a>&nbsp;&nbsp;&nbsp;__aeabi_dadd
<LI><a href="#[d2]">&gt;&gt;</a>&nbsp;&nbsp;&nbsp;__aeabi_d2ulz
<LI><a href="#[be]">&gt;&gt;</a>&nbsp;&nbsp;&nbsp;__aeabi_uldivmod
</UL>

<P><STRONG><a name="[414]"></a>_ll_shift_l</STRONG> (Thumb, 0 bytes, Stack size 0 bytes, llshl.o(.text), UNUSED)

<P><STRONG><a name="[bf]"></a>__aeabi_llsr</STRONG> (Thumb, 32 bytes, Stack size 0 bytes, llushr.o(.text))
<BR><BR>[Called By]<UL><LI><a href="#[cb]">&gt;&gt;</a>&nbsp;&nbsp;&nbsp;_double_epilogue
<LI><a href="#[d2]">&gt;&gt;</a>&nbsp;&nbsp;&nbsp;__aeabi_d2ulz
<LI><a href="#[be]">&gt;&gt;</a>&nbsp;&nbsp;&nbsp;__aeabi_uldivmod
</UL>

<P><STRONG><a name="[415]"></a>_ll_ushift_r</STRONG> (Thumb, 0 bytes, Stack size 0 bytes, llushr.o(.text), UNUSED)

<P><STRONG><a name="[c6]"></a>strtol</STRONG> (Thumb, 112 bytes, Stack size 32 bytes, strtol.o(.text))
<BR><BR>[Stack]<UL><LI>Max Depth = 72<LI>Call Chain = strtol &rArr; _strtoul
</UL>
<BR>[Calls]<UL><LI><a href="#[c8]">&gt;&gt;</a>&nbsp;&nbsp;&nbsp;_strtoul
<LI><a href="#[c5]">&gt;&gt;</a>&nbsp;&nbsp;&nbsp;__aeabi_errno_addr
<LI><a href="#[c7]">&gt;&gt;</a>&nbsp;&nbsp;&nbsp;__rt_ctype_table
</UL>
<BR>[Called By]<UL><LI><a href="#[c4]">&gt;&gt;</a>&nbsp;&nbsp;&nbsp;atoi
</UL>

<P><STRONG><a name="[416]"></a>__I$use$fp</STRONG> (Thumb, 0 bytes, Stack size 48 bytes, iusefp.o(.text), UNUSED)

<P><STRONG><a name="[c9]"></a>__aeabi_dadd</STRONG> (Thumb, 322 bytes, Stack size 48 bytes, dadd.o(.text), UNUSED)
<BR><BR>[Calls]<UL><LI><a href="#[ca]">&gt;&gt;</a>&nbsp;&nbsp;&nbsp;__aeabi_lasr
<LI><a href="#[cc]">&gt;&gt;</a>&nbsp;&nbsp;&nbsp;_double_round
<LI><a href="#[cb]">&gt;&gt;</a>&nbsp;&nbsp;&nbsp;_double_epilogue
<LI><a href="#[c0]">&gt;&gt;</a>&nbsp;&nbsp;&nbsp;__aeabi_llsl
</UL>
<BR>[Called By]<UL><LI><a href="#[ce]">&gt;&gt;</a>&nbsp;&nbsp;&nbsp;__aeabi_drsub
<LI><a href="#[cd]">&gt;&gt;</a>&nbsp;&nbsp;&nbsp;__aeabi_dsub
<LI><a href="#[2ac]">&gt;&gt;</a>&nbsp;&nbsp;&nbsp;_fp_digits
</UL>

<P><STRONG><a name="[cd]"></a>__aeabi_dsub</STRONG> (Thumb, 6 bytes, Stack size 0 bytes, dadd.o(.text), UNUSED)
<BR><BR>[Calls]<UL><LI><a href="#[c9]">&gt;&gt;</a>&nbsp;&nbsp;&nbsp;__aeabi_dadd
</UL>

<P><STRONG><a name="[ce]"></a>__aeabi_drsub</STRONG> (Thumb, 6 bytes, Stack size 0 bytes, dadd.o(.text), UNUSED)
<BR><BR>[Calls]<UL><LI><a href="#[c9]">&gt;&gt;</a>&nbsp;&nbsp;&nbsp;__aeabi_dadd
</UL>

<P><STRONG><a name="[cf]"></a>__aeabi_dmul</STRONG> (Thumb, 228 bytes, Stack size 48 bytes, dmul.o(.text), UNUSED)
<BR><BR>[Calls]<UL><LI><a href="#[cb]">&gt;&gt;</a>&nbsp;&nbsp;&nbsp;_double_epilogue
</UL>
<BR>[Called By]<UL><LI><a href="#[2ac]">&gt;&gt;</a>&nbsp;&nbsp;&nbsp;_fp_digits
</UL>

<P><STRONG><a name="[d0]"></a>__aeabi_ddiv</STRONG> (Thumb, 222 bytes, Stack size 32 bytes, ddiv.o(.text), UNUSED)
<BR><BR>[Calls]<UL><LI><a href="#[cc]">&gt;&gt;</a>&nbsp;&nbsp;&nbsp;_double_round
</UL>
<BR>[Called By]<UL><LI><a href="#[2ac]">&gt;&gt;</a>&nbsp;&nbsp;&nbsp;_fp_digits
</UL>

<P><STRONG><a name="[d1]"></a>_drem</STRONG> (Thumb, 134 bytes, Stack size 48 bytes, drem.o(.text))
<BR><BR>[Stack]<UL><LI>Max Depth = 88<LI>Call Chain = _drem &rArr; _double_epilogue &rArr; _double_round
</UL>
<BR>[Calls]<UL><LI><a href="#[cb]">&gt;&gt;</a>&nbsp;&nbsp;&nbsp;_double_epilogue
</UL>
<BR>[Called By]<UL><LI><a href="#[13a]">&gt;&gt;</a>&nbsp;&nbsp;&nbsp;__hardfp_fmod
</UL>

<P><STRONG><a name="[d2]"></a>__aeabi_d2ulz</STRONG> (Thumb, 48 bytes, Stack size 0 bytes, dfixul.o(.text), UNUSED)
<BR><BR>[Calls]<UL><LI><a href="#[bf]">&gt;&gt;</a>&nbsp;&nbsp;&nbsp;__aeabi_llsr
<LI><a href="#[c0]">&gt;&gt;</a>&nbsp;&nbsp;&nbsp;__aeabi_llsl
</UL>
<BR>[Called By]<UL><LI><a href="#[2ac]">&gt;&gt;</a>&nbsp;&nbsp;&nbsp;_fp_digits
</UL>

<P><STRONG><a name="[2ad]"></a>__aeabi_cdrcmple</STRONG> (Thumb, 48 bytes, Stack size 0 bytes, cdrcmple.o(.text), UNUSED)
<BR><BR>[Called By]<UL><LI><a href="#[2ac]">&gt;&gt;</a>&nbsp;&nbsp;&nbsp;_fp_digits
</UL>

<P><STRONG><a name="[bc]"></a>__scatterload</STRONG> (Thumb, 28 bytes, Stack size 0 bytes, init.o(.text))
<BR><BR>[Calls]<UL><LI><a href="#[d3]">&gt;&gt;</a>&nbsp;&nbsp;&nbsp;__main_after_scatterload
</UL>
<BR>[Called By]<UL><LI><a href="#[bb]">&gt;&gt;</a>&nbsp;&nbsp;&nbsp;_main_scatterload
</UL>

<P><STRONG><a name="[417]"></a>__scatterload_rt2</STRONG> (Thumb, 0 bytes, Stack size 0 bytes, init.o(.text), UNUSED)

<P><STRONG><a name="[ca]"></a>__aeabi_lasr</STRONG> (Thumb, 36 bytes, Stack size 0 bytes, llsshr.o(.text), UNUSED)
<BR><BR>[Called By]<UL><LI><a href="#[c9]">&gt;&gt;</a>&nbsp;&nbsp;&nbsp;__aeabi_dadd
</UL>

<P><STRONG><a name="[418]"></a>__semihosting_library_function</STRONG> (Thumb, 0 bytes, Stack size 0 bytes, semi.o(.text), UNUSED)

<P><STRONG><a name="[419]"></a>_ll_sshift_r</STRONG> (Thumb, 0 bytes, Stack size 0 bytes, llsshr.o(.text), UNUSED)

<P><STRONG><a name="[c8]"></a>_strtoul</STRONG> (Thumb, 158 bytes, Stack size 40 bytes, _strtoul.o(.text))
<BR><BR>[Stack]<UL><LI>Max Depth = 40<LI>Call Chain = _strtoul
</UL>
<BR>[Calls]<UL><LI><a href="#[d4]">&gt;&gt;</a>&nbsp;&nbsp;&nbsp;_chval
<LI><a href="#[c5]">&gt;&gt;</a>&nbsp;&nbsp;&nbsp;__aeabi_errno_addr
</UL>
<BR>[Called By]<UL><LI><a href="#[c6]">&gt;&gt;</a>&nbsp;&nbsp;&nbsp;strtol
</UL>

<P><STRONG><a name="[41a]"></a>__I$use$semihosting$fputc</STRONG> (Thumb, 0 bytes, Stack size 8 bytes, iusesemip.o(.text), UNUSED)

<P><STRONG><a name="[cc]"></a>_double_round</STRONG> (Thumb, 30 bytes, Stack size 8 bytes, depilogue.o(.text))
<BR><BR>[Stack]<UL><LI>Max Depth = 8<LI>Call Chain = _double_round
</UL>
<BR>[Called By]<UL><LI><a href="#[cb]">&gt;&gt;</a>&nbsp;&nbsp;&nbsp;_double_epilogue
<LI><a href="#[d0]">&gt;&gt;</a>&nbsp;&nbsp;&nbsp;__aeabi_ddiv
<LI><a href="#[c9]">&gt;&gt;</a>&nbsp;&nbsp;&nbsp;__aeabi_dadd
</UL>

<P><STRONG><a name="[cb]"></a>_double_epilogue</STRONG> (Thumb, 156 bytes, Stack size 32 bytes, depilogue.o(.text))
<BR><BR>[Stack]<UL><LI>Max Depth = 40<LI>Call Chain = _double_epilogue &rArr; _double_round
</UL>
<BR>[Calls]<UL><LI><a href="#[cc]">&gt;&gt;</a>&nbsp;&nbsp;&nbsp;_double_round
<LI><a href="#[bf]">&gt;&gt;</a>&nbsp;&nbsp;&nbsp;__aeabi_llsr
<LI><a href="#[c0]">&gt;&gt;</a>&nbsp;&nbsp;&nbsp;__aeabi_llsl
</UL>
<BR>[Called By]<UL><LI><a href="#[cf]">&gt;&gt;</a>&nbsp;&nbsp;&nbsp;__aeabi_dmul
<LI><a href="#[c9]">&gt;&gt;</a>&nbsp;&nbsp;&nbsp;__aeabi_dadd
<LI><a href="#[d1]">&gt;&gt;</a>&nbsp;&nbsp;&nbsp;_drem
</UL>

<P><STRONG><a name="[d4]"></a>_chval</STRONG> (Thumb, 28 bytes, Stack size 0 bytes, _chval.o(.text))
<BR><BR>[Called By]<UL><LI><a href="#[c8]">&gt;&gt;</a>&nbsp;&nbsp;&nbsp;_strtoul
</UL>

<P><STRONG><a name="[41b]"></a>__decompress</STRONG> (Thumb, 0 bytes, Stack size unknown bytes, __dczerorl2.o(.text), UNUSED)

<P><STRONG><a name="[41c]"></a>__decompress1</STRONG> (Thumb, 86 bytes, Stack size unknown bytes, __dczerorl2.o(.text), UNUSED)

<P><STRONG><a name="[d5]"></a>ADCGetMidAdcValue</STRONG> (Thumb, 62 bytes, Stack size 16 bytes, adc.o(i.ADCGetMidAdcValue))
<BR><BR>[Stack]<UL><LI>Max Depth = 44<LI>Call Chain = ADCGetMidAdcValue &rArr; Dichotomyfiltering
</UL>
<BR>[Calls]<UL><LI><a href="#[d6]">&gt;&gt;</a>&nbsp;&nbsp;&nbsp;Dichotomyfiltering
</UL>
<BR>[Called By]<UL><LI><a href="#[d8]">&gt;&gt;</a>&nbsp;&nbsp;&nbsp;AdcGetSensorValue
</UL>

<P><STRONG><a name="[d7]"></a>ADCTmpGetMidAdcValue</STRONG> (Thumb, 64 bytes, Stack size 16 bytes, adc.o(i.ADCTmpGetMidAdcValue))
<BR><BR>[Stack]<UL><LI>Max Depth = 44<LI>Call Chain = ADCTmpGetMidAdcValue &rArr; Dichotomyfiltering
</UL>
<BR>[Calls]<UL><LI><a href="#[d6]">&gt;&gt;</a>&nbsp;&nbsp;&nbsp;Dichotomyfiltering
</UL>
<BR>[Called By]<UL><LI><a href="#[dc]">&gt;&gt;</a>&nbsp;&nbsp;&nbsp;AdcTmpGetSensorValue
</UL>

<P><STRONG><a name="[d8]"></a>AdcGetSensorValue</STRONG> (Thumb, 100 bytes, Stack size 16 bytes, adc.o(i.AdcGetSensorValue))
<BR><BR>[Stack]<UL><LI>Max Depth = 60<LI>Call Chain = AdcGetSensorValue &rArr; ADCGetMidAdcValue &rArr; Dichotomyfiltering
</UL>
<BR>[Calls]<UL><LI><a href="#[d5]">&gt;&gt;</a>&nbsp;&nbsp;&nbsp;ADCGetMidAdcValue
</UL>
<BR>[Called By]<UL><LI><a href="#[26d]">&gt;&gt;</a>&nbsp;&nbsp;&nbsp;ReadAdcSensorValue
<LI><a href="#[115]">&gt;&gt;</a>&nbsp;&nbsp;&nbsp;CalcPid_incres_driver
<LI><a href="#[235]">&gt;&gt;</a>&nbsp;&nbsp;&nbsp;ProcessMotorRunModePos
<LI><a href="#[233]">&gt;&gt;</a>&nbsp;&nbsp;&nbsp;ProcessMotorRunModeHomming
<LI><a href="#[23a]">&gt;&gt;</a>&nbsp;&nbsp;&nbsp;PIDCurrentAdjust
<LI><a href="#[22f]">&gt;&gt;</a>&nbsp;&nbsp;&nbsp;OldTestProcess
</UL>

<P><STRONG><a name="[d9]"></a>AdcStart</STRONG> (Thumb, 36 bytes, Stack size 8 bytes, adc.o(i.AdcStart))
<BR><BR>[Stack]<UL><LI>Max Depth = 16<LI>Call Chain = AdcStart &rArr; HAL_ADC_Start
</UL>
<BR>[Calls]<UL><LI><a href="#[db]">&gt;&gt;</a>&nbsp;&nbsp;&nbsp;HAL_ADC_Start
<LI><a href="#[da]">&gt;&gt;</a>&nbsp;&nbsp;&nbsp;LL_ADC_REG_SetDMATransfer
</UL>
<BR>[Called By]<UL><LI><a href="#[e1]">&gt;&gt;</a>&nbsp;&nbsp;&nbsp;AllDataInit
</UL>

<P><STRONG><a name="[dc]"></a>AdcTmpGetSensorValue</STRONG> (Thumb, 122 bytes, Stack size 12 bytes, adc.o(i.AdcTmpGetSensorValue))
<BR><BR>[Stack]<UL><LI>Max Depth = 56<LI>Call Chain = AdcTmpGetSensorValue &rArr; ADCTmpGetMidAdcValue &rArr; Dichotomyfiltering
</UL>
<BR>[Calls]<UL><LI><a href="#[dd]">&gt;&gt;</a>&nbsp;&nbsp;&nbsp;CalculateTemperature
<LI><a href="#[d7]">&gt;&gt;</a>&nbsp;&nbsp;&nbsp;ADCTmpGetMidAdcValue
</UL>
<BR>[Called By]<UL><LI><a href="#[270]">&gt;&gt;</a>&nbsp;&nbsp;&nbsp;ReadTmpProcess
</UL>

<P><STRONG><a name="[de]"></a>AddTailDubugMsg</STRONG> (Thumb, 202 bytes, Stack size 40 bytes, log_printf.o(i.AddTailDubugMsg))
<BR><BR>[Stack]<UL><LI>Max Depth = 72<LI>Call Chain = AddTailDubugMsg &rArr; __2snprintf
</UL>
<BR>[Calls]<UL><LI><a href="#[df]">&gt;&gt;</a>&nbsp;&nbsp;&nbsp;HAL_GetTick
<LI><a href="#[e0]">&gt;&gt;</a>&nbsp;&nbsp;&nbsp;__2snprintf
</UL>
<BR>[Called By]<UL><LI><a href="#[27e]">&gt;&gt;</a>&nbsp;&nbsp;&nbsp;rt_kprintf_log_buf
<LI><a href="#[1fc]">&gt;&gt;</a>&nbsp;&nbsp;&nbsp;rt_ksendData
</UL>

<P><STRONG><a name="[f0]"></a>AppTim_ISRProc</STRONG> (Thumb, 82 bytes, Stack size 8 bytes, tim.o(i.AppTim_ISRProc))
<BR><BR>[Stack]<UL><LI>Max Depth = 8<LI>Call Chain = AppTim_ISRProc
</UL>
<BR>[Calls]<UL><LI><a href="#[f1]">&gt;&gt;</a>&nbsp;&nbsp;&nbsp;HAL_TIM_ReadCapturedValue
</UL>
<BR>[Called By]<UL><LI><a href="#[4c]">&gt;&gt;</a>&nbsp;&nbsp;&nbsp;TIM5_IRQHandler
</UL>

<P><STRONG><a name="[e9]"></a>AppUsartInit</STRONG> (Thumb, 78 bytes, Stack size 8 bytes, usart.o(i.AppUsartInit))
<BR><BR>[Stack]<UL><LI>Max Depth = 8<LI>Call Chain = AppUsartInit
</UL>
<BR>[Calls]<UL><LI><a href="#[f2]">&gt;&gt;</a>&nbsp;&nbsp;&nbsp;HAL_UART_ReceiverTimeout_Config
<LI><a href="#[f3]">&gt;&gt;</a>&nbsp;&nbsp;&nbsp;HAL_UART_EnableReceiverTimeout
</UL>
<BR>[Called By]<UL><LI><a href="#[e1]">&gt;&gt;</a>&nbsp;&nbsp;&nbsp;AllDataInit
</UL>

<P><STRONG><a name="[f4]"></a>AppUsart_ISRProc</STRONG> (Thumb, 68 bytes, Stack size 8 bytes, usart.o(i.AppUsart_ISRProc))
<BR><BR>[Stack]<UL><LI>Max Depth = 24<LI>Call Chain = AppUsart_ISRProc &rArr; GetUsartRxDmaDataLength
</UL>
<BR>[Calls]<UL><LI><a href="#[f5]">&gt;&gt;</a>&nbsp;&nbsp;&nbsp;GetUsartRxDmaDataLength
</UL>
<BR>[Called By]<UL><LI><a href="#[4f]">&gt;&gt;</a>&nbsp;&nbsp;&nbsp;UART5_IRQHandler
</UL>

<P><STRONG><a name="[f6]"></a>BatterPrintInfo</STRONG> (Thumb, 546 bytes, Stack size 64 bytes, battery.o(i.BatterPrintInfo))
<BR><BR>[Stack]<UL><LI>Max Depth = 540<LI>Call Chain = BatterPrintInfo &rArr; rt_kprintf &rArr; rt_ksendData &rArr; usart_kprintf &rArr; UsartDeviceWrite &rArr;  rt_kprintf (Cycle)
</UL>
<BR>[Calls]<UL><LI><a href="#[f7]">&gt;&gt;</a>&nbsp;&nbsp;&nbsp;rt_kprintf
</UL>
<BR>[Called By]<UL><LI><a href="#[290]">&gt;&gt;</a>&nbsp;&nbsp;&nbsp;WifiRevCmdAnalysis
<LI><a href="#[fd]">&gt;&gt;</a>&nbsp;&nbsp;&nbsp;BatteryCollectProcess
</UL>

<P><STRONG><a name="[fd]"></a>BatteryCollectProcess</STRONG> (Thumb, 782 bytes, Stack size 16 bytes, battery.o(i.BatteryCollectProcess))
<BR><BR>[Stack]<UL><LI>Max Depth = 692<LI>Call Chain = BatteryCollectProcess &rArr; ReadBatteryInfoFromYBT_v3 &rArr; CanDeviceRead &rArr; rt_kprintf &rArr; rt_ksendData &rArr; usart_kprintf &rArr; UsartDeviceWrite &rArr;  rt_kprintf (Cycle)
</UL>
<BR>[Calls]<UL><LI><a href="#[df]">&gt;&gt;</a>&nbsp;&nbsp;&nbsp;HAL_GetTick
<LI><a href="#[f6]">&gt;&gt;</a>&nbsp;&nbsp;&nbsp;BatterPrintInfo
<LI><a href="#[fe]">&gt;&gt;</a>&nbsp;&nbsp;&nbsp;ReadMiniUfoV2BatteryInfoFrom485
<LI><a href="#[104]">&gt;&gt;</a>&nbsp;&nbsp;&nbsp;ReadBatteryInfoFromYBT_v3
<LI><a href="#[103]">&gt;&gt;</a>&nbsp;&nbsp;&nbsp;ReadBatteryInfoFromYBT_v2
<LI><a href="#[105]">&gt;&gt;</a>&nbsp;&nbsp;&nbsp;ReadBatteryInfoFromYBTThreeLarge
<LI><a href="#[100]">&gt;&gt;</a>&nbsp;&nbsp;&nbsp;ReadBatteryInfoFromYBT
<LI><a href="#[101]">&gt;&gt;</a>&nbsp;&nbsp;&nbsp;ReadBatteryInfoFromJK
<LI><a href="#[106]">&gt;&gt;</a>&nbsp;&nbsp;&nbsp;ReadBatteryInfoFromJIUPUFourLarge
<LI><a href="#[102]">&gt;&gt;</a>&nbsp;&nbsp;&nbsp;ReadBatteryInfoFromBestWay
<LI><a href="#[ff]">&gt;&gt;</a>&nbsp;&nbsp;&nbsp;ReadBatteryInfoFrom485Modbus
</UL>
<BR>[Called By]<UL><LI><a href="#[b4]">&gt;&gt;</a>&nbsp;&nbsp;&nbsp;StartTaskSD
<LI><a href="#[b0]">&gt;&gt;</a>&nbsp;&nbsp;&nbsp;StartTaskMain
</UL>

<P><STRONG><a name="[14]"></a>BusFault_Handler</STRONG> (Thumb, 4 bytes, Stack size 0 bytes, stm32f7xx_it.o(i.BusFault_Handler))
<BR>[Address Reference Count : 1]<UL><LI> startup_stm32f767xx.o(RESET)
</UL>
<P><STRONG><a name="[2e]"></a>CAN1_RX0_IRQHandler</STRONG> (Thumb, 10 bytes, Stack size 8 bytes, stm32f7xx_it.o(i.CAN1_RX0_IRQHandler))
<BR><BR>[Stack]<UL><LI>Max Depth = 104<LI>Call Chain = CAN1_RX0_IRQHandler &rArr; HAL_CAN_IRQHandler &rArr; HAL_CAN_RxFifo0MsgPendingCallback &rArr; HAL_CAN_GetRxMessage
</UL>
<BR>[Calls]<UL><LI><a href="#[107]">&gt;&gt;</a>&nbsp;&nbsp;&nbsp;HAL_CAN_IRQHandler
</UL>
<BR>[Address Reference Count : 1]<UL><LI> startup_stm32f767xx.o(RESET)
</UL>
<P><STRONG><a name="[158]"></a>CRC8_Table</STRONG> (Thumb, 28 bytes, Stack size 8 bytes, crc8.o(i.CRC8_Table))
<BR><BR>[Stack]<UL><LI>Max Depth = 8<LI>Call Chain = CRC8_Table
</UL>
<BR>[Called By]<UL><LI><a href="#[290]">&gt;&gt;</a>&nbsp;&nbsp;&nbsp;WifiRevCmdAnalysis
<LI><a href="#[e3]">&gt;&gt;</a>&nbsp;&nbsp;&nbsp;FlashReadConfigurePara
<LI><a href="#[29d]">&gt;&gt;</a>&nbsp;&nbsp;&nbsp;UdpRespondReved
<LI><a href="#[2a5]">&gt;&gt;</a>&nbsp;&nbsp;&nbsp;WifiNormalRespond
<LI><a href="#[1f9]">&gt;&gt;</a>&nbsp;&nbsp;&nbsp;IAPNormalRespond
<LI><a href="#[15a]">&gt;&gt;</a>&nbsp;&nbsp;&nbsp;FlashWriteConfigurePara
</UL>

<P><STRONG><a name="[10a]"></a>CRC8_Table_1</STRONG> (Thumb, 22 bytes, Stack size 0 bytes, crc8.o(i.CRC8_Table_1))
<BR><BR>[Called By]<UL><LI><a href="#[108]">&gt;&gt;</a>&nbsp;&nbsp;&nbsp;CAN_ReceiveProcess
</UL>

<P><STRONG><a name="[115]"></a>CalcPid_incres_driver</STRONG> (Thumb, 1226 bytes, Stack size 88 bytes, motor_pidctrl.o(i.CalcPid_incres_driver))
<BR><BR>[Stack]<UL><LI>Max Depth = 564<LI>Call Chain = CalcPid_incres_driver &rArr; rt_kprintf &rArr; rt_ksendData &rArr; usart_kprintf &rArr; UsartDeviceWrite &rArr;  rt_kprintf (Cycle)
</UL>
<BR>[Calls]<UL><LI><a href="#[d8]">&gt;&gt;</a>&nbsp;&nbsp;&nbsp;AdcGetSensorValue
<LI><a href="#[f7]">&gt;&gt;</a>&nbsp;&nbsp;&nbsp;rt_kprintf
<LI><a href="#[116]">&gt;&gt;</a>&nbsp;&nbsp;&nbsp;PIDBrakeAdjust
</UL>
<BR>[Called By]<UL><LI><a href="#[23a]">&gt;&gt;</a>&nbsp;&nbsp;&nbsp;PIDCurrentAdjust
</UL>

<P><STRONG><a name="[dd]"></a>CalculateTemperature</STRONG> (Thumb, 220 bytes, Stack size 12 bytes, adc.o(i.CalculateTemperature))
<BR><BR>[Stack]<UL><LI>Max Depth = 12<LI>Call Chain = CalculateTemperature
</UL>
<BR>[Called By]<UL><LI><a href="#[dc]">&gt;&gt;</a>&nbsp;&nbsp;&nbsp;AdcTmpGetSensorValue
</UL>

<P><STRONG><a name="[109]"></a>CanDeviceRead</STRONG> (Thumb, 256 bytes, Stack size 104 bytes, can.o(i.CanDeviceRead))
<BR><BR>[Stack]<UL><LI>Max Depth = 580<LI>Call Chain = CanDeviceRead &rArr; rt_kprintf &rArr; rt_ksendData &rArr; usart_kprintf &rArr; UsartDeviceWrite &rArr;  rt_kprintf (Cycle)
</UL>
<BR>[Calls]<UL><LI><a href="#[119]">&gt;&gt;</a>&nbsp;&nbsp;&nbsp;HAL_CAN_GetRxMessage
<LI><a href="#[118]">&gt;&gt;</a>&nbsp;&nbsp;&nbsp;HAL_CAN_GetRxFifoFillLevel
<LI><a href="#[117]">&gt;&gt;</a>&nbsp;&nbsp;&nbsp;CanGetSingleRxBufferData
<LI><a href="#[11a]">&gt;&gt;</a>&nbsp;&nbsp;&nbsp;CanStmCan2Dev
<LI><a href="#[f7]">&gt;&gt;</a>&nbsp;&nbsp;&nbsp;rt_kprintf
<LI><a href="#[df]">&gt;&gt;</a>&nbsp;&nbsp;&nbsp;HAL_GetTick
</UL>
<BR>[Called By]<UL><LI><a href="#[108]">&gt;&gt;</a>&nbsp;&nbsp;&nbsp;CAN_ReceiveProcess
<LI><a href="#[16f]">&gt;&gt;</a>&nbsp;&nbsp;&nbsp;MotorReadProcess
<LI><a href="#[228]">&gt;&gt;</a>&nbsp;&nbsp;&nbsp;MotorCanDeviceRead
<LI><a href="#[104]">&gt;&gt;</a>&nbsp;&nbsp;&nbsp;ReadBatteryInfoFromYBT_v3
<LI><a href="#[103]">&gt;&gt;</a>&nbsp;&nbsp;&nbsp;ReadBatteryInfoFromYBT_v2
<LI><a href="#[105]">&gt;&gt;</a>&nbsp;&nbsp;&nbsp;ReadBatteryInfoFromYBTThreeLarge
<LI><a href="#[100]">&gt;&gt;</a>&nbsp;&nbsp;&nbsp;ReadBatteryInfoFromYBT
<LI><a href="#[101]">&gt;&gt;</a>&nbsp;&nbsp;&nbsp;ReadBatteryInfoFromJK
<LI><a href="#[106]">&gt;&gt;</a>&nbsp;&nbsp;&nbsp;ReadBatteryInfoFromJIUPUFourLarge
<LI><a href="#[102]">&gt;&gt;</a>&nbsp;&nbsp;&nbsp;ReadBatteryInfoFromBestWay
</UL>

<P><STRONG><a name="[10d]"></a>CanDeviceWrite</STRONG> (Thumb, 222 bytes, Stack size 96 bytes, can.o(i.CanDeviceWrite))
<BR><BR>[Stack]<UL><LI>Max Depth = 572<LI>Call Chain = CanDeviceWrite &rArr; rt_kprintf &rArr; rt_ksendData &rArr; usart_kprintf &rArr; UsartDeviceWrite &rArr;  rt_kprintf (Cycle)
</UL>
<BR>[Calls]<UL><LI><a href="#[11e]">&gt;&gt;</a>&nbsp;&nbsp;&nbsp;delay_us
<LI><a href="#[11c]">&gt;&gt;</a>&nbsp;&nbsp;&nbsp;HAL_CAN_GetTxMailboxesFreeLevel
<LI><a href="#[11d]">&gt;&gt;</a>&nbsp;&nbsp;&nbsp;HAL_CAN_AddTxMessage
<LI><a href="#[11b]">&gt;&gt;</a>&nbsp;&nbsp;&nbsp;CanDev2StmCan
<LI><a href="#[f7]">&gt;&gt;</a>&nbsp;&nbsp;&nbsp;rt_kprintf
<LI><a href="#[df]">&gt;&gt;</a>&nbsp;&nbsp;&nbsp;HAL_GetTick
</UL>
<BR>[Called By]<UL><LI><a href="#[10b]">&gt;&gt;</a>&nbsp;&nbsp;&nbsp;CAN_SendProcess
<LI><a href="#[22d]">&gt;&gt;</a>&nbsp;&nbsp;&nbsp;MotorCanSdoSet
<LI><a href="#[172]">&gt;&gt;</a>&nbsp;&nbsp;&nbsp;SetEposNMTState
<LI><a href="#[229]">&gt;&gt;</a>&nbsp;&nbsp;&nbsp;MotorCanDeviceWrite
<LI><a href="#[104]">&gt;&gt;</a>&nbsp;&nbsp;&nbsp;ReadBatteryInfoFromYBT_v3
<LI><a href="#[103]">&gt;&gt;</a>&nbsp;&nbsp;&nbsp;ReadBatteryInfoFromYBT_v2
<LI><a href="#[106]">&gt;&gt;</a>&nbsp;&nbsp;&nbsp;ReadBatteryInfoFromJIUPUFourLarge
<LI><a href="#[102]">&gt;&gt;</a>&nbsp;&nbsp;&nbsp;ReadBatteryInfoFromBestWay
</UL>

<P><STRONG><a name="[117]"></a>CanGetSingleRxBufferData</STRONG> (Thumb, 106 bytes, Stack size 24 bytes, can.o(i.CanGetSingleRxBufferData))
<BR><BR>[Stack]<UL><LI>Max Depth = 32<LI>Call Chain = CanGetSingleRxBufferData &rArr; __aeabi_memcpy4
</UL>
<BR>[Calls]<UL><LI><a href="#[10c]">&gt;&gt;</a>&nbsp;&nbsp;&nbsp;__aeabi_memcpy4
</UL>
<BR>[Called By]<UL><LI><a href="#[109]">&gt;&gt;</a>&nbsp;&nbsp;&nbsp;CanDeviceRead
</UL>

<P><STRONG><a name="[ee]"></a>CanStart</STRONG> (Thumb, 128 bytes, Stack size 48 bytes, can.o(i.CanStart))
<BR><BR>[Stack]<UL><LI>Max Depth = 68<LI>Call Chain = CanStart &rArr; HAL_CAN_ConfigFilter
</UL>
<BR>[Calls]<UL><LI><a href="#[120]">&gt;&gt;</a>&nbsp;&nbsp;&nbsp;Error_Handler
<LI><a href="#[121]">&gt;&gt;</a>&nbsp;&nbsp;&nbsp;HAL_CAN_Start
<LI><a href="#[11f]">&gt;&gt;</a>&nbsp;&nbsp;&nbsp;HAL_CAN_ConfigFilter
<LI><a href="#[122]">&gt;&gt;</a>&nbsp;&nbsp;&nbsp;HAL_CAN_ActivateNotification
</UL>
<BR>[Called By]<UL><LI><a href="#[e1]">&gt;&gt;</a>&nbsp;&nbsp;&nbsp;AllDataInit
</UL>

<P><STRONG><a name="[131]"></a>ChangeMotorControlMode</STRONG> (Thumb, 308 bytes, Stack size 16 bytes, motor_control.o(i.ChangeMotorControlMode))
[...]
<BR>[Called By]<UL><LI><a href="#[3d8]">&gt;&gt;</a>&nbsp;&nbsp;&nbsp;tcp_output_segment
<LI><a href="#[3df]">&gt;&gt;</a>&nbsp;&nbsp;&nbsp;tcp_rexmit
<LI><a href="#[3e3]">&gt;&gt;</a>&nbsp;&nbsp;&nbsp;tcp_rexmit_rto_prepare
</UL>

<P><STRONG><a name="[3dc]"></a>tcp_pbuf_prealloc</STRONG> (Thumb, 194 bytes, Stack size 40 bytes, tcp_out.o(i.tcp_pbuf_prealloc))
<BR><BR>[Stack]<UL><LI>Max Depth = 288<LI>Call Chain = tcp_pbuf_prealloc &rArr; pbuf_alloc &rArr; pbuf_free &rArr; memp_free &rArr; do_memp_free_pool &rArr; sys_arch_unprotect &rArr; osMutexRelease &rArr; xQueueGenericSend &rArr; vTaskPlaceOnEventList &rArr; prvAddCurrentTaskToDelayedList &rArr; vListInsert
</UL>
<BR>[Calls]<UL><LI><a href="#[2d5]">&gt;&gt;</a>&nbsp;&nbsp;&nbsp;pbuf_alloc
<LI><a href="#[2b4]">&gt;&gt;</a>&nbsp;&nbsp;&nbsp;__2printf
</UL>
<BR>[Called By]<UL><LI><a href="#[329]">&gt;&gt;</a>&nbsp;&nbsp;&nbsp;tcp_write
</UL>

<P><STRONG><a name="[3d7]"></a>tcp_route</STRONG> (Thumb, 30 bytes, Stack size 16 bytes, tcp_out.o(i.tcp_route))
<BR><BR>[Stack]<UL><LI>Max Depth = 24<LI>Call Chain = tcp_route &rArr; ip4_route
</UL>
<BR>[Calls]<UL><LI><a href="#[3e5]">&gt;&gt;</a>&nbsp;&nbsp;&nbsp;netif_get_by_index
<LI><a href="#[2ed]">&gt;&gt;</a>&nbsp;&nbsp;&nbsp;ip4_route
</UL>
<BR>[Called By]<UL><LI><a href="#[32a]">&gt;&gt;</a>&nbsp;&nbsp;&nbsp;tcp_output
<LI><a href="#[3d1]">&gt;&gt;</a>&nbsp;&nbsp;&nbsp;tcp_output_control_segment
</UL>

<P><STRONG><a name="[3e9]"></a>tcp_write_checks</STRONG> (Thumb, 198 bytes, Stack size 16 bytes, tcp_out.o(i.tcp_write_checks))
<BR><BR>[Stack]<UL><LI>Max Depth = 40<LI>Call Chain = tcp_write_checks &rArr; __2printf
</UL>
<BR>[Calls]<UL><LI><a href="#[2b4]">&gt;&gt;</a>&nbsp;&nbsp;&nbsp;__2printf
</UL>
<BR>[Called By]<UL><LI><a href="#[329]">&gt;&gt;</a>&nbsp;&nbsp;&nbsp;tcp_write
</UL>

<P><STRONG><a name="[95]"></a>lwip_cyclic_timer</STRONG> (Thumb, 70 bytes, Stack size 24 bytes, timeouts.o(i.lwip_cyclic_timer))
<BR><BR>[Stack]<UL><LI>Max Depth = 208<LI>Call Chain = lwip_cyclic_timer &rArr; sys_timeout_abs &rArr; memp_malloc &rArr; do_memp_malloc_pool &rArr; sys_arch_unprotect &rArr; osMutexRelease &rArr; xQueueGenericSend &rArr; vTaskPlaceOnEventList &rArr; prvAddCurrentTaskToDelayedList &rArr; vListInsert
</UL>
<BR>[Calls]<UL><LI><a href="#[30c]">&gt;&gt;</a>&nbsp;&nbsp;&nbsp;sys_now
<LI><a href="#[30d]">&gt;&gt;</a>&nbsp;&nbsp;&nbsp;sys_timeout_abs
</UL>
<BR>[Address Reference Count : 2]<UL><LI> timeouts.o(i.sys_timeouts_init)
<LI> timeouts.o(i.lwip_cyclic_timer)
</UL>
<P><STRONG><a name="[30d]"></a>sys_timeout_abs</STRONG> (Thumb, 160 bytes, Stack size 24 bytes, timeouts.o(i.sys_timeout_abs))
<BR><BR>[Stack]<UL><LI>Max Depth = 184<LI>Call Chain = sys_timeout_abs &rArr; memp_malloc &rArr; do_memp_malloc_pool &rArr; sys_arch_unprotect &rArr; osMutexRelease &rArr; xQueueGenericSend &rArr; vTaskPlaceOnEventList &rArr; prvAddCurrentTaskToDelayedList &rArr; vListInsert
</UL>
<BR>[Calls]<UL><LI><a href="#[300]">&gt;&gt;</a>&nbsp;&nbsp;&nbsp;memp_malloc
<LI><a href="#[2b4]">&gt;&gt;</a>&nbsp;&nbsp;&nbsp;__2printf
</UL>
<BR>[Called By]<UL><LI><a href="#[3ab]">&gt;&gt;</a>&nbsp;&nbsp;&nbsp;sys_timeout
<LI><a href="#[95]">&gt;&gt;</a>&nbsp;&nbsp;&nbsp;lwip_cyclic_timer
</UL>

<P><STRONG><a name="[ab]"></a>tcpip_tcp_timer</STRONG> (Thumb, 40 bytes, Stack size 8 bytes, timeouts.o(i.tcpip_tcp_timer))
<BR><BR>[Stack]<UL><LI>Max Depth = 680<LI>Call Chain = tcpip_tcp_timer &rArr; tcp_tmr &rArr; tcp_fasttmr &rArr; tcp_process_refused_data &rArr; tcp_recv_null &rArr; tcp_close &rArr; tcp_close_shutdown &rArr; tcp_close_shutdown_fin &rArr; tcp_output &rArr; tcp_send_empty_ack &rArr; tcp_output_control_segment &rArr; ip4_output_if &rArr; ip4_output_if_src &rArr; ip4_frag &rArr; pbuf_alloc &rArr; pbuf_free &rArr; memp_free &rArr; do_memp_free_pool &rArr; sys_arch_unprotect &rArr; osMutexRelease &rArr; xQueueGenericSend &rArr; vTaskPlaceOnEventList &rArr; prvAddCurrentTaskToDelayedList &rArr; vListInsert
</UL>
<BR>[Calls]<UL><LI><a href="#[3ab]">&gt;&gt;</a>&nbsp;&nbsp;&nbsp;sys_timeout
<LI><a href="#[b8]">&gt;&gt;</a>&nbsp;&nbsp;&nbsp;tcp_tmr
</UL>
<BR>[Address Reference Count : 2]<UL><LI> timeouts.o(i.tcp_timer_needed)
<LI> timeouts.o(i.tcpip_tcp_timer)
</UL>
<P><STRONG><a name="[3f0]"></a>udp_input_local_match</STRONG> (Thumb, 144 bytes, Stack size 16 bytes, udp.o(i.udp_input_local_match))
<BR><BR>[Stack]<UL><LI>Max Depth = 40<LI>Call Chain = udp_input_local_match &rArr; __2printf
</UL>
<BR>[Calls]<UL><LI><a href="#[2b4]">&gt;&gt;</a>&nbsp;&nbsp;&nbsp;__2printf
</UL>
<BR>[Called By]<UL><LI><a href="#[2f7]">&gt;&gt;</a>&nbsp;&nbsp;&nbsp;udp_input
</UL>

<P><STRONG><a name="[3ef]"></a>udp_new_port</STRONG> (Thumb, 80 bytes, Stack size 8 bytes, udp.o(i.udp_new_port))
<BR><BR>[Stack]<UL><LI>Max Depth = 8<LI>Call Chain = udp_new_port
</UL>
<BR>[Called By]<UL><LI><a href="#[317]">&gt;&gt;</a>&nbsp;&nbsp;&nbsp;udp_bind
</UL>

<P><STRONG><a name="[2c8]"></a>etharp_find_entry</STRONG> (Thumb, 514 bytes, Stack size 56 bytes, etharp.o(i.etharp_find_entry))
<BR><BR>[Stack]<UL><LI>Max Depth = 264<LI>Call Chain = etharp_find_entry &rArr; etharp_free_entry &rArr; pbuf_free &rArr; memp_free &rArr; do_memp_free_pool &rArr; sys_arch_unprotect &rArr; osMutexRelease &rArr; xQueueGenericSend &rArr; vTaskPlaceOnEventList &rArr; prvAddCurrentTaskToDelayedList &rArr; vListInsert
</UL>
<BR>[Calls]<UL><LI><a href="#[2c7]">&gt;&gt;</a>&nbsp;&nbsp;&nbsp;etharp_free_entry
<LI><a href="#[2b4]">&gt;&gt;</a>&nbsp;&nbsp;&nbsp;__2printf
</UL>
<BR>[Called By]<UL><LI><a href="#[2cb]">&gt;&gt;</a>&nbsp;&nbsp;&nbsp;etharp_update_arp_entry
<LI><a href="#[2cf]">&gt;&gt;</a>&nbsp;&nbsp;&nbsp;etharp_query
</UL>

<P><STRONG><a name="[2c7]"></a>etharp_free_entry</STRONG> (Thumb, 58 bytes, Stack size 8 bytes, etharp.o(i.etharp_free_entry))
<BR><BR>[Stack]<UL><LI>Max Depth = 208<LI>Call Chain = etharp_free_entry &rArr; pbuf_free &rArr; memp_free &rArr; do_memp_free_pool &rArr; sys_arch_unprotect &rArr; osMutexRelease &rArr; xQueueGenericSend &rArr; vTaskPlaceOnEventList &rArr; prvAddCurrentTaskToDelayedList &rArr; vListInsert
</UL>
<BR>[Calls]<UL><LI><a href="#[2c9]">&gt;&gt;</a>&nbsp;&nbsp;&nbsp;pbuf_free
</UL>
<BR>[Called By]<UL><LI><a href="#[2c6]">&gt;&gt;</a>&nbsp;&nbsp;&nbsp;etharp_cleanup_netif
<LI><a href="#[2c8]">&gt;&gt;</a>&nbsp;&nbsp;&nbsp;etharp_find_entry
<LI><a href="#[ba]">&gt;&gt;</a>&nbsp;&nbsp;&nbsp;etharp_tmr
</UL>

<P><STRONG><a name="[2ce]"></a>etharp_output_to_arp_index</STRONG> (Thumb, 212 bytes, Stack size 24 bytes, etharp.o(i.etharp_output_to_arp_index))
<BR><BR>[Stack]<UL><LI>Max Depth = 368<LI>Call Chain = etharp_output_to_arp_index &rArr; etharp_request &rArr; etharp_request_dst &rArr; etharp_raw &rArr; pbuf_alloc &rArr; pbuf_free &rArr; memp_free &rArr; do_memp_free_pool &rArr; sys_arch_unprotect &rArr; osMutexRelease &rArr; xQueueGenericSend &rArr; vTaskPlaceOnEventList &rArr; prvAddCurrentTaskToDelayedList &rArr; vListInsert
</UL>
<BR>[Calls]<UL><LI><a href="#[2d0]">&gt;&gt;</a>&nbsp;&nbsp;&nbsp;ethernet_output
<LI><a href="#[2d1]">&gt;&gt;</a>&nbsp;&nbsp;&nbsp;etharp_request
<LI><a href="#[2d2]">&gt;&gt;</a>&nbsp;&nbsp;&nbsp;etharp_request_dst
<LI><a href="#[2b4]">&gt;&gt;</a>&nbsp;&nbsp;&nbsp;__2printf
</UL>
<BR>[Called By]<UL><LI><a href="#[92]">&gt;&gt;</a>&nbsp;&nbsp;&nbsp;etharp_output
</UL>

<P><STRONG><a name="[2cc]"></a>etharp_raw</STRONG> (Thumb, 226 bytes, Stack size 48 bytes, etharp.o(i.etharp_raw))
<BR><BR>[Stack]<UL><LI>Max Depth = 296<LI>Call Chain = etharp_raw &rArr; pbuf_alloc &rArr; pbuf_free &rArr; memp_free &rArr; do_memp_free_pool &rArr; sys_arch_unprotect &rArr; osMutexRelease &rArr; xQueueGenericSend &rArr; vTaskPlaceOnEventList &rArr; prvAddCurrentTaskToDelayedList &rArr; vListInsert
</UL>
<BR>[Calls]<UL><LI><a href="#[26a]">&gt;&gt;</a>&nbsp;&nbsp;&nbsp;lwip_htons
<LI><a href="#[2c9]">&gt;&gt;</a>&nbsp;&nbsp;&nbsp;pbuf_free
<LI><a href="#[2d5]">&gt;&gt;</a>&nbsp;&nbsp;&nbsp;pbuf_alloc
<LI><a href="#[2d0]">&gt;&gt;</a>&nbsp;&nbsp;&nbsp;ethernet_output
<LI><a href="#[2b4]">&gt;&gt;</a>&nbsp;&nbsp;&nbsp;__2printf
</UL>
<BR>[Called By]<UL><LI><a href="#[2ca]">&gt;&gt;</a>&nbsp;&nbsp;&nbsp;etharp_input
<LI><a href="#[2d2]">&gt;&gt;</a>&nbsp;&nbsp;&nbsp;etharp_request_dst
</UL>

<P><STRONG><a name="[2d2]"></a>etharp_request_dst</STRONG> (Thumb, 38 bytes, Stack size 32 bytes, etharp.o(i.etharp_request_dst))
<BR><BR>[Stack]<UL><LI>Max Depth = 328<LI>Call Chain = etharp_request_dst &rArr; etharp_raw &rArr; pbuf_alloc &rArr; pbuf_free &rArr; memp_free &rArr; do_memp_free_pool &rArr; sys_arch_unprotect &rArr; osMutexRelease &rArr; xQueueGenericSend &rArr; vTaskPlaceOnEventList &rArr; prvAddCurrentTaskToDelayedList &rArr; vListInsert
</UL>
<BR>[Calls]<UL><LI><a href="#[2cc]">&gt;&gt;</a>&nbsp;&nbsp;&nbsp;etharp_raw
</UL>
<BR>[Called By]<UL><LI><a href="#[2d1]">&gt;&gt;</a>&nbsp;&nbsp;&nbsp;etharp_request
<LI><a href="#[2ce]">&gt;&gt;</a>&nbsp;&nbsp;&nbsp;etharp_output_to_arp_index
</UL>

<P><STRONG><a name="[2cb]"></a>etharp_update_arp_entry</STRONG> (Thumb, 212 bytes, Stack size 32 bytes, etharp.o(i.etharp_update_arp_entry))
<BR><BR>[Stack]<UL><LI>Max Depth = 296<LI>Call Chain = etharp_update_arp_entry &rArr; etharp_find_entry &rArr; etharp_free_entry &rArr; pbuf_free &rArr; memp_free &rArr; do_memp_free_pool &rArr; sys_arch_unprotect &rArr; osMutexRelease &rArr; xQueueGenericSend &rArr; vTaskPlaceOnEventList &rArr; prvAddCurrentTaskToDelayedList &rArr; vListInsert
</UL>
<BR>[Calls]<UL><LI><a href="#[2c9]">&gt;&gt;</a>&nbsp;&nbsp;&nbsp;pbuf_free
<LI><a href="#[2d0]">&gt;&gt;</a>&nbsp;&nbsp;&nbsp;ethernet_output
<LI><a href="#[2c8]">&gt;&gt;</a>&nbsp;&nbsp;&nbsp;etharp_find_entry
<LI><a href="#[2cd]">&gt;&gt;</a>&nbsp;&nbsp;&nbsp;ip4_addr_isbroadcast_u32
<LI><a href="#[2b4]">&gt;&gt;</a>&nbsp;&nbsp;&nbsp;__2printf
</UL>
<BR>[Called By]<UL><LI><a href="#[2ca]">&gt;&gt;</a>&nbsp;&nbsp;&nbsp;etharp_input
</UL>

<P><STRONG><a name="[2e9]"></a>icmp_send_response</STRONG> (Thumb, 142 bytes, Stack size 48 bytes, icmp.o(i.icmp_send_response))
<BR><BR>[Stack]<UL><LI>Max Depth = 480<LI>Call Chain = icmp_send_response &rArr; ip4_output_if &rArr; ip4_output_if_src &rArr; ip4_frag &rArr; pbuf_alloc &rArr; pbuf_free &rArr; memp_free &rArr; do_memp_free_pool &rArr; sys_arch_unprotect &rArr; osMutexRelease &rArr; xQueueGenericSend &rArr; vTaskPlaceOnEventList &rArr; prvAddCurrentTaskToDelayedList &rArr; vListInsert
</UL>
<BR>[Calls]<UL><LI><a href="#[2c9]">&gt;&gt;</a>&nbsp;&nbsp;&nbsp;pbuf_free
<LI><a href="#[2d5]">&gt;&gt;</a>&nbsp;&nbsp;&nbsp;pbuf_alloc
<LI><a href="#[2ec]">&gt;&gt;</a>&nbsp;&nbsp;&nbsp;ip4_output_if
<LI><a href="#[2ed]">&gt;&gt;</a>&nbsp;&nbsp;&nbsp;ip4_route
<LI><a href="#[2b4]">&gt;&gt;</a>&nbsp;&nbsp;&nbsp;__2printf
<LI><a href="#[159]">&gt;&gt;</a>&nbsp;&nbsp;&nbsp;__aeabi_memcpy
</UL>
<BR>[Called By]<UL><LI><a href="#[2e8]">&gt;&gt;</a>&nbsp;&nbsp;&nbsp;icmp_dest_unreach
<LI><a href="#[2ee]">&gt;&gt;</a>&nbsp;&nbsp;&nbsp;icmp_time_exceeded
</UL>

<P><STRONG><a name="[2f5]"></a>ip4_input_accept</STRONG> (Thumb, 48 bytes, Stack size 8 bytes, ip4.o(i.ip4_input_accept))
<BR><BR>[Stack]<UL><LI>Max Depth = 20<LI>Call Chain = ip4_input_accept &rArr; ip4_addr_isbroadcast_u32
</UL>
<BR>[Calls]<UL><LI><a href="#[2cd]">&gt;&gt;</a>&nbsp;&nbsp;&nbsp;ip4_addr_isbroadcast_u32
</UL>
<BR>[Called By]<UL><LI><a href="#[ae]">&gt;&gt;</a>&nbsp;&nbsp;&nbsp;ip4_input
</UL>

<P><STRONG><a name="[2f0]"></a>ip_frag_alloc_pbuf_custom_ref</STRONG> (Thumb, 10 bytes, Stack size 8 bytes, ip4_frag.o(i.ip_frag_alloc_pbuf_custom_ref))
<BR><BR>[Stack]<UL><LI>Max Depth = 168<LI>Call Chain = ip_frag_alloc_pbuf_custom_ref &rArr; memp_malloc &rArr; do_memp_malloc_pool &rArr; sys_arch_unprotect &rArr; osMutexRelease &rArr; xQueueGenericSend &rArr; vTaskPlaceOnEventList &rArr; prvAddCurrentTaskToDelayedList &rArr; vListInsert
</UL>
<BR>[Calls]<UL><LI><a href="#[300]">&gt;&gt;</a>&nbsp;&nbsp;&nbsp;memp_malloc
</UL>
<BR>[Called By]<UL><LI><a href="#[2ef]">&gt;&gt;</a>&nbsp;&nbsp;&nbsp;ip4_frag
</UL>

<P><STRONG><a name="[2f2]"></a>ip_frag_free_pbuf_custom_ref</STRONG> (Thumb, 40 bytes, Stack size 8 bytes, ip4_frag.o(i.ip_frag_free_pbuf_custom_ref))
<BR><BR>[Stack]<UL><LI>Max Depth = 176<LI>Call Chain = ip_frag_free_pbuf_custom_ref &rArr; memp_free &rArr; do_memp_free_pool &rArr; sys_arch_unprotect &rArr; osMutexRelease &rArr; xQueueGenericSend &rArr; vTaskPlaceOnEventList &rArr; prvAddCurrentTaskToDelayedList &rArr; vListInsert
</UL>
<BR>[Calls]<UL><LI><a href="#[301]">&gt;&gt;</a>&nbsp;&nbsp;&nbsp;memp_free
<LI><a href="#[2b4]">&gt;&gt;</a>&nbsp;&nbsp;&nbsp;__2printf
</UL>
<BR>[Called By]<UL><LI><a href="#[94]">&gt;&gt;</a>&nbsp;&nbsp;&nbsp;ipfrag_free_pbuf_custom
<LI><a href="#[2ef]">&gt;&gt;</a>&nbsp;&nbsp;&nbsp;ip4_frag
</UL>

<P><STRONG><a name="[2fe]"></a>ip_reass_chain_frag_into_datagram_and_validate</STRONG> (Thumb, 530 bytes, Stack size 64 bytes, ip4_frag.o(i.ip_reass_chain_frag_into_datagram_and_validate))
<BR><BR>[Stack]<UL><LI>Max Depth = 88<LI>Call Chain = ip_reass_chain_frag_into_datagram_and_validate &rArr; __2printf
</UL>
<BR>[Calls]<UL><LI><a href="#[26a]">&gt;&gt;</a>&nbsp;&nbsp;&nbsp;lwip_htons
<LI><a href="#[2b4]">&gt;&gt;</a>&nbsp;&nbsp;&nbsp;__2printf
</UL>
<BR>[Called By]<UL><LI><a href="#[2f6]">&gt;&gt;</a>&nbsp;&nbsp;&nbsp;ip4_reass
</UL>

<P><STRONG><a name="[2ff]"></a>ip_reass_dequeue_datagram</STRONG> (Thumb, 62 bytes, Stack size 16 bytes, ip4_frag.o(i.ip_reass_dequeue_datagram))
<BR><BR>[Stack]<UL><LI>Max Depth = 184<LI>Call Chain = ip_reass_dequeue_datagram &rArr; memp_free &rArr; do_memp_free_pool &rArr; sys_arch_unprotect &rArr; osMutexRelease &rArr; xQueueGenericSend &rArr; vTaskPlaceOnEventList &rArr; prvAddCurrentTaskToDelayedList &rArr; vListInsert
</UL>
<BR>[Calls]<UL><LI><a href="#[301]">&gt;&gt;</a>&nbsp;&nbsp;&nbsp;memp_free
<LI><a href="#[2b4]">&gt;&gt;</a>&nbsp;&nbsp;&nbsp;__2printf
</UL>
<BR>[Called By]<UL><LI><a href="#[302]">&gt;&gt;</a>&nbsp;&nbsp;&nbsp;ip_reass_free_complete_datagram
<LI><a href="#[2f6]">&gt;&gt;</a>&nbsp;&nbsp;&nbsp;ip4_reass
</UL>

<P><STRONG><a name="[2fd]"></a>ip_reass_enqueue_new_datagram</STRONG> (Thumb, 80 bytes, Stack size 16 bytes, ip4_frag.o(i.ip_reass_enqueue_new_datagram))
<BR><BR>[Stack]<UL><LI>Max Depth = 584<LI>Call Chain = ip_reass_enqueue_new_datagram &rArr; ip_reass_remove_oldest_datagram &rArr; ip_reass_free_complete_datagram &rArr; icmp_time_exceeded &rArr; icmp_send_response &rArr; ip4_output_if &rArr; ip4_output_if_src &rArr; ip4_frag &rArr; pbuf_alloc &rArr; pbuf_free &rArr; memp_free &rArr; do_memp_free_pool &rArr; sys_arch_unprotect &rArr; osMutexRelease &rArr; xQueueGenericSend &rArr; vTaskPlaceOnEventList &rArr; prvAddCurrentTaskToDelayedList &rArr; vListInsert
</UL>
<BR>[Calls]<UL><LI><a href="#[300]">&gt;&gt;</a>&nbsp;&nbsp;&nbsp;memp_malloc
<LI><a href="#[2fc]">&gt;&gt;</a>&nbsp;&nbsp;&nbsp;ip_reass_remove_oldest_datagram
<LI><a href="#[15b]">&gt;&gt;</a>&nbsp;&nbsp;&nbsp;__aeabi_memclr4
<LI><a href="#[159]">&gt;&gt;</a>&nbsp;&nbsp;&nbsp;__aeabi_memcpy
</UL>
<BR>[Called By]<UL><LI><a href="#[2f6]">&gt;&gt;</a>&nbsp;&nbsp;&nbsp;ip4_reass
</UL>

<P><STRONG><a name="[302]"></a>ip_reass_free_complete_datagram</STRONG> (Thumb, 274 bytes, Stack size 32 bytes, ip4_frag.o(i.ip_reass_free_complete_datagram))
<BR><BR>[Stack]<UL><LI>Max Depth = 528<LI>Call Chain = ip_reass_free_complete_datagram &rArr; icmp_time_exceeded &rArr; icmp_send_response &rArr; ip4_output_if &rArr; ip4_output_if_src &rArr; ip4_frag &rArr; pbuf_alloc &rArr; pbuf_free &rArr; memp_free &rArr; do_memp_free_pool &rArr; sys_arch_unprotect &rArr; osMutexRelease &rArr; xQueueGenericSend &rArr; vTaskPlaceOnEventList &rArr; prvAddCurrentTaskToDelayedList &rArr; vListInsert
</UL>
<BR>[Calls]<UL><LI><a href="#[2c9]">&gt;&gt;</a>&nbsp;&nbsp;&nbsp;pbuf_free
<LI><a href="#[2fb]">&gt;&gt;</a>&nbsp;&nbsp;&nbsp;pbuf_clen
<LI><a href="#[2ff]">&gt;&gt;</a>&nbsp;&nbsp;&nbsp;ip_reass_dequeue_datagram
<LI><a href="#[2ee]">&gt;&gt;</a>&nbsp;&nbsp;&nbsp;icmp_time_exceeded
<LI><a href="#[2b4]">&gt;&gt;</a>&nbsp;&nbsp;&nbsp;__2printf
<LI><a href="#[159]">&gt;&gt;</a>&nbsp;&nbsp;&nbsp;__aeabi_memcpy
</UL>
<BR>[Called By]<UL><LI><a href="#[b9]">&gt;&gt;</a>&nbsp;&nbsp;&nbsp;ip_reass_tmr
<LI><a href="#[2fc]">&gt;&gt;</a>&nbsp;&nbsp;&nbsp;ip_reass_remove_oldest_datagram
</UL>

<P><STRONG><a name="[2fc]"></a>ip_reass_remove_oldest_datagram</STRONG> (Thumb, 130 bytes, Stack size 40 bytes, ip4_frag.o(i.ip_reass_remove_oldest_datagram))
<BR><BR>[Stack]<UL><LI>Max Depth = 568<LI>Call Chain = ip_reass_remove_oldest_datagram &rArr; ip_reass_free_complete_datagram &rArr; icmp_time_exceeded &rArr; icmp_send_response &rArr; ip4_output_if &rArr; ip4_output_if_src &rArr; ip4_frag &rArr; pbuf_alloc &rArr; pbuf_free &rArr; memp_free &rArr; do_memp_free_pool &rArr; sys_arch_unprotect &rArr; osMutexRelease &rArr; xQueueGenericSend &rArr; vTaskPlaceOnEventList &rArr; prvAddCurrentTaskToDelayedList &rArr; vListInsert
</UL>
<BR>[Calls]<UL><LI><a href="#[302]">&gt;&gt;</a>&nbsp;&nbsp;&nbsp;ip_reass_free_complete_datagram
</UL>
<BR>[Called By]<UL><LI><a href="#[2fd]">&gt;&gt;</a>&nbsp;&nbsp;&nbsp;ip_reass_enqueue_new_datagram
<LI><a href="#[2f6]">&gt;&gt;</a>&nbsp;&nbsp;&nbsp;ip4_reass
</UL>

<P><STRONG><a name="[94]"></a>ipfrag_free_pbuf_custom</STRONG> (Thumb, 76 bytes, Stack size 16 bytes, ip4_frag.o(i.ipfrag_free_pbuf_custom))
<BR><BR>[Stack]<UL><LI>Max Depth = 216<LI>Call Chain = ipfrag_free_pbuf_custom &rArr; pbuf_free &rArr; memp_free &rArr; do_memp_free_pool &rArr; sys_arch_unprotect &rArr; osMutexRelease &rArr; xQueueGenericSend &rArr; vTaskPlaceOnEventList &rArr; prvAddCurrentTaskToDelayedList &rArr; vListInsert
</UL>
<BR>[Calls]<UL><LI><a href="#[2c9]">&gt;&gt;</a>&nbsp;&nbsp;&nbsp;pbuf_free
<LI><a href="#[2f2]">&gt;&gt;</a>&nbsp;&nbsp;&nbsp;ip_frag_free_pbuf_custom_ref
<LI><a href="#[2b4]">&gt;&gt;</a>&nbsp;&nbsp;&nbsp;__2printf
</UL>
<BR>[Address Reference Count : 1]<UL><LI> ip4_frag.o(i.ip4_frag)
</UL>
<P><STRONG><a name="[2ac]"></a>_fp_digits</STRONG> (Thumb, 366 bytes, Stack size 64 bytes, printfa.o(i._fp_digits), UNUSED)
<BR><BR>[Calls]<UL><LI><a href="#[cf]">&gt;&gt;</a>&nbsp;&nbsp;&nbsp;__aeabi_dmul
<LI><a href="#[d0]">&gt;&gt;</a>&nbsp;&nbsp;&nbsp;__aeabi_ddiv
<LI><a href="#[c9]">&gt;&gt;</a>&nbsp;&nbsp;&nbsp;__aeabi_dadd
<LI><a href="#[d2]">&gt;&gt;</a>&nbsp;&nbsp;&nbsp;__aeabi_d2ulz
<LI><a href="#[2ad]">&gt;&gt;</a>&nbsp;&nbsp;&nbsp;__aeabi_cdrcmple
<LI><a href="#[be]">&gt;&gt;</a>&nbsp;&nbsp;&nbsp;__aeabi_uldivmod
</UL>
<BR>[Called By]<UL><LI><a href="#[2a7]">&gt;&gt;</a>&nbsp;&nbsp;&nbsp;_printf_core
</UL>

<P><STRONG><a name="[2a7]"></a>_printf_core</STRONG> (Thumb, 1744 bytes, Stack size 136 bytes, printfa.o(i._printf_core), UNUSED)
<BR><BR>[Calls]<UL><LI><a href="#[2b0]">&gt;&gt;</a>&nbsp;&nbsp;&nbsp;__aeabi_uidivmod
<LI><a href="#[2ae]">&gt;&gt;</a>&nbsp;&nbsp;&nbsp;_printf_pre_padding
<LI><a href="#[2af]">&gt;&gt;</a>&nbsp;&nbsp;&nbsp;_printf_post_padding
<LI><a href="#[2ac]">&gt;&gt;</a>&nbsp;&nbsp;&nbsp;_fp_digits
<LI><a href="#[be]">&gt;&gt;</a>&nbsp;&nbsp;&nbsp;__aeabi_uldivmod
</UL>
<BR>[Called By]<UL><LI><a href="#[2a9]">&gt;&gt;</a>&nbsp;&nbsp;&nbsp;__0vsnprintf
<LI><a href="#[2a8]">&gt;&gt;</a>&nbsp;&nbsp;&nbsp;__0snprintf
<LI><a href="#[2a6]">&gt;&gt;</a>&nbsp;&nbsp;&nbsp;__0printf
</UL>

<P><STRONG><a name="[2af]"></a>_printf_post_padding</STRONG> (Thumb, 36 bytes, Stack size 24 bytes, printfa.o(i._printf_post_padding), UNUSED)
<BR><BR>[Called By]<UL><LI><a href="#[2a7]">&gt;&gt;</a>&nbsp;&nbsp;&nbsp;_printf_core
</UL>

<P><STRONG><a name="[2ae]"></a>_printf_pre_padding</STRONG> (Thumb, 46 bytes, Stack size 24 bytes, printfa.o(i._printf_pre_padding), UNUSED)
<BR><BR>[Called By]<UL><LI><a href="#[2a7]">&gt;&gt;</a>&nbsp;&nbsp;&nbsp;_printf_core
</UL>

<P><STRONG><a name="[91]"></a>_snputc</STRONG> (Thumb, 22 bytes, Stack size 0 bytes, printfa.o(i._snputc))
<BR>[Address Reference Count : 2]<UL><LI> printfa.o(i.__0snprintf)
<LI> printfa.o(i.__0vsnprintf)
</UL><P>
<H3>
Undefined Global Symbols
</H3><HR></body></html>
