Component: ARM Compiler 5.06 update 6 (build 750) Tool: armlink [4d35ed]

==============================================================================

Section Cross References

    startup_stm32f767xx.o(RESET) refers to startup_stm32f767xx.o(STACK) for __initial_sp
    startup_stm32f767xx.o(RESET) refers to startup_stm32f767xx.o(.text) for Reset_Handler
    startup_stm32f767xx.o(RESET) refers to stm32f7xx_it.o(i.NMI_Handler) for NMI_Handler
    startup_stm32f767xx.o(RESET) refers to stm32f7xx_it.o(i.HardFault_Handler) for HardFault_Handler
    startup_stm32f767xx.o(RESET) refers to stm32f7xx_it.o(i.MemManage_Handler) for MemManage_Handler
    startup_stm32f767xx.o(RESET) refers to stm32f7xx_it.o(i.BusFault_Handler) for BusFault_Handler
    startup_stm32f767xx.o(RESET) refers to stm32f7xx_it.o(i.UsageFault_Handler) for UsageFault_Handler
    startup_stm32f767xx.o(RESET) refers to port.o(.emb_text) for SVC_Handler
    startup_stm32f767xx.o(RESET) refers to stm32f7xx_it.o(i.DebugMon_Handler) for DebugMon_Handler
    startup_stm32f767xx.o(RESET) refers to port.o(i.SysTick_Handler) for SysTick_Handler
    startup_stm32f767xx.o(RESET) refers to stm32f7xx_it.o(i.CAN1_RX0_IRQHandler) for CAN1_RX0_IRQHandler
    startup_stm32f767xx.o(RESET) refers to stm32f7xx_it.o(i.TIM1_UP_TIM10_IRQHandler) for TIM1_UP_TIM10_IRQHandler
    startup_stm32f767xx.o(RESET) refers to stm32f7xx_it.o(i.TIM2_IRQHandler) for TIM2_IRQHandler
    startup_stm32f767xx.o(RESET) refers to stm32f7xx_it.o(i.TIM8_BRK_TIM12_IRQHandler) for TIM8_BRK_TIM12_IRQHandler
    startup_stm32f767xx.o(RESET) refers to stm32f7xx_it.o(i.TIM8_UP_TIM13_IRQHandler) for TIM8_UP_TIM13_IRQHandler
    startup_stm32f767xx.o(RESET) refers to stm32f7xx_it.o(i.DMA1_Stream7_IRQHandler) for DMA1_Stream7_IRQHandler
    startup_stm32f767xx.o(RESET) refers to stm32f7xx_it.o(i.TIM5_IRQHandler) for TIM5_IRQHandler
    startup_stm32f767xx.o(RESET) refers to stm32f7xx_it.o(i.UART5_IRQHandler) for UART5_IRQHandler
    startup_stm32f767xx.o(RESET) refers to stm32f7xx_it.o(i.ETH_IRQHandler) for ETH_IRQHandler
    startup_stm32f767xx.o(.text) refers to system_stm32f7xx.o(i.SystemInit) for SystemInit
    startup_stm32f767xx.o(.text) refers to entry.o(.ARM.Collect$$$$00000000) for __main
    iwdg.o(i.IWDG_Feed) refers to stm32f7xx_hal_iwdg.o(i.HAL_IWDG_Refresh) for HAL_IWDG_Refresh
    iwdg.o(i.IWDG_Feed) refers to iwdg.o(.bss) for hiwdg
    iwdg.o(i.MX_IWDG_Init) refers to stm32f7xx_hal_iwdg.o(i.HAL_IWDG_Init) for HAL_IWDG_Init
    iwdg.o(i.MX_IWDG_Init) refers to main.o(i.Error_Handler) for Error_Handler
    iwdg.o(i.MX_IWDG_Init) refers to iwdg.o(.bss) for hiwdg
    iwdg.o(i.MX_IWDG_Init1S) refers to stm32f7xx_hal_iwdg.o(i.HAL_IWDG_Init) for HAL_IWDG_Init
    iwdg.o(i.MX_IWDG_Init1S) refers to main.o(i.Error_Handler) for Error_Handler
    iwdg.o(i.MX_IWDG_Init1S) refers to iwdg.o(.bss) for hiwdg
    main.o(i.HAL_TIM_PeriodElapsedCallback) refers to stm32f7xx_hal.o(i.HAL_IncTick) for HAL_IncTick
    main.o(i.HAL_TIM_PeriodElapsedCallback) refers to tim.o(i.PWMUpdateMotorPulse) for PWMUpdateMotorPulse
    main.o(i.HAL_TIM_PeriodElapsedCallback) refers to tim.o(i.PWMSetMotorOutputState) for PWMSetMotorOutputState
    main.o(i.HAL_TIM_PeriodElapsedCallback) refers to tim.o(.bss) for gStTim5Data
    main.o(i.SystemClock_Config) refers to memseta.o(.text) for __aeabi_memclr4
    main.o(i.SystemClock_Config) refers to stm32f7xx_hal_pwr.o(i.HAL_PWR_EnableBkUpAccess) for HAL_PWR_EnableBkUpAccess
    main.o(i.SystemClock_Config) refers to stm32f7xx_hal_rcc.o(i.HAL_RCC_OscConfig) for HAL_RCC_OscConfig
    main.o(i.SystemClock_Config) refers to main.o(i.Error_Handler) for Error_Handler
    main.o(i.SystemClock_Config) refers to stm32f7xx_hal_pwr_ex.o(i.HAL_PWREx_EnableOverDrive) for HAL_PWREx_EnableOverDrive
    main.o(i.SystemClock_Config) refers to stm32f7xx_hal_rcc.o(i.HAL_RCC_ClockConfig) for HAL_RCC_ClockConfig
    main.o(i.SystemClock_Config) refers to stm32f7xx_hal_rcc_ex.o(i.HAL_RCCEx_PeriphCLKConfig) for HAL_RCCEx_PeriphCLKConfig
    main.o(i.main) refers to main.o(i.SCB_EnableICache) for SCB_EnableICache
    main.o(i.main) refers to main.o(i.SCB_EnableDCache) for SCB_EnableDCache
    main.o(i.main) refers to stm32f7xx_hal.o(i.HAL_Init) for HAL_Init
    main.o(i.main) refers to main.o(i.SystemClock_Config) for SystemClock_Config
    main.o(i.main) refers to gpio.o(i.MX_GPIO_Init) for MX_GPIO_Init
    main.o(i.main) refers to dma.o(i.MX_DMA_Init) for MX_DMA_Init
    main.o(i.main) refers to tim.o(i.MX_TIM2_Init) for MX_TIM2_Init
    main.o(i.main) refers to tim.o(i.MX_TIM3_Init) for MX_TIM3_Init
    main.o(i.main) refers to usart.o(i.MX_USART1_UART_Init) for MX_USART1_UART_Init
    main.o(i.main) refers to usart.o(i.MX_USART2_UART_Init) for MX_USART2_UART_Init
    main.o(i.main) refers to usart.o(i.MX_UART4_Init) for MX_UART4_Init
    main.o(i.main) refers to adc.o(i.MX_ADC1_Init) for MX_ADC1_Init
    main.o(i.main) refers to usart.o(i.MX_USART6_UART_Init) for MX_USART6_UART_Init
[...]
    0x0802ba76   0x0802ba76   0x00000032   Code   RO         7287    i.HandleReadCoilStatusCommand  mbtcpserver.o
    0x0802baa8   0x0802baa8   0x00000038   Code   RO         7288    i.HandleReadHoldingRegisterCommand  mbtcpserver.o
    0x0802bae0   0x0802bae0   0x00000032   Code   RO         7289    i.HandleReadInputRegisterCommand  mbtcpserver.o
    0x0802bb12   0x0802bb12   0x00000032   Code   RO         7290    i.HandleReadInputStatusCommand  mbtcpserver.o
    0x0802bb44   0x0802bb44   0x00000032   Code   RO         7291    i.HandleWriteMultipleCoilCommand  mbtcpserver.o
    0x0802bb76   0x0802bb76   0x0000003a   Code   RO         7292    i.HandleWriteMultipleRegisterCommand  mbtcpserver.o
    0x0802bbb0   0x0802bbb0   0x00000044   Code   RO         7293    i.HandleWriteSingleCoilCommand  mbtcpserver.o
    0x0802bbf4   0x0802bbf4   0x0000002c   Code   RO         7294    i.HandleWriteSingleRegisterCommand  mbtcpserver.o
    0x0802bc20   0x0802bc20   0x00000004   Code   RO         1419    i.HardFault_Handler  stm32f7xx_it.o
    0x0802bc24   0x0802bc24   0x000002d8   Code   RO         6739    i.IAPCmdMSgDeal     flash_access.o
    0x0802befc   0x0802befc   0x0000004c   Code   RO         6740    i.IAPNormalRespond  flash_access.o
    0x0802bf48   0x0802bf48   0x00000010   Code   RO           13    i.IWDG_Feed         iwdg.o
    0x0802bf58   0x0802bf58   0x00000024   Code   RO         6308    i.InitBatteryData   battery.o
    0x0802bf7c   0x0802bf7c   0x00000538   Code   RO         5704    i.InitMotorPara     motor_control.o
    0x0802c4b4   0x0802c4b4   0x00000030   Code   RO         6223    i.InitPidParas_incres  motor_pidctrl.o
    0x0802c4e4   0x0802c4e4   0x00000070   Code   RO         1051    i.InputCaptureInit  tim.o
    0x0802c554   0x0802c554   0x00000010   Code   RO         5608    i.IsMxLwipNetifLinkUp  lwip.o
    0x0802c564   0x0802c564   0x00000018   Code   RO         1234    i.IsRxBuffEmpty     usart.o
    0x0802c57c   0x0802c57c   0x0000000c   Code   RO          813    i.LL_ADC_REG_SetDMATransfer  adc.o
    0x0802c588   0x0802c588   0x00000004   Code   RO         1052    i.LL_TIM_OC_SetCompareCH1  tim.o
    0x0802c58c   0x0802c58c   0x00000004   Code   RO         1053    i.LL_TIM_OC_SetCompareCH3  tim.o
    0x0802c590   0x0802c590   0x00000004   Code   RO         1054    i.LL_TIM_OC_SetCompareCH4  tim.o
    0x0802c594   0x0802c594   0x00000004   Code   RO         1055    i.LL_TIM_SetAutoReload  tim.o
    0x0802c598   0x0802c598   0x00000004   Code   RO         1056    i.LL_TIM_SetCounter  tim.o
    0x0802c59c   0x0802c59c   0x0000002c   Code   RO          545    i.LockThread        freertos.o
    0x0802c5c8   0x0802c5c8   0x00000188   Code   RO         5705    i.LowVoltageCheck   motor_control.o
    0x0802c750   0x0802c750   0x00000038   Code   RO         7423    i.MBCRC16           mbcrc.o
    0x0802c788   0x0802c788   0x00000036   Code   RO         6059    i.MODBUS_RTUCrc16   motor485_driven.o
    0x0802c7be   0x0802c7be   0x00000002   PAD
    0x0802c7c0   0x0802c7c0   0x000000a0   Code   RO          814    i.MX_ADC1_Init      adc.o
    0x0802c860   0x0802c860   0x00000138   Code   RO          815    i.MX_ADC3_Init      adc.o
    0x0802c998   0x0802c998   0x0000004c   Code   RO          926    i.MX_CAN1_Init      can.o
    0x0802c9e4   0x0802c9e4   0x0000004c   Code   RO          927    i.MX_CAN2_Init      can.o
    0x0802ca30   0x0802ca30   0x0000009c   Code   RO          928    i.MX_CAN3_Init      can.o
    0x0802cacc   0x0802cacc   0x00000034   Code   RO         1018    i.MX_DMA_Init       dma.o
    0x0802cb00   0x0802cb00   0x000000c4   Code   RO          546    i.MX_FREERTOS_Init  freertos.o
    0x0802cbc4   0x0802cbc4   0x000001f0   Code   RO          482    i.MX_GPIO_Init      gpio.o
    0x0802cdb4   0x0802cdb4   0x0000002c   Code   RO           14    i.MX_IWDG_Init      iwdg.o
    0x0802cde0   0x0802cde0   0x0000002c   Code   RO           15    i.MX_IWDG_Init1S    iwdg.o
    0x0802ce0c   0x0802ce0c   0x00000288   Code   RO         5609    i.MX_LWIP_Init      lwip.o
    0x0802d094   0x0802d094   0x00000050   Code   RO         1057    i.MX_TIM12_Init     tim.o
    0x0802d0e4   0x0802d0e4   0x00000068   Code   RO         1058    i.MX_TIM2_Init      tim.o
    0x0802d14c   0x0802d14c   0x00000084   Code   RO         1059    i.MX_TIM3_Init      tim.o
    0x0802d1d0   0x0802d1d0   0x00000088   Code   RO         1060    i.MX_TIM5_Init      tim.o
    0x0802d258   0x0802d258   0x00000054   Code   RO         1235    i.MX_UART4_Init     usart.o
    0x0802d2ac   0x0802d2ac   0x0000005c   Code   RO         1236    i.MX_UART5_Init     usart.o
    0x0802d308   0x0802d308   0x00000044   Code   RO         1237    i.MX_USART1_UART_Init  usart.o
    0x0802d34c   0x0802d34c   0x00000044   Code   RO         1238    i.MX_USART2_UART_Init  usart.o
    0x0802d390   0x0802d390   0x00000044   Code   RO         1239    i.MX_USART6_UART_Init  usart.o
    0x0802d3d4   0x0802d3d4   0x00000004   Code   RO         1420    i.MemManage_Handler  stm32f7xx_it.o
    0x0802d3d8   0x0802d3d8   0x0000004c   Code   RO         6060    i.Motor485CheckRevData  motor485_driven.o
    0x0802d424   0x0802d424   0x000001c0   Code   RO         6061    i.Motor485DeviceRead  motor485_driven.o
    0x0802d5e4   0x0802d5e4   0x00000068   Code   RO         6062    i.Motor485ReadCurrent  motor485_driven.o
    0x0802d64c   0x0802d64c   0x00000068   Code   RO         6063    i.Motor485ReadError  motor485_driven.o
    0x0802d6b4   0x0802d6b4   0x00000068   Code   RO         6064    i.Motor485ReadErrorCode  motor485_driven.o
    0x0802d71c   0x0802d71c   0x00000078   Code   RO         6065    i.Motor485ReadPos   motor485_driven.o
    0x0802d794   0x0802d794   0x000000a8   Code   RO         6066    i.Motor485ReadVelocity  motor485_driven.o
    0x0802d83c   0x0802d83c   0x00000070   Code   RO         6067    i.Motor485SetActualPos  motor485_driven.o
    0x0802d8ac   0x0802d8ac   0x00000058   Code   RO         6068    i.Motor485SetMotorContrlmode  motor485_driven.o
    0x0802d904   0x0802d904   0x0000008c   Code   RO         6069    i.Motor485SetMotorMove  motor485_driven.o
    0x0802d990   0x0802d990   0x00000070   Code   RO         6072    i.Motor485SetTargetAbsPosRealtime  motor485_driven.o
    0x0802da00   0x0802da00   0x00000074   Code   RO         6073    i.Motor485SetTargetCurrent  motor485_driven.o
    0x0802da74   0x0802da74   0x00000098   Code   RO         6074    i.Motor485SetTargetVelocity  motor485_driven.o
    0x0802db0c   0x0802db0c   0x000001ec   Code   RO         6075    i.Motor485Test      motor485_driven.o
    0x0802dcf8   0x0802dcf8   0x00000074   Code   RO         6405    i.MotorCanDeviceRead  motor_driven.o
    0x0802dd6c   0x0802dd6c   0x00000060   Code   RO         6406    i.MotorCanDeviceWrite  motor_driven.o
    0x0802ddcc   0x0802ddcc   0x0000009c   Code   RO         6407    i.MotorCanDisableTransimitPdo  motor_driven.o
    0x0802de68   0x0802de68   0x000000c0   Code   RO         6408    i.MotorCanSdoGet    motor_driven.o
    0x0802df28   0x0802df28   0x000000b8   Code   RO         6409    i.MotorCanSdoSet    motor_driven.o
    0x0802dfe0   0x0802dfe0   0x00000a98   Code   RO         6410    i.MotorCheckReadData  motor_driven.o
    0x0802ea78   0x0802ea78   0x00000022   Code   RO         6411    i.MotorControlCmdExchange  motor_driven.o
    0x0802ea9a   0x0802ea9a   0x00000002   PAD
    0x0802ea9c   0x0802ea9c   0x00000288   Code   RO         5706    i.MotorControlEntry  motor_control.o
    0x0802ed24   0x0802ed24   0x0000009c   Code   RO         6412    i.MotorDeviceControlCmd  motor_driven.o
    0x0802edc0   0x0802edc0   0x00000090   Code   RO         6413    i.MotorDeviceControlCmdWithJudge  motor_driven.o
    0x0802ee50   0x0802ee50   0x00000044   Code   RO         6414    i.MotorGetHomingMethod  motor_driven.o
    0x0802ee94   0x0802ee94   0x0000008c   Code   RO         6415    i.MotorGetOperationMode  motor_driven.o
    0x0802ef20   0x0802ef20   0x00000040   Code   RO         6416    i.MotorGetTargetPosition  motor_driven.o
    0x0802ef60   0x0802ef60   0x00000074   Code   RO         6417    i.MotorGetTargetVelocity  motor_driven.o
    0x0802efd4   0x0802efd4   0x0000009c   Code   RO         6418    i.MotorOperationModeExchange  motor_driven.o
    0x0802f070   0x0802f070   0x000000e0   Code   RO         5707    i.MotorOverLoaderWaitRecovery  motor_control.o
    0x0802f150   0x0802f150   0x00000448   Code   RO         5708    i.MotorOverloaderJudge  motor_control.o
    0x0802f598   0x0802f598   0x000001f8   Code   RO         5709    i.MotorOverloaderUpdateIndex  motor_control.o
    0x0802f790   0x0802f790   0x000001d4   Code   RO         5710    i.MotorReachTargetPosJudge  motor_control.o
    0x0802f964   0x0802f964   0x000000d4   Code   RO         6419    i.MotorReadAvarageCurrentCmd  motor_driven.o
    0x0802fa38   0x0802fa38   0x00000044   Code   RO         6421    i.MotorReadEnableStatus  motor_driven.o
    0x0802fa7c   0x0802fa7c   0x000000ac   Code   RO         6422    i.MotorReadErrorCode  motor_driven.o
    0x0802fb28   0x0802fb28   0x00000044   Code   RO         6423    i.MotorReadIOStatus  motor_driven.o
    0x0802fb6c   0x0802fb6c   0x00000088   Code   RO         6424    i.MotorReadPosition  motor_driven.o
    0x0802fbf4   0x0802fbf4   0x00000030   Code   RO         6425    i.MotorReadProcess  motor_driven.o
    0x0802fc24   0x0802fc24   0x000000a0   Code   RO         6426    i.MotorReadStatus   motor_driven.o
    0x0802fcc4   0x0802fcc4   0x00000c90   Code   RO         5711    i.MotorReadStep     motor_control.o
    0x08030954   0x08030954   0x000000d4   Code   RO         6427    i.MotorReadVelocity  motor_driven.o
    0x08030a28   0x08030a28   0x00000090   Code   RO         6428    i.MotorSendReadAvarageCurrentCmd  motor_driven.o
    0x08030ab8   0x08030ab8   0x00000030   Code   RO         6429    i.MotorSendReadControlStatus  motor_driven.o
    0x08030ae8   0x08030ae8   0x00000088   Code   RO         6430    i.MotorSendReadDriverTmpCmd  motor_driven.o
    0x08030b70   0x08030b70   0x0000006c   Code   RO         6431    i.MotorSendReadPosCmd  motor_driven.o
    0x08030bdc   0x08030bdc   0x00000070   Code   RO         6432    i.MotorSendReadStatus  motor_driven.o
    0x08030c4c   0x08030c4c   0x00000030   Code   RO         6433    i.MotorSendReadTmpCmd  motor_driven.o
    0x08030c7c   0x08030c7c   0x00000058   Code   RO         6434    i.MotorSendReadVelocity  motor_driven.o
    0x08030cd4   0x08030cd4   0x000000a0   Code   RO         6435    i.MotorSendReadVolCmd  motor_driven.o
    0x08030d74   0x08030d74   0x00000074   Code   RO         6436    i.MotorSetAbortConnectionOptionCode  motor_driven.o
    0x08030de8   0x08030de8   0x00000078   Code   RO         6439    i.MotorSetHomingMethod  motor_driven.o
    0x08030e60   0x08030e60   0x00000038   Code   RO         6444    i.MotorSetMotorControlStatus  motor_driven.o
    0x08030e98   0x08030e98   0x00000038   Code   RO         6445    i.MotorSetMotorEnableStatus  motor_driven.o
    0x08030ed0   0x08030ed0   0x000000bc   Code   RO         6446    i.MotorSetOperationMode  motor_driven.o
    0x08030f8c   0x08030f8c   0x000000b0   Code   RO         6447    i.MotorSetProfileAcc  motor_driven.o
    0x0803103c   0x0803103c   0x000000b0   Code   RO         6448    i.MotorSetProfileDec  motor_driven.o
    0x080310ec   0x080310ec   0x000000b0   Code   RO         6449    i.MotorSetProfileVelocity  motor_driven.o
    0x0803119c   0x0803119c   0x00000128   Code   RO         6450    i.MotorSetTargetCurrent  motor_driven.o
    0x080312c4   0x080312c4   0x000000b0   Code   RO         6451    i.MotorSetTargetPosition  motor_driven.o
    0x08031374   0x08031374   0x00000114   Code   RO         6452    i.MotorSetTargetVelocity  motor_driven.o
    0x08031488   0x08031488   0x0000035c   Code   RO         5713    i.MotorsPowerCheck  motor_control.o
    0x080317e4   0x080317e4   0x00000002   Code   RO         1421    i.NMI_Handler       stm32f7xx_it.o
    0x080317e6   0x080317e6   0x00000002   PAD
    0x080317e8   0x080317e8   0x00000240   Code   RO         5714    i.NavNegativeDirJudge  motor_control.o
    0x08031a28   0x08031a28   0x00000e58   Code   RO         5715    i.OldTestProcess    motor_control.o
    0x08032880   0x08032880   0x00000338   Code   RO         5716    i.OldTestRevCmdAnalysis  motor_control.o
    0x08032bb8   0x08032bb8   0x000002f4   Code   RO         5717    i.PIDBrakeAdjust    motor_control.o
    0x08032eac   0x08032eac   0x00001384   Code   RO         5718    i.PIDCurrentAdjust  motor_control.o
    0x08034230   0x08034230   0x0000013c   Code   RO         1061    i.PWMInit           tim.o
    0x0803436c   0x0803436c   0x000000f0   Code   RO         1063    i.PWMSetMotorOutputState  tim.o
    0x0803445c   0x0803445c   0x000000fc   Code   RO         1064    i.PWMSetMotorPulse  tim.o
    0x08034558   0x08034558   0x00000154   Code   RO         1065    i.PWMSetMotorValue  tim.o
    0x080346ac   0x080346ac   0x00000184   Code   RO         1066    i.PWMTIM5Init       tim.o
    0x08034830   0x08034830   0x000000ec   Code   RO         1067    i.PWMUpdateMotorPulse  tim.o
    0x0803491c   0x0803491c   0x0000019c   Code   RO         7348    i.ParsingAccessCommand  mb.o
    0x08034ab8   0x08034ab8   0x00000060   Code   RO         7295    i.ParsingClientAccessCommand  mbtcpserver.o
    0x08034b18   0x08034b18   0x0000021c   Code   RO         5719    i.PrintErrorInfo    motor_control.o
    0x08034d34   0x08034d34   0x00000090   Code   RO         7095    i.PrintSetRegisterMsg  mbcommon.o
    0x08034dc4   0x08034dc4   0x0000015c   Code   RO         6741    i.PrintfAllHistoryError  flash_access.o
    0x08034f20   0x08034f20   0x00000040   Code   RO         6742    i.PrintfHardwareType  flash_access.o
    0x08034f60   0x08034f60   0x00000290   Code   RO         5720    i.PrintfMotorStaus  motor_control.o
    0x080351f0   0x080351f0   0x000000ec   Code   RO          547    i.PrintfSendMsg     freertos.o
    0x080352dc   0x080352dc   0x0000005c   Code   RO         6743    i.PrintfUfoVerAndSn  flash_access.o
    0x08035338   0x08035338   0x00000828   Code   RO         5721    i.ProcessMotorRunModeCurrent  motor_control.o
    0x08035b60   0x08035b60   0x00000444   Code   RO         5722    i.ProcessMotorRunModeCurrentPos  motor_control.o
    0x08035fa4   0x08035fa4   0x000014cc   Code   RO         5723    i.ProcessMotorRunModeHomming  motor_control.o
    0x08037470   0x08037470   0x00000d58   Code   RO         5724    i.ProcessMotorRunModePos  motor_control.o
    0x080381c8   0x080381c8   0x00000338   Code   RO         5725    i.ProcessMotorRunModePowerOff  motor_control.o
    0x08038500   0x08038500   0x00000878   Code   RO         5726    i.ProcessMotorRunModeSpeed  motor_control.o
    0x08038d78   0x08038d78   0x0000032c   Code   RO         5727    i.ProcessMotorRunModeStop  motor_control.o
    0x080390a4   0x080390a4   0x00000128   Code   RO          816    i.ReadAdcSensorValue  adc.o
    0x080391cc   0x080391cc   0x00000058   Code   RO         6309    i.ReadBatteryInfoFrom485Modbus  battery.o
    0x08039224   0x08039224   0x00000194   Code   RO         6310    i.ReadBatteryInfoFromBestWay  battery.o
    0x080393b8   0x080393b8   0x0000054c   Code   RO         6311    i.ReadBatteryInfoFromJIUPUFourLarge  battery.o
    0x08039904   0x08039904   0x000000b0   Code   RO         6312    i.ReadBatteryInfoFromJK  battery.o
    0x080399b4   0x080399b4   0x00000148   Code   RO         6313    i.ReadBatteryInfoFromYBT  battery.o
    0x08039afc   0x08039afc   0x000000ec   Code   RO         6314    i.ReadBatteryInfoFromYBTThreeLarge  battery.o
    0x08039be8   0x08039be8   0x00000170   Code   RO         6315    i.ReadBatteryInfoFromYBT_v2  battery.o
    0x08039d58   0x08039d58   0x000001b4   Code   RO         6316    i.ReadBatteryInfoFromYBT_v3  battery.o
    0x08039f0c   0x08039f0c   0x0000003a   Code   RO         7349    i.ReadCoilStatusCommand  mb.o
    0x08039f46   0x08039f46   0x00000040   Code   RO         7350    i.ReadHoldingRegisterCommand  mb.o
    0x08039f86   0x08039f86   0x0000003a   Code   RO         7351    i.ReadInputRegisterCommand  mb.o
    0x08039fc0   0x08039fc0   0x0000003a   Code   RO         7352    i.ReadInputStatusCommand  mb.o
    0x08039ffa   0x08039ffa   0x00000002   PAD
    0x08039ffc   0x08039ffc   0x00000290   Code   RO         6317    i.ReadMiniUfoV2BatteryInfoFrom485  battery.o
    0x0803a28c   0x0803a28c   0x000000e0   Code   RO          817    i.ReadTmpProcess    adc.o
    0x0803a36c   0x0803a36c   0x00000170   Code   RO         5729    i.RecordCarNavVelAndAcc  motor_control.o
    0x0803a4dc   0x0803a4dc   0x000002b0   Code   RO         5730    i.RecordCarSetVelAndAcc  motor_control.o
    0x0803a78c   0x0803a78c   0x00000324   Code   RO         5731    i.RecordMotorVelAndAcc  motor_control.o
    0x0803aab0   0x0803aab0   0x00000006   Code   RO         5732    i.ResetTimer        motor_control.o
    0x0803aab6   0x0803aab6   0x00000002   PAD
    0x0803aab8   0x0803aab8   0x00000114   Code   RO          548    i.SBUS_ENcode       freertos.o
    0x0803abcc   0x0803abcc   0x000001f4   Code   RO          549    i.SBUS_ReceiveProcess  freertos.o
    0x0803adc0   0x0803adc0   0x0000007c   Code   RO         6744    i.SCB_CleanInvalidateDCache  flash_access.o
    0x0803ae3c   0x0803ae3c   0x0000009c   Code   RO          243    i.SCB_EnableDCache  main.o
    0x0803aed8   0x0803aed8   0x0000007c   Code   RO          244    i.SCB_EnableICache  main.o
    0x0803af54   0x0803af54   0x000009e8   Code   RO         5734    i.SetDriveMotorTargetValue  motor_control.o
    0x0803b93c   0x0803b93c   0x00000030   Code   RO         6453    i.SetEposNMTState   motor_driven.o
    0x0803b96c   0x0803b96c   0x000001b0   Code   RO         5735    i.SetErrorCode      motor_control.o
    0x0803bb1c   0x0803bb1c   0x000000b0   Code   RO         5736    i.SetErrorInfo      motor_control.o
    0x0803bbcc   0x0803bbcc   0x00000148   Code   RO         5737    i.SetMotorLock      motor_control.o
    0x0803bd14   0x0803bd14   0x000003d0   Code   RO         5738    i.SetMotorPower     motor_control.o
    0x0803c0e4   0x0803c0e4   0x00000060   Code   RO         5739    i.SetMotorRunModeData  motor_control.o
    0x0803c144   0x0803c144   0x00000244   Code   RO         5740    i.SetMotorRunModeDataForce  motor_control.o
    0x0803c388   0x0803c388   0x00000002   Code   RO         7096    i.SetMultipleCoil   mbcommon.o
    0x0803c38a   0x0803c38a   0x00000002   PAD
    0x0803c38c   0x0803c38c   0x00000078   Code   RO         7097    i.SetMultipleRegister  mbcommon.o
    0x0803c404   0x0803c404   0x00000002   Code   RO         7098    i.SetSingleCoil     mbcommon.o
    0x0803c406   0x0803c406   0x00000002   PAD
    0x0803c408   0x0803c408   0x0000005c   Code   RO         7099    i.SetSingleRegister  mbcommon.o
    0x0803c464   0x0803c464   0x0000008c   Code   RO         1240    i.SetUsartTo485Direction  usart.o
    0x0803c4f0   0x0803c4f0   0x00000cfc   Code   RO         5741    i.SetVelStateSwitchDeal  motor_control.o
    0x0803d1ec   0x0803d1ec   0x000000ec   Code   RO          550    i.StartTaskMain     freertos.o
    0x0803d2d8   0x0803d2d8   0x00000040   Code   RO          551    i.StartTaskMotor    freertos.o
    0x0803d318   0x0803d318   0x00000058   Code   RO          552    i.StartTaskSD       freertos.o
    0x0803d370   0x0803d370   0x00000070   Code   RO          553    i.StartTaskTcp      freertos.o
    0x0803d3e0   0x0803d3e0   0x00000310   Code   RO          554    i.StartTaskTcpCreate  freertos.o
    0x0803d6f0   0x0803d6f0   0x0000015c   Code   RO          555    i.StartTaskTcpPrint  freertos.o
    0x0803d84c   0x0803d84c   0x000000d0   Code   RO         7353    i.SyntheticAccessRespond  mb.o
    0x0803d91c   0x0803d91c   0x0000006a   Code   RO         7267    i.SyntheticServerAccessRespond  mbtcp.o
    0x0803d986   0x0803d986   0x00000002   PAD
    0x0803d988   0x0803d988   0x00000038   Code   RO         8692    i.SysTick_Handler   port.o
    0x0803d9c0   0x0803d9c0   0x000000e0   Code   RO          245    i.SystemClock_Config  main.o
    0x0803daa0   0x0803daa0   0x00000020   Code   RO         7444    i.SystemInit        system_stm32f7xx.o
    0x0803dac0   0x0803dac0   0x00000010   Code   RO         1422    i.TIM1_UP_TIM10_IRQHandler  stm32f7xx_it.o
    0x0803dad0   0x0803dad0   0x00000010   Code   RO         1423    i.TIM2_IRQHandler   stm32f7xx_it.o
    0x0803dae0   0x0803dae0   0x00000014   Code   RO         1424    i.TIM5_IRQHandler   stm32f7xx_it.o
    0x0803daf4   0x0803daf4   0x00000010   Code   RO         1425    i.TIM8_BRK_TIM12_IRQHandler  stm32f7xx_it.o
    0x0803db04   0x0803db04   0x00000010   Code   RO         1426    i.TIM8_UP_TIM13_IRQHandler  stm32f7xx_it.o
    0x0803db14   0x0803db14   0x000000d8   Code   RO         4150    i.TIM_Base_SetConfig  stm32f7xx_hal_tim.o
    0x0803dbec   0x0803dbec   0x00000022   Code   RO         4151    i.TIM_CCxChannelCmd  stm32f7xx_hal_tim.o
    0x0803dc0e   0x0803dc0e   0x00000016   Code   RO         4161    i.TIM_ETR_SetConfig  stm32f7xx_hal_tim.o
    0x0803dc24   0x0803dc24   0x00000074   Code   RO         4163    i.TIM_OC1_SetConfig  stm32f7xx_hal_tim.o
    0x0803dc98   0x0803dc98   0x00000080   Code   RO         4164    i.TIM_OC2_SetConfig  stm32f7xx_hal_tim.o
    0x0803dd18   0x0803dd18   0x0000007c   Code   RO         4165    i.TIM_OC3_SetConfig  stm32f7xx_hal_tim.o
    0x0803dd94   0x0803dd94   0x00000058   Code   RO         4166    i.TIM_OC4_SetConfig  stm32f7xx_hal_tim.o
    0x0803ddec   0x0803ddec   0x00000050   Code   RO         4167    i.TIM_OC5_SetConfig  stm32f7xx_hal_tim.o
    0x0803de3c   0x0803de3c   0x00000054   Code   RO         4168    i.TIM_OC6_SetConfig  stm32f7xx_hal_tim.o
    0x0803de90   0x0803de90   0x000000b0   Code   RO         4169    i.TIM_SlaveTimer_SetConfig  stm32f7xx_hal_tim.o
    0x0803df40   0x0803df40   0x00000026   Code   RO         4170    i.TIM_TI1_ConfigInputStage  stm32f7xx_hal_tim.o
    0x0803df66   0x0803df66   0x00000002   PAD
    0x0803df68   0x0803df68   0x00000090   Code   RO         4171    i.TIM_TI1_SetConfig  stm32f7xx_hal_tim.o
    0x0803dff8   0x0803dff8   0x00000028   Code   RO         4172    i.TIM_TI2_ConfigInputStage  stm32f7xx_hal_tim.o
    0x0803e020   0x0803e020   0x0000003a   Code   RO         4173    i.TIM_TI2_SetConfig  stm32f7xx_hal_tim.o
    0x0803e05a   0x0803e05a   0x00000038   Code   RO         4174    i.TIM_TI3_SetConfig  stm32f7xx_hal_tim.o
    0x0803e092   0x0803e092   0x0000003c   Code   RO         4175    i.TIM_TI4_SetConfig  stm32f7xx_hal_tim.o
    0x0803e0ce   0x0803e0ce   0x00000002   PAD
    0x0803e0d0   0x0803e0d0   0x00000298   Code   RO          556    i.TcpPrintRevMsgProcess  freertos.o
    0x0803e368   0x0803e368   0x000001b8   Code   RO          557    i.TcpRevCmdAnalysis  freertos.o
    0x0803e520   0x0803e520   0x000000ec   Code   RO          558    i.TcpSocketProcess  freertos.o
    0x0803e60c   0x0803e60c   0x000002dc   Code   RO          559    i.TcpSocketProcessNew  freertos.o
    0x0803e8e8   0x0803e8e8   0x0000007c   Code   RO          560    i.TcpSocketSendNew  freertos.o
    0x0803e964   0x0803e964   0x000001b4   Code   RO          561    i.TcpUpdateSendData  freertos.o
    0x0803eb18   0x0803eb18   0x000003cc   Code   RO         6454    i.TestMotorControl  motor_driven.o
    0x0803eee4   0x0803eee4   0x00000194   Code   RO         5742    i.TestMotorDataUploadProcess  motor_control.o
    0x0803f078   0x0803f078   0x0000023c   Code   RO         5743    i.TestUfoControl    motor_control.o
    0x0803f2b4   0x0803f2b4   0x00000014   Code   RO         1427    i.UART5_IRQHandler  stm32f7xx_it.o
    0x0803f2c8   0x0803f2c8   0x000000f8   Code   RO         5070    i.UART_AdvFeatureConfig  stm32f7xx_hal_uart.o
    0x0803f3c0   0x0803f3c0   0x0000006e   Code   RO         5071    i.UART_CheckIdleState  stm32f7xx_hal_uart.o
    0x0803f42e   0x0803f42e   0x00000018   Code   RO         5072    i.UART_DMAAbortOnError  stm32f7xx_hal_uart.o
    0x0803f446   0x0803f446   0x00000056   Code   RO         5073    i.UART_DMAError     stm32f7xx_hal_uart.o
    0x0803f49c   0x0803f49c   0x00000036   Code   RO         5078    i.UART_DMATransmitCplt  stm32f7xx_hal_uart.o
    0x0803f4d2   0x0803f4d2   0x0000000e   Code   RO         5080    i.UART_DMATxHalfCplt  stm32f7xx_hal_uart.o
    0x0803f4e0   0x0803f4e0   0x00000022   Code   RO         5082    i.UART_EndRxTransfer  stm32f7xx_hal_uart.o
    0x0803f502   0x0803f502   0x00000020   Code   RO         5083    i.UART_EndTransmit_IT  stm32f7xx_hal_uart.o
    0x0803f522   0x0803f522   0x00000012   Code   RO         5084    i.UART_EndTxTransfer  stm32f7xx_hal_uart.o
    0x0803f534   0x0803f534   0x000003a8   Code   RO         5087    i.UART_SetConfig    stm32f7xx_hal_uart.o
    0x0803f8dc   0x0803f8dc   0x000000b4   Code   RO         5090    i.UART_WaitOnFlagUntilTimeout  stm32f7xx_hal_uart.o
    0x0803f990   0x0803f990   0x00000134   Code   RO          562    i.USART_ReceiveProcess  freertos.o
    0x0803fac4   0x0803fac4   0x00000440   Code   RO         6989    i.UdpRespondReved   log_printf.o
    0x0803ff04   0x0803ff04   0x0000010c   Code   RO          563    i.UfoBrakeAutoControl  freertos.o
    0x08040010   0x08040010   0x00000d88   Code   RO          564    i.UfoControlCmdAnalysis  freertos.o
    0x08040d98   0x08040d98   0x000001d4   Code   RO          565    i.UfoEmergencyStopProcess  freertos.o
    0x08040f6c   0x08040f6c   0x00000068   Code   RO          566    i.UfoLeftRightControl  freertos.o
    0x08040fd4   0x08040fd4   0x00000048   Code   RO          567    i.UnLockThread      freertos.o
    0x0804101c   0x0804101c   0x00000084   Code   RO         6745    i.UpdateHistoryError  flash_access.o
    0x080410a0   0x080410a0   0x00000038   Code   RO          568    i.UpdateUfoState    freertos.o
    0x080410d8   0x080410d8   0x00000004   Code   RO         1428    i.UsageFault_Handler  stm32f7xx_it.o
    0x080410dc   0x080410dc   0x000000c2   Code   RO         1241    i.UsartDeviceRead   usart.o
    0x0804119e   0x0804119e   0x00000002   PAD
    0x080411a0   0x080411a0   0x000001cc   Code   RO         1242    i.UsartDeviceWrite  usart.o
    0x0804136c   0x0804136c   0x00000040   Code   RO         1243    i.UsartDmaSendData  usart.o
    0x080413ac   0x080413ac   0x0000004c   Code   RO         1244    i.UsartGetSelectDevice  usart.o
    0x080413f8   0x080413f8   0x00000016   Code   RO         1245    i.UsartMsgInit      usart.o
    0x0804140e   0x0804140e   0x00000002   PAD
    0x08041410   0x08041410   0x000000b0   Code   RO         1246    i.UsartRxDmaConfiguration  usart.o
    0x080414c0   0x080414c0   0x00000088   Code   RO         1247    i.UsartTxDmaConfiguration  usart.o
    0x08041548   0x08041548   0x0000040c   Code   RO         6746    i.UsartWriteFlashConfigureParas  flash_access.o
    0x08041954   0x08041954   0x00000056   Code   RO         6747    i.WifiNormalRespond  flash_access.o
    0x080419aa   0x080419aa   0x00000002   PAD
    0x080419ac   0x080419ac   0x000004c8   Code   RO         1248    i.WifiRevCmdAnalysis  usart.o
    0x08041e74   0x08041e74   0x000001d8   Code   RO         1249    i.WifiRevMsgProcess  usart.o
    0x0804204c   0x0804204c   0x0000009c   Code   RO         6748    i.WriteFlashConfigureParasProcess  flash_access.o
    0x080420e8   0x080420e8   0x0000003a   Code   RO         7354    i.WriteMultipleCoilCommand  mb.o
    0x08042122   0x08042122   0x00000042   Code   RO         7355    i.WriteMultipleRegisterCommand  mb.o
    0x08042164   0x08042164   0x0000004c   Code   RO         7356    i.WriteSingleCoilCommand  mb.o
    0x080421b0   0x080421b0   0x00000034   Code   RO         7357    i.WriteSingleRegisterCommand  mb.o
    0x080421e4   0x080421e4   0x00000020   Code   RO        13666    i.__0printf         mc_w.l(printfa.o)
    0x08042204   0x08042204   0x00000030   Code   RO        13667    i.__0snprintf       mc_w.l(printfa.o)
    0x08042234   0x08042234   0x0000002c   Code   RO        13671    i.__0vsnprintf      mc_w.l(printfa.o)
    0x08042260   0x08042260   0x00000010   Code   RO         2648    i.__NVIC_GetPriorityGrouping  stm32f7xx_hal_cortex.o
    0x08042270   0x08042270   0x00000028   Code   RO         2649    i.__NVIC_SetPriority  stm32f7xx_hal_cortex.o
    0x08042298   0x08042298   0x00000008   Code   RO        13733    i.__aeabi_errno_addr  mc_w.l(errno.o)
    0x080422a0   0x080422a0   0x000000fc   Code   RO        13367    i.__hardfp_fmod     m_wv.l(fmod.o)
    0x0804239c   0x0804239c   0x00000004   PAD
    0x080423a0   0x080423a0   0x00000018   Code   RO        13699    i.__mathlib_dbl_invalid  m_wv.l(dunder.o)
    0x080423b8   0x080423b8   0x0000000e   Code   RO        13769    i.__scatterload_copy  mc_w.l(handlers.o)
    0x080423c6   0x080423c6   0x00000002   Code   RO        13770    i.__scatterload_null  mc_w.l(handlers.o)
    0x080423c8   0x080423c8   0x0000000e   Code   RO        13771    i.__scatterload_zeroinit  mc_w.l(handlers.o)
    0x080423d6   0x080423d6   0x00000002   PAD
    0x080423d8   0x080423d8   0x0000000c   Code   RO        13735    i.__set_errno       mc_w.l(errno.o)
    0x080423e4   0x080423e4   0x00000184   Code   RO        13673    i._fp_digits        mc_w.l(printfa.o)
    0x08042568   0x08042568   0x000006dc   Code   RO        13674    i._printf_core      mc_w.l(printfa.o)
    0x08042c44   0x08042c44   0x00000024   Code   RO        13675    i._printf_post_padding  mc_w.l(printfa.o)
    0x08042c68   0x08042c68   0x0000002e   Code   RO        13676    i._printf_pre_padding  mc_w.l(printfa.o)
    0x08042c96   0x08042c96   0x00000016   Code   RO        13677    i._snputc           mc_w.l(printfa.o)
    0x08042cac   0x08042cac   0x0000019c   Code   RO         9748    i.accept_function   api_msg.o
    0x08042e48   0x08042e48   0x00000124   Code   RO        10149    i.alloc_socket      sockets.o
    0x08042f6c   0x08042f6c   0x00000078   Code   RO          569    i.closeSelectSocket  freertos.o
    0x08042fe4   0x08042fe4   0x00000042   Code   RO          214    i.delay_us          delay.o
    0x08043026   0x08043026   0x00000002   PAD
    0x08043028   0x08043028   0x000000bc   Code   RO        10968    i.do_memp_free_pool  memp.o
    0x080430e4   0x080430e4   0x000000c8   Code   RO        10969    i.do_memp_malloc_pool  memp.o
    0x080431ac   0x080431ac   0x0000020c   Code   RO         9749    i.err_tcp           api_msg.o
    0x080433b8   0x080433b8   0x00000020   Code   RO         9953    i.err_to_errno      err.o
    0x080433d8   0x080433d8   0x00000038   Code   RO        12402    i.etharp_cleanup_netif  etharp.o
    0x08043410   0x08043410   0x00000300   Code   RO        12404    i.etharp_find_entry  etharp.o
    0x08043710   0x08043710   0x00000040   Code   RO        12405    i.etharp_free_entry  etharp.o
    0x08043750   0x08043750   0x0000013c   Code   RO        12407    i.etharp_input      etharp.o
    0x0804388c   0x0804388c   0x00000224   Code   RO        12408    i.etharp_output     etharp.o
    0x08043ab0   0x08043ab0   0x00000168   Code   RO        12409    i.etharp_output_to_arp_index  etharp.o
    0x08043c18   0x08043c18   0x000002a4   Code   RO        12410    i.etharp_query      etharp.o
    0x08043ebc   0x08043ebc   0x0000018c   Code   RO        12411    i.etharp_raw        etharp.o
    0x08044048   0x08044048   0x00000018   Code   RO        12412    i.etharp_request    etharp.o
    0x08044060   0x08044060   0x0000002c   Code   RO        12413    i.etharp_request_dst  etharp.o
    0x0804408c   0x0804408c   0x000000dc   Code   RO        12414    i.etharp_tmr        etharp.o
    0x08044168   0x08044168   0x0000015c   Code   RO        12415    i.etharp_update_arp_entry  etharp.o
    0x080442c4   0x080442c4   0x000000c4   Code   RO         9302    i.ethernet_input    ethernet.o
    0x08044388   0x08044388   0x00000104   Code   RO         9303    i.ethernet_output   ethernet.o
    0x0804448c   0x0804448c   0x00000098   Code   RO         5480    i.ethernetif_init   ethernetif.o
    0x08044524   0x08044524   0x0000004c   Code   RO         5481    i.ethernetif_input  ethernetif.o
    0x08044570   0x08044570   0x00000020   Code   RO          570    i.ethernetif_notify_conn_changed  freertos.o
    0x08044590   0x08044590   0x00000058   Code   RO         5483    i.ethernetif_set_link  ethernetif.o
    0x080445e8   0x080445e8   0x000000d4   Code   RO         5484    i.ethernetif_update_config  ethernetif.o
    0x080446bc   0x080446bc   0x00000174   Code   RO        10150    i.event_callback    sockets.o
    0x08044830   0x08044830   0x00000012   Code   RO        13724    i.fputc             mc_w.l(fputc.o)
    0x08044842   0x08044842   0x00000032   Code   RO        10151    i.free_socket       sockets.o
    0x08044874   0x08044874   0x00000026   Code   RO        10152    i.free_socket_free_elements  sockets.o
    0x0804489a   0x0804489a   0x00000018   Code   RO        10153    i.free_socket_locked  sockets.o
    0x080448b2   0x080448b2   0x00000002   PAD
    0x080448b4   0x080448b4   0x00000024   Code   RO        10154    i.get_socket        sockets.o
    0x080448d8   0x080448d8   0x00000012   Code   RO        12505    i.icmp_dest_unreach  icmp.o
    0x080448ea   0x080448ea   0x00000002   PAD
    0x080448ec   0x080448ec   0x00000270   Code   RO        12506    i.icmp_input        icmp.o
    0x08044b5c   0x08044b5c   0x0000011c   Code   RO        12507    i.icmp_send_response  icmp.o
    0x08044c78   0x08044c78   0x00000012   Code   RO        12508    i.icmp_time_exceeded  icmp.o
    0x08044c8a   0x08044c8a   0x00000010   Code   RO         8261    i.inHandlerMode     cmsis_os.o
    0x08044c9a   0x08044c9a   0x0000004e   Code   RO        12622    i.ip4_addr_isbroadcast_u32  ip4_addr.o
    0x08044ce8   0x08044ce8   0x000002cc   Code   RO        12690    i.ip4_frag          ip4_frag.o
    0x08044fb4   0x08044fb4   0x0000019c   Code   RO        12567    i.ip4_input         ip4.o
    0x08045150   0x08045150   0x00000034   Code   RO        12568    i.ip4_input_accept  ip4.o
    0x08045184   0x08045184   0x00000036   Code   RO        12570    i.ip4_output_if     ip4.o
    0x080451ba   0x080451ba   0x00000002   PAD
    0x080451bc   0x080451bc   0x0000019c   Code   RO        12571    i.ip4_output_if_src  ip4.o
    0x08045358   0x08045358   0x000002fc   Code   RO        12691    i.ip4_reass         ip4_frag.o
    0x08045654   0x08045654   0x00000094   Code   RO        12572    i.ip4_route         ip4.o
    0x080456e8   0x080456e8   0x0000000a   Code   RO        12692    i.ip_frag_alloc_pbuf_custom_ref  ip4_frag.o
    0x080456f2   0x080456f2   0x00000002   PAD
    0x080456f4   0x080456f4   0x00000098   Code   RO        12693    i.ip_frag_free_pbuf_custom_ref  ip4_frag.o
    0x0804578c   0x0804578c   0x00000304   Code   RO        12694    i.ip_reass_chain_frag_into_datagram_and_validate  ip4_frag.o
    0x08045a90   0x08045a90   0x000000c4   Code   RO        12695    i.ip_reass_dequeue_datagram  ip4_frag.o
    0x08045b54   0x08045b54   0x00000054   Code   RO        12696    i.ip_reass_enqueue_new_datagram  ip4_frag.o
    0x08045ba8   0x08045ba8   0x000001e0   Code   RO        12697    i.ip_reass_free_complete_datagram  ip4_frag.o
    0x08045d88   0x08045d88   0x00000088   Code   RO        12698    i.ip_reass_remove_oldest_datagram  ip4_frag.o
    0x08045e10   0x08045e10   0x00000034   Code   RO        12699    i.ip_reass_tmr      ip4_frag.o
    0x08045e44   0x08045e44   0x000000c8   Code   RO        12700    i.ipfrag_free_pbuf_custom  ip4_frag.o
    0x08045f0c   0x08045f0c   0x00000078   Code   RO         1250    i.isDmaSendFinish   usart.o
    0x08045f84   0x08045f84   0x00000150   Code   RO         5485    i.low_level_init    ethernetif.o
    0x080460d4   0x080460d4   0x00000104   Code   RO         5486    i.low_level_input   ethernetif.o
    0x080461d8   0x080461d8   0x000000e8   Code   RO         5487    i.low_level_output  ethernetif.o
    0x080462c0   0x080462c0   0x00000260   Code   RO        10155    i.lwip_accept       sockets.o
    0x08046520   0x08046520   0x00000134   Code   RO        10156    i.lwip_bind         sockets.o
    0x08046654   0x08046654   0x00000100   Code   RO        10157    i.lwip_close        sockets.o
    0x08046754   0x08046754   0x00000050   Code   RO        12148    i.lwip_cyclic_timer  timeouts.o
    0x080467a4   0x080467a4   0x0000001a   Code   RO        10666    i.lwip_htonl        def.o
    0x080467be   0x080467be   0x0000000c   Code   RO        10667    i.lwip_htons        def.o
    0x080467ca   0x080467ca   0x00000002   PAD
    0x080467cc   0x080467cc   0x000000a0   Code   RO        10811    i.lwip_init         init.o
    0x0804686c   0x0804686c   0x00000090   Code   RO        10169    i.lwip_listen       sockets.o
    0x080468fc   0x080468fc   0x0000004c   Code   RO         9750    i.lwip_netconn_do_bind  api_msg.o
    0x08046948   0x08046948   0x0000015c   Code   RO         9752    i.lwip_netconn_do_close  api_msg.o
    0x08046aa4   0x08046aa4   0x000003fc   Code   RO         9753    i.lwip_netconn_do_close_internal  api_msg.o
    0x08046ea0   0x08046ea0   0x00000224   Code   RO         9756    i.lwip_netconn_do_delconn  api_msg.o
    0x080470c4   0x080470c4   0x00000134   Code   RO         9758    i.lwip_netconn_do_getaddr  api_msg.o
    0x080471f8   0x080471f8   0x000000e0   Code   RO         9759    i.lwip_netconn_do_listen  api_msg.o
    0x080472d8   0x080472d8   0x00000018   Code   RO         9760    i.lwip_netconn_do_newconn  api_msg.o
    0x080472f0   0x080472f0   0x00000048   Code   RO         9761    i.lwip_netconn_do_recv  api_msg.o
    0x08047338   0x08047338   0x00000064   Code   RO         9762    i.lwip_netconn_do_send  api_msg.o
    0x0804739c   0x0804739c   0x0000017c   Code   RO         9763    i.lwip_netconn_do_write  api_msg.o
    0x08047518   0x08047518   0x0000044c   Code   RO         9764    i.lwip_netconn_do_writemore  api_msg.o
    0x08047964   0x08047964   0x000000b4   Code   RO         9765    i.lwip_netconn_err_to_msg  api_msg.o
    0x08047a18   0x08047a18   0x000000c0   Code   RO         9766    i.lwip_netconn_is_err_msg  api_msg.o
    0x08047ad8   0x08047ad8   0x00000048   Code   RO        10171    i.lwip_poll_should_wake  sockets.o
    0x08047b20   0x08047b20   0x00000022   Code   RO        10175    i.lwip_recv         sockets.o
    0x08047b42   0x08047b42   0x00000002   PAD
    0x08047b44   0x08047b44   0x0000027c   Code   RO        10176    i.lwip_recv_tcp     sockets.o
    0x08047dc0   0x08047dc0   0x00000044   Code   RO        10177    i.lwip_recv_tcp_from  sockets.o
    0x08047e04   0x08047e04   0x00000108   Code   RO        10178    i.lwip_recvfrom     sockets.o
    0x08047f0c   0x08047f0c   0x000001c4   Code   RO        10179    i.lwip_recvfrom_udp_raw  sockets.o
    0x080480d0   0x080480d0   0x000000a0   Code   RO        10183    i.lwip_send         sockets.o
    0x08048170   0x08048170   0x000001a4   Code   RO        10185    i.lwip_sendto       sockets.o
    0x08048314   0x08048314   0x00000080   Code   RO        10186    i.lwip_setsockopt   sockets.o
    0x08048394   0x08048394   0x00000444   Code   RO        10187    i.lwip_setsockopt_impl  sockets.o
    0x080487d8   0x080487d8   0x00000144   Code   RO        10189    i.lwip_sock_make_addr  sockets.o
    0x0804891c   0x0804891c   0x000000a8   Code   RO        10190    i.lwip_socket       sockets.o
    0x080489c4   0x080489c4   0x000000a8   Code   RO        10194    i.lwip_sockopt_to_ipopt  sockets.o
    0x08048a6c   0x08048a6c   0x0000004c   Code   RO          246    i.main              main.o
    0x08048ab8   0x08048ab8   0x0000000e   Code   RO         8263    i.makeFreeRtosPriority  cmsis_os.o
    0x08048ac6   0x08048ac6   0x00000002   PAD
    0x08048ac8   0x08048ac8   0x00000210   Code   RO        10887    i.mem_free          mem.o
    0x08048cd8   0x08048cd8   0x000000f4   Code   RO        10888    i.mem_init          mem.o
    0x08048dcc   0x08048dcc   0x00000058   Code   RO        10889    i.mem_link_valid    mem.o
    0x08048e24   0x08048e24   0x000002bc   Code   RO        10890    i.mem_malloc        mem.o
    0x080490e0   0x080490e0   0x00000010   Code   RO        10891    i.mem_to_ptr        mem.o
    0x080490f0   0x080490f0   0x00000250   Code   RO        10892    i.mem_trim          mem.o
    0x08049340   0x08049340   0x000000b0   Code   RO        10970    i.memp_free         memp.o
    0x080493f0   0x080493f0   0x00000020   Code   RO        10972    i.memp_init         memp.o
    0x08049410   0x08049410   0x0000002c   Code   RO        10973    i.memp_init_pool    memp.o
    0x0804943c   0x0804943c   0x000000b0   Code   RO        10974    i.memp_malloc       memp.o
    0x080494ec   0x080494ec   0x00000020   Code   RO        10031    i.netbuf_delete     netbuf.o
    0x0804950c   0x0804950c   0x000000ac   Code   RO        10033    i.netbuf_free       netbuf.o
    0x080495b8   0x080495b8   0x000000d0   Code   RO        10036    i.netbuf_ref        netbuf.o
    0x08049688   0x08049688   0x00000178   Code   RO         9511    i.netconn_accept    api_lib.o
    0x08049800   0x08049800   0x0000012c   Code   RO         9767    i.netconn_alloc     api_msg.o
    0x0804992c   0x0804992c   0x00000022   Code   RO         9512    i.netconn_apimsg    api_lib.o
    0x0804994e   0x0804994e   0x00000002   PAD
    0x08049950   0x08049950   0x000000c8   Code   RO         9513    i.netconn_bind      api_lib.o
    0x08049a18   0x08049a18   0x000000c0   Code   RO         9516    i.netconn_close_shutdown  api_lib.o
    0x08049ad8   0x08049ad8   0x0000001e   Code   RO         9518    i.netconn_delete    api_lib.o
    0x08049af6   0x08049af6   0x000000aa   Code   RO         9768    i.netconn_drain     api_msg.o
    0x08049ba0   0x08049ba0   0x00000022   Code   RO         9520    i.netconn_err       api_lib.o
    0x08049bc2   0x08049bc2   0x00000002   PAD
    0x08049bc4   0x08049bc4   0x00000184   Code   RO         9769    i.netconn_free      api_msg.o
    0x08049d48   0x08049d48   0x0000014c   Code   RO         9521    i.netconn_getaddr   api_lib.o
    0x08049e94   0x08049e94   0x000000bc   Code   RO         9522    i.netconn_listen_with_backlog  api_lib.o
    0x08049f50   0x08049f50   0x000001ac   Code   RO         9523    i.netconn_new_with_proto_and_callback  api_lib.o
    0x0804a0fc   0x0804a0fc   0x00000030   Code   RO         9524    i.netconn_prepare_delete  api_lib.o
    0x0804a12c   0x0804a12c   0x000001e8   Code   RO         9526    i.netconn_recv_data  api_lib.o
    0x0804a314   0x0804a314   0x000000c6   Code   RO         9527    i.netconn_recv_data_tcp  api_lib.o
    0x0804a3da   0x0804a3da   0x00000002   PAD
    0x0804a3dc   0x0804a3dc   0x000000bc   Code   RO         9529    i.netconn_recv_tcp_pbuf_flags  api_lib.o
    0x0804a498   0x0804a498   0x000000c4   Code   RO         9531    i.netconn_recv_udp_raw_netbuf_flags  api_lib.o
    0x0804a55c   0x0804a55c   0x000000b8   Code   RO         9532    i.netconn_send      api_lib.o
    0x0804a614   0x0804a614   0x000000c4   Code   RO         9535    i.netconn_tcp_recvd  api_lib.o
    0x0804a6d8   0x0804a6d8   0x000000c4   Code   RO         9536    i.netconn_tcp_recvd_msg  api_lib.o
    0x0804a79c   0x0804a79c   0x00000028   Code   RO         9537    i.netconn_write_partly  api_lib.o
    0x0804a7c4   0x0804a7c4   0x000001f8   Code   RO         9538    i.netconn_write_vectors_partly  api_lib.o
    0x0804a9bc   0x0804a9bc   0x00000230   Code   RO        11077    i.netif_add         netif.o
    0x0804abec   0x0804abec   0x00000018   Code   RO        11079    i.netif_do_ip_addr_changed  netif.o
    0x0804ac04   0x0804ac04   0x00000026   Code   RO        11080    i.netif_do_set_gw   netif.o
    0x0804ac2a   0x0804ac2a   0x00000002   PAD
    0x0804ac2c   0x0804ac2c   0x000000e0   Code   RO        11081    i.netif_do_set_ipaddr  netif.o
    0x0804ad0c   0x0804ad0c   0x00000026   Code   RO        11082    i.netif_do_set_netmask  netif.o
    0x0804ad32   0x0804ad32   0x00000002   PAD
    0x0804ad34   0x0804ad34   0x00000048   Code   RO        11083    i.netif_find        netif.o
    0x0804ad7c   0x0804ad7c   0x00000028   Code   RO        11084    i.netif_get_by_index  netif.o
    0x0804ada4   0x0804ada4   0x00000002   Code   RO        11086    i.netif_init        netif.o
    0x0804ada6   0x0804ada6   0x00000002   PAD
    0x0804ada8   0x0804ada8   0x000000d8   Code   RO        11088    i.netif_issue_reports  netif.o
    0x0804ae80   0x0804ae80   0x00000008   Code   RO        11090    i.netif_null_output_ip4  netif.o
    0x0804ae88   0x0804ae88   0x00000060   Code   RO        11092    i.netif_set_addr    netif.o
    0x0804aee8   0x0804aee8   0x0000000c   Code   RO        11093    i.netif_set_default  netif.o
    0x0804aef4   0x0804aef4   0x000000cc   Code   RO        11094    i.netif_set_down    netif.o
    0x0804afc0   0x0804afc0   0x00000006   Code   RO        11097    i.netif_set_link_callback  netif.o
    0x0804afc6   0x0804afc6   0x00000002   PAD
    0x0804afc8   0x0804afc8   0x000000cc   Code   RO        11098    i.netif_set_link_down  netif.o
    0x0804b094   0x0804b094   0x000000d4   Code   RO        11099    i.netif_set_link_up  netif.o
    0x0804b168   0x0804b168   0x000000c0   Code   RO        11101    i.netif_set_up      netif.o
    0x0804b228   0x0804b228   0x00000018   Code   RO         8265    i.osDelay           cmsis_os.o
    0x0804b240   0x0804b240   0x0000000a   Code   RO         8268    i.osKernelStart     cmsis_os.o
    0x0804b24a   0x0804b24a   0x00000014   Code   RO         8269    i.osKernelSysTick   cmsis_os.o
    0x0804b25e   0x0804b25e   0x00000028   Code   RO         8277    i.osMessageCreate   cmsis_os.o
    0x0804b286   0x0804b286   0x00000018   Code   RO         8278    i.osMessageDelete   cmsis_os.o
    0x0804b29e   0x0804b29e   0x00000002   PAD
    0x0804b2a0   0x0804b2a0   0x0000009c   Code   RO         8279    i.osMessageGet      cmsis_os.o
    0x0804b33c   0x0804b33c   0x00000060   Code   RO         8281    i.osMessagePut      cmsis_os.o
    0x0804b39c   0x0804b39c   0x0000001a   Code   RO         8282    i.osMessageWaiting  cmsis_os.o
    0x0804b3b6   0x0804b3b6   0x0000001a   Code   RO         8283    i.osMutexCreate     cmsis_os.o
    0x0804b3d0   0x0804b3d0   0x00000050   Code   RO         8285    i.osMutexRelease    cmsis_os.o
    0x0804b420   0x0804b420   0x00000068   Code   RO         8286    i.osMutexWait       cmsis_os.o
    0x0804b488   0x0804b488   0x0000004a   Code   RO         8294    i.osSemaphoreCreate  cmsis_os.o
    0x0804b4d2   0x0804b4d2   0x00000018   Code   RO         8295    i.osSemaphoreDelete  cmsis_os.o
    0x0804b4ea   0x0804b4ea   0x00000002   PAD
    0x0804b4ec   0x0804b4ec   0x00000050   Code   RO         8297    i.osSemaphoreRelease  cmsis_os.o
    0x0804b53c   0x0804b53c   0x00000068   Code   RO         8298    i.osSemaphoreWait   cmsis_os.o
    0x0804b5a4   0x0804b5a4   0x0000005e   Code   RO         8302    i.osThreadCreate    cmsis_os.o
    0x0804b602   0x0804b602   0x00000012   Code   RO        11266    i.pbuf_add_header   pbuf.o
    0x0804b614   0x0804b614   0x000000e8   Code   RO        11268    i.pbuf_add_header_impl  pbuf.o
    0x0804b6fc   0x0804b6fc   0x000002a0   Code   RO        11269    i.pbuf_alloc        pbuf.o
    0x0804b99c   0x0804b99c   0x000000bc   Code   RO        11270    i.pbuf_alloc_reference  pbuf.o
    0x0804ba58   0x0804ba58   0x00000052   Code   RO        11271    i.pbuf_alloced_custom  pbuf.o
    0x0804baaa   0x0804baaa   0x00000002   PAD
    0x0804baac   0x0804baac   0x00000150   Code   RO        11272    i.pbuf_cat          pbuf.o
    0x0804bbfc   0x0804bbfc   0x00000016   Code   RO        11273    i.pbuf_chain        pbuf.o
    0x0804bc12   0x0804bc12   0x00000012   Code   RO        11274    i.pbuf_clen         pbuf.o
    0x0804bc24   0x0804bc24   0x000000b0   Code   RO        11275    i.pbuf_clone        pbuf.o
    0x0804bcd4   0x0804bcd4   0x00000228   Code   RO        11277    i.pbuf_copy         pbuf.o
    0x0804befc   0x0804befc   0x00000140   Code   RO        11278    i.pbuf_copy_partial  pbuf.o
    0x0804c03c   0x0804c03c   0x000001a8   Code   RO        11280    i.pbuf_free         pbuf.o
    0x0804c1e4   0x0804c1e4   0x00000040   Code   RO        11281    i.pbuf_free_header  pbuf.o
    0x0804c224   0x0804c224   0x0000003c   Code   RO        11282    i.pbuf_free_ooseq   pbuf.o
    0x0804c260   0x0804c260   0x0000000a   Code   RO        11283    i.pbuf_free_ooseq_callback  pbuf.o
    0x0804c26a   0x0804c26a   0x00000012   Code   RO        11287    i.pbuf_header_force  pbuf.o
    0x0804c27c   0x0804c27c   0x00000022   Code   RO        11288    i.pbuf_header_impl  pbuf.o
    0x0804c29e   0x0804c29e   0x0000001e   Code   RO        11289    i.pbuf_init_alloced_pbuf  pbuf.o
    0x0804c2bc   0x0804c2bc   0x00000044   Code   RO        11292    i.pbuf_pool_is_empty  pbuf.o
    0x0804c300   0x0804c300   0x00000168   Code   RO        11294    i.pbuf_realloc      pbuf.o
    0x0804c468   0x0804c468   0x000000a8   Code   RO        11295    i.pbuf_ref          pbuf.o
    0x0804c510   0x0804c510   0x000000f4   Code   RO        11296    i.pbuf_remove_header  pbuf.o
    0x0804c604   0x0804c604   0x00000110   Code   RO         9770    i.pcb_new           api_msg.o
    0x0804c714   0x0804c714   0x000001d8   Code   RO        10893    i.plug_holes        mem.o
    0x0804c8ec   0x0804c8ec   0x000000f4   Code   RO         9771    i.poll_tcp          api_msg.o
    0x0804c9e0   0x0804c9e0   0x00000098   Code   RO         7946    i.prvAddCurrentTaskToDelayedList  tasks.o
    0x0804ca78   0x0804ca78   0x000000b4   Code   RO         7947    i.prvAddNewTaskToReadyList  tasks.o
    0x0804cb2c   0x0804cb2c   0x00000048   Code   RO         7948    i.prvCheckTasksWaitingTermination  tasks.o
    0x0804cb74   0x0804cb74   0x0000002a   Code   RO         7621    i.prvCopyDataFromQueue  queue.o
    0x0804cb9e   0x0804cb9e   0x0000007e   Code   RO         7622    i.prvCopyDataToQueue  queue.o
    0x0804cc1c   0x0804cc1c   0x00000054   Code   RO         7949    i.prvDeleteTCB      tasks.o
    0x0804cc70   0x0804cc70   0x00000014   Code   RO         7623    i.prvGetDisinheritPriorityAfterTimeout  queue.o
    0x0804cc84   0x0804cc84   0x0000007c   Code   RO         8630    i.prvHeapInit       heap_4.o
    0x0804cd00   0x0804cd00   0x00000028   Code   RO         7950    i.prvIdleTask       tasks.o
    0x0804cd28   0x0804cd28   0x0000001e   Code   RO         7624    i.prvInitialiseMutex  queue.o
    0x0804cd46   0x0804cd46   0x00000026   Code   RO         7625    i.prvInitialiseNewQueue  queue.o
    0x0804cd6c   0x0804cd6c   0x000000b8   Code   RO         7951    i.prvInitialiseNewTask  tasks.o
    0x0804ce24   0x0804ce24   0x00000068   Code   RO         7952    i.prvInitialiseTaskLists  tasks.o
    0x0804ce8c   0x0804ce8c   0x00000068   Code   RO         8631    i.prvInsertBlockIntoFreeList  heap_4.o
    0x0804cef4   0x0804cef4   0x0000001a   Code   RO         7626    i.prvIsQueueEmpty   queue.o
    0x0804cf0e   0x0804cf0e   0x0000001e   Code   RO         7627    i.prvIsQueueFull    queue.o
    0x0804cf2c   0x0804cf2c   0x00000034   Code   RO         7953    i.prvResetNextTaskUnblockTime  tasks.o
    0x0804cf60   0x0804cf60   0x00000048   Code   RO         8693    i.prvTaskExitError  port.o
    0x0804cfa8   0x0804cfa8   0x0000007e   Code   RO         7628    i.prvUnlockQueue    queue.o
    0x0804d026   0x0804d026   0x00000002   PAD
    0x0804d028   0x0804d028   0x00000010   Code   RO        10894    i.ptr_to_mem        mem.o
    0x0804d038   0x0804d038   0x00000148   Code   RO         8632    i.pvPortMalloc      heap_4.o
    0x0804d180   0x0804d180   0x00000020   Code   RO         7955    i.pvTaskIncrementMutexHeldCount  tasks.o
    0x0804d1a0   0x0804d1a0   0x0000002c   Code   RO         8694    i.pxPortInitialiseStack  port.o
    0x0804d1cc   0x0804d1cc   0x000001b4   Code   RO         9772    i.recv_tcp          api_msg.o
    0x0804d380   0x0804d380   0x00000190   Code   RO         9773    i.recv_udp          api_msg.o
    0x0804d510   0x0804d510   0x0000003e   Code   RO         6990    i.rt_kprintf        log_printf.o
    0x0804d54e   0x0804d54e   0x00000002   PAD
    0x0804d550   0x0804d550   0x0000008c   Code   RO         1251    i.rt_kprintfArray   usart.o
    0x0804d5dc   0x0804d5dc   0x00000434   Code   RO         6991    i.rt_kprintf_log_buf  log_printf.o
    0x0804da10   0x0804da10   0x0000031c   Code   RO         6992    i.rt_ksendData      log_printf.o
    0x0804dd2c   0x0804dd2c   0x00000108   Code   RO        10198    i.select_check_waiters  sockets.o
    0x0804de34   0x0804de34   0x000000f0   Code   RO         9774    i.sent_tcp          api_msg.o
    0x0804df24   0x0804df24   0x00000044   Code   RO         9775    i.setup_tcp         api_msg.o
    0x0804df68   0x0804df68   0x0000005e   Code   RO        12954    i.sys_arch_mbox_fetch  sys_arch.o
    0x0804dfc6   0x0804dfc6   0x00000030   Code   RO        12955    i.sys_arch_mbox_tryfetch  sys_arch.o
    0x0804dff6   0x0804dff6   0x00000002   PAD
    0x0804dff8   0x0804dff8   0x00000018   Code   RO        12956    i.sys_arch_protect  sys_arch.o
    0x0804e010   0x0804e010   0x0000003e   Code   RO        12957    i.sys_arch_sem_wait  sys_arch.o
    0x0804e04e   0x0804e04e   0x00000002   PAD
    0x0804e050   0x0804e050   0x00000014   Code   RO        12958    i.sys_arch_unprotect  sys_arch.o
    0x0804e064   0x0804e064   0x00000054   Code   RO        12149    i.sys_check_timeouts  timeouts.o
    0x0804e0b8   0x0804e0b8   0x00000018   Code   RO        12959    i.sys_init          sys_arch.o
    0x0804e0d0   0x0804e0d0   0x00000012   Code   RO        12960    i.sys_mbox_free     sys_arch.o
    0x0804e0e2   0x0804e0e2   0x00000002   PAD
    0x0804e0e4   0x0804e0e4   0x00000030   Code   RO        12961    i.sys_mbox_new      sys_arch.o
    0x0804e114   0x0804e114   0x00000006   Code   RO        12963    i.sys_mbox_set_invalid  sys_arch.o
    0x0804e11a   0x0804e11a   0x0000001e   Code   RO        12964    i.sys_mbox_trypost  sys_arch.o
    0x0804e138   0x0804e138   0x0000000e   Code   RO        12966    i.sys_mbox_valid    sys_arch.o
    0x0804e146   0x0804e146   0x00000010   Code   RO        12968    i.sys_mutex_lock    sys_arch.o
    0x0804e156   0x0804e156   0x00000020   Code   RO        12969    i.sys_mutex_new     sys_arch.o
    0x0804e176   0x0804e176   0x0000000c   Code   RO        12970    i.sys_mutex_unlock  sys_arch.o
    0x0804e182   0x0804e182   0x00000008   Code   RO         5489    i.sys_now           ethernetif.o
    0x0804e18a   0x0804e18a   0x0000000c   Code   RO        12971    i.sys_sem_free      sys_arch.o
    0x0804e196   0x0804e196   0x0000002e   Code   RO        12972    i.sys_sem_new       sys_arch.o
    0x0804e1c4   0x0804e1c4   0x00000006   Code   RO        12973    i.sys_sem_set_invalid  sys_arch.o
    0x0804e1ca   0x0804e1ca   0x0000000c   Code   RO        12974    i.sys_sem_signal    sys_arch.o
    0x0804e1d6   0x0804e1d6   0x0000000e   Code   RO        12975    i.sys_sem_valid     sys_arch.o
    0x0804e1e4   0x0804e1e4   0x00000036   Code   RO        12976    i.sys_thread_new    sys_arch.o
    0x0804e21a   0x0804e21a   0x00000002   PAD
    0x0804e21c   0x0804e21c   0x000000d0   Code   RO        12151    i.sys_timeout       timeouts.o
    0x0804e2ec   0x0804e2ec   0x00000140   Code   RO        12152    i.sys_timeout_abs   timeouts.o
    0x0804e42c   0x0804e42c   0x00000028   Code   RO        12153    i.sys_timeouts_init  timeouts.o
    0x0804e454   0x0804e454   0x000000cc   Code   RO        12154    i.sys_timeouts_sleeptime  timeouts.o
    0x0804e520   0x0804e520   0x000001d4   Code   RO        11562    i.tcp_abandon       tcp.o
    0x0804e6f4   0x0804e6f4   0x0000000e   Code   RO        11563    i.tcp_abort         tcp.o
    0x0804e702   0x0804e702   0x00000010   Code   RO        11564    i.tcp_accept        tcp.o
    0x0804e712   0x0804e712   0x00000002   PAD
    0x0804e714   0x0804e714   0x000000a8   Code   RO        11565    i.tcp_accept_null   tcp.o
    0x0804e7bc   0x0804e7bc   0x000000cc   Code   RO        11566    i.tcp_alloc         tcp.o
    0x0804e888   0x0804e888   0x00000006   Code   RO        11567    i.tcp_arg           tcp.o
    0x0804e88e   0x0804e88e   0x00000002   PAD
    0x0804e890   0x0804e890   0x0000018c   Code   RO        11568    i.tcp_bind          tcp.o
    0x0804ea1c   0x0804ea1c   0x00000012   Code   RO        11569    i.tcp_bind_netif    tcp.o
    0x0804ea2e   0x0804ea2e   0x00000002   PAD
    0x0804ea30   0x0804ea30   0x000000b0   Code   RO        11570    i.tcp_close         tcp.o
    0x0804eae0   0x0804eae0   0x0000020c   Code   RO        11571    i.tcp_close_shutdown  tcp.o
    0x0804ecec   0x0804ecec   0x000000e8   Code   RO        11572    i.tcp_close_shutdown_fin  tcp.o
    0x0804edd4   0x0804edd4   0x000001d4   Code   RO        11988    i.tcp_create_segment  tcp_out.o
    0x0804efa8   0x0804efa8   0x000000d4   Code   RO        11575    i.tcp_eff_send_mss_netif  tcp.o
    0x0804f07c   0x0804f07c   0x000002c0   Code   RO        11989    i.tcp_enqueue_flags  tcp_out.o
    0x0804f33c   0x0804f33c   0x000000ac   Code   RO        11576    i.tcp_err           tcp.o
    0x0804f3e8   0x0804f3e8   0x0000009c   Code   RO        11577    i.tcp_fasttmr       tcp.o
    0x0804f484   0x0804f484   0x00000094   Code   RO        11578    i.tcp_free          tcp.o
    0x0804f518   0x0804f518   0x0000015c   Code   RO        11899    i.tcp_free_acked_segments  tcp_in.o
    0x0804f674   0x0804f674   0x0000009c   Code   RO        11579    i.tcp_free_listen   tcp.o
    0x0804f710   0x0804f710   0x00000014   Code   RO        11580    i.tcp_free_ooseq    tcp.o
    0x0804f724   0x0804f724   0x00000048   Code   RO        11900    i.tcp_get_next_optbyte  tcp_in.o
    0x0804f76c   0x0804f76c   0x00000034   Code   RO        11581    i.tcp_handle_closepend  tcp.o
    0x0804f7a0   0x0804f7a0   0x00000018   Code   RO        11582    i.tcp_init          tcp.o
    0x0804f7b8   0x0804f7b8   0x00000824   Code   RO        11901    i.tcp_input         tcp_in.o
    0x0804ffdc   0x0804ffdc   0x000000e8   Code   RO        11902    i.tcp_input_delayed_close  tcp_in.o
    0x080500c4   0x080500c4   0x000000dc   Code   RO        11990    i.tcp_keepalive     tcp_out.o
    0x080501a0   0x080501a0   0x00000068   Code   RO        11583    i.tcp_kill_prio     tcp.o
    0x08050208   0x08050208   0x000000d0   Code   RO        11584    i.tcp_kill_state    tcp.o
    0x080502d8   0x080502d8   0x0000003c   Code   RO        11585    i.tcp_kill_timewait  tcp.o
    0x08050314   0x08050314   0x000000d4   Code   RO        11586    i.tcp_listen_closed  tcp.o
    0x080503e8   0x080503e8   0x000001f4   Code   RO        11903    i.tcp_listen_input  tcp_in.o
    0x080505dc   0x080505dc   0x000001f0   Code   RO        11588    i.tcp_listen_with_backlog_and_err  tcp.o
    0x080507cc   0x080507cc   0x0000004c   Code   RO        11589    i.tcp_netif_ip_addr_changed  tcp.o
    0x08050818   0x08050818   0x000000d0   Code   RO        11590    i.tcp_netif_ip_addr_changed_pcblist  tcp.o
    0x080508e8   0x080508e8   0x00000010   Code   RO        11592    i.tcp_new_ip_type   tcp.o
    0x080508f8   0x080508f8   0x00000068   Code   RO        11593    i.tcp_new_port      tcp.o
    0x08050960   0x08050960   0x000000b0   Code   RO        11594    i.tcp_next_iss      tcp.o
    0x08050a10   0x08050a10   0x0000012c   Code   RO        11904    i.tcp_oos_insert_segment  tcp_in.o
    0x08050b3c   0x08050b3c   0x00000364   Code   RO        11991    i.tcp_output        tcp_out.o
    0x08050ea0   0x08050ea0   0x000000dc   Code   RO        11992    i.tcp_output_alloc_header  tcp_out.o
    0x08050f7c   0x08050f7c   0x00000124   Code   RO        11993    i.tcp_output_alloc_header_common  tcp_out.o
    0x080510a0   0x080510a0   0x000000fc   Code   RO        11994    i.tcp_output_control_segment  tcp_out.o
    0x0805119c   0x0805119c   0x00000124   Code   RO        11995    i.tcp_output_fill_options  tcp_out.o
    0x080512c0   0x080512c0   0x0000024c   Code   RO        11996    i.tcp_output_segment  tcp_out.o
    0x0805150c   0x0805150c   0x000000b4   Code   RO        11997    i.tcp_output_segment_busy  tcp_out.o
    0x080515c0   0x080515c0   0x00000130   Code   RO        11905    i.tcp_parseopt      tcp_in.o
    0x080516f0   0x080516f0   0x00000178   Code   RO        11998    i.tcp_pbuf_prealloc  tcp_out.o
    0x08051868   0x08051868   0x000000dc   Code   RO        11595    i.tcp_pcb_purge     tcp.o
    0x08051944   0x08051944   0x000001d8   Code   RO        11596    i.tcp_pcb_remove    tcp.o
    0x08051b1c   0x08051b1c   0x000000dc   Code   RO        11597    i.tcp_poll          tcp.o
    0x08051bf8   0x08051bf8   0x00000744   Code   RO        11906    i.tcp_process       tcp_in.o
    0x0805233c   0x0805233c   0x00000138   Code   RO        11598    i.tcp_process_refused_data  tcp.o
    0x08052474   0x08052474   0x00000c7c   Code   RO        11907    i.tcp_receive       tcp_in.o
    0x080530f0   0x080530f0   0x000000ac   Code   RO        11599    i.tcp_recv          tcp.o
    0x0805319c   0x0805319c   0x000000c4   Code   RO        11600    i.tcp_recv_null     tcp.o
    0x08053260   0x08053260   0x00000120   Code   RO        11601    i.tcp_recved        tcp.o
    0x08053380   0x08053380   0x000000b4   Code   RO        11602    i.tcp_remove_listener  tcp.o
    0x08053434   0x08053434   0x00000104   Code   RO        11999    i.tcp_rexmit        tcp_out.o
    0x08053538   0x08053538   0x0000010c   Code   RO        12000    i.tcp_rexmit_fast   tcp_out.o
    0x08053644   0x08053644   0x000000a8   Code   RO        12001    i.tcp_rexmit_rto    tcp_out.o
    0x080536ec   0x080536ec   0x000000b8   Code   RO        12002    i.tcp_rexmit_rto_commit  tcp_out.o
    0x080537a4   0x080537a4   0x00000118   Code   RO        12003    i.tcp_rexmit_rto_prepare  tcp_out.o
    0x080538bc   0x080538bc   0x0000001e   Code   RO        12004    i.tcp_route         tcp_out.o
    0x080538da   0x080538da   0x00000002   PAD
    0x080538dc   0x080538dc   0x00000128   Code   RO        12005    i.tcp_rst           tcp_out.o
    0x08053a04   0x08053a04   0x000000b4   Code   RO        11603    i.tcp_seg_copy      tcp.o
    0x08053ab8   0x08053ab8   0x0000001a   Code   RO        11604    i.tcp_seg_free      tcp.o
    0x08053ad2   0x08053ad2   0x00000018   Code   RO        11605    i.tcp_segs_free     tcp.o
    0x08053aea   0x08053aea   0x00000002   PAD
    0x08053aec   0x08053aec   0x00000140   Code   RO        12006    i.tcp_send_empty_ack  tcp_out.o
    0x08053c2c   0x08053c2c   0x000000e0   Code   RO        12007    i.tcp_send_fin      tcp_out.o
    0x08053d0c   0x08053d0c   0x000000ac   Code   RO        11606    i.tcp_sent          tcp.o
    0x08053db8   0x08053db8   0x000000fc   Code   RO        11608    i.tcp_shutdown      tcp.o
    0x08053eb4   0x08053eb4   0x0000072c   Code   RO        11609    i.tcp_slowtmr       tcp.o
    0x080545e0   0x080545e0   0x000002d0   Code   RO        12008    i.tcp_split_unsent_seg  tcp_out.o
    0x080548b0   0x080548b0   0x00000038   Code   RO        12156    i.tcp_timer_needed  timeouts.o
    0x080548e8   0x080548e8   0x00000144   Code   RO        11908    i.tcp_timewait_input  tcp_in.o
    0x08054a2c   0x08054a2c   0x00000024   Code   RO        11611    i.tcp_tmr           tcp.o
    0x08054a50   0x08054a50   0x00000014   Code   RO        11909    i.tcp_trigger_input_pcb_close  tcp_in.o
    0x08054a64   0x08054a64   0x00000118   Code   RO        11613    i.tcp_update_rcv_ann_wnd  tcp.o
    0x08054b7c   0x08054b7c   0x00000824   Code   RO        12009    i.tcp_write         tcp_out.o
    0x080553a0   0x080553a0   0x000001b4   Code   RO        12010    i.tcp_write_checks  tcp_out.o
    0x08055554   0x08055554   0x00000170   Code   RO        12011    i.tcp_zero_window_probe  tcp_out.o
    0x080556c4   0x080556c4   0x0000012c   Code   RO        10492    i.tcpip_init        tcpip.o
    0x080557f0   0x080557f0   0x000000cc   Code   RO        10493    i.tcpip_inpkt       tcpip.o
    0x080558bc   0x080558bc   0x00000030   Code   RO        10494    i.tcpip_input       tcpip.o
    0x080558ec   0x080558ec   0x00000020   Code   RO        10495    i.tcpip_send_msg_wait_sem  tcpip.o
    0x0805590c   0x0805590c   0x00000038   Code   RO        12157    i.tcpip_tcp_timer   timeouts.o
    0x08055944   0x08055944   0x000000d0   Code   RO        10496    i.tcpip_thread      tcpip.o
    0x08055a14   0x08055a14   0x000000d4   Code   RO        10497    i.tcpip_thread_handle_msg  tcpip.o
    0x08055ae8   0x08055ae8   0x00000060   Code   RO        10498    i.tcpip_timeouts_mbox_fetch  tcpip.o
    0x08055b48   0x08055b48   0x000000c4   Code   RO        10499    i.tcpip_try_callback  tcpip.o
    0x08055c0c   0x08055c0c   0x00000038   Code   RO         6993    i.testSendData      log_printf.o
    0x08055c44   0x08055c44   0x000000c8   Code   RO         6994    i.test_kprintf      log_printf.o
    0x08055d0c   0x08055d0c   0x0000001a   Code   RO        10199    i.tryget_socket     sockets.o
    0x08055d26   0x08055d26   0x00000010   Code   RO        10200    i.tryget_socket_unconn  sockets.o
    0x08055d36   0x08055d36   0x00000002   PAD
    0x08055d38   0x08055d38   0x0000001c   Code   RO        10202    i.tryget_socket_unconn_nouse  sockets.o
    0x08055d54   0x08055d54   0x00000134   Code   RO        12236    i.udp_bind          udp.o
    0x08055e88   0x08055e88   0x00000012   Code   RO        12237    i.udp_bind_netif    udp.o
    0x08055e9a   0x08055e9a   0x00000002   PAD
    0x08055e9c   0x08055e9c   0x00000018   Code   RO        12240    i.udp_init          udp.o
    0x08055eb4   0x08055eb4   0x000002d4   Code   RO        12241    i.udp_input         udp.o
    0x08056188   0x08056188   0x00000138   Code   RO        12242    i.udp_input_local_match  udp.o
    0x080562c0   0x080562c0   0x00000030   Code   RO        12243    i.udp_netif_ip_addr_changed  udp.o
    0x080562f0   0x080562f0   0x0000001c   Code   RO        12244    i.udp_new           udp.o
    0x0805630c   0x0805630c   0x0000000e   Code   RO        12245    i.udp_new_ip_type   udp.o
    0x0805631a   0x0805631a   0x00000002   PAD
    0x0805631c   0x0805631c   0x00000058   Code   RO        12246    i.udp_new_port      udp.o
    0x08056374   0x08056374   0x0000009c   Code   RO        12247    i.udp_recv          udp.o
    0x08056410   0x08056410   0x000000d4   Code   RO        12248    i.udp_remove        udp.o
    0x080564e4   0x080564e4   0x000000dc   Code   RO        12249    i.udp_send          udp.o
    0x080565c0   0x080565c0   0x00000144   Code   RO        12250    i.udp_sendto        udp.o
    0x08056704   0x08056704   0x00000198   Code   RO        12251    i.udp_sendto_if     udp.o
    0x0805689c   0x0805689c   0x000002b4   Code   RO        12252    i.udp_sendto_if_src  udp.o
    0x08056b50   0x08056b50   0x00000048   Code   RO         6995    i.usart_kprintf     log_printf.o
    0x08056b98   0x08056b98   0x00000028   Code   RO         7581    i.uxListRemove      list.o
    0x08056bc0   0x08056bc0   0x0000002e   Code   RO         7629    i.uxQueueMessagesWaiting  queue.o
    0x08056bee   0x08056bee   0x00000026   Code   RO         7630    i.uxQueueMessagesWaitingFromISR  queue.o
    0x08056c14   0x08056c14   0x00000018   Code   RO          571    i.vApplicationGetIdleTaskMemory  freertos.o
    0x08056c2c   0x08056c2c   0x0000001a   Code   RO         7582    i.vListInitialise   list.o
    0x08056c46   0x08056c46   0x00000006   Code   RO         7583    i.vListInitialiseItem  list.o
    0x08056c4c   0x08056c4c   0x00000034   Code   RO         7584    i.vListInsert       list.o
    0x08056c80   0x08056c80   0x00000018   Code   RO         7585    i.vListInsertEnd    list.o
    0x08056c98   0x08056c98   0x0000005c   Code   RO         8696    i.vPortEnterCritical  port.o
    0x08056cf4   0x08056cf4   0x00000040   Code   RO         8697    i.vPortExitCritical  port.o
    0x08056d34   0x08056d34   0x0000009c   Code   RO         8633    i.vPortFree         heap_4.o
    0x08056dd0   0x08056dd0   0x00000028   Code   RO         8698    i.vPortSetupTimerInterrupt  port.o
    0x08056df8   0x08056df8   0x00000080   Code   RO         8699    i.vPortValidateInterruptPriority  port.o
    0x08056e78   0x08056e78   0x00000036   Code   RO         7633    i.vQueueDelete      queue.o
    0x08056eae   0x08056eae   0x00000002   PAD
    0x08056eb0   0x08056eb0   0x00000030   Code   RO         7634    i.vQueueUnregisterQueue  queue.o
    0x08056ee0   0x08056ee0   0x00000060   Code   RO         7961    i.vTaskDelay        tasks.o
    0x08056f40   0x08056f40   0x00000018   Code   RO         7964    i.vTaskInternalSetTimeOutState  tasks.o
    0x08056f58   0x08056f58   0x0000000c   Code   RO         7965    i.vTaskMissedYield  tasks.o
    0x08056f64   0x08056f64   0x0000003c   Code   RO         7967    i.vTaskPlaceOnEventList  tasks.o
    0x08056fa0   0x08056fa0   0x000000fc   Code   RO         7969    i.vTaskPriorityDisinheritAfterTimeout  tasks.o
    0x0805709c   0x0805709c   0x000000b8   Code   RO         7974    i.vTaskStartScheduler  tasks.o
    0x08057154   0x08057154   0x00000010   Code   RO         7976    i.vTaskSuspendAll   tasks.o
    0x08057164   0x08057164   0x00000090   Code   RO         7977    i.vTaskSwitchContext  tasks.o
    0x080571f4   0x080571f4   0x0000001e   Code   RO         7491    i.xEventGroupCreate  event_groups.o
    0x08057212   0x08057212   0x00000002   PAD
    0x08057214   0x08057214   0x00000114   Code   RO         8700    i.xPortStartScheduler  port.o
    0x08057328   0x08057328   0x00000022   Code   RO         7635    i.xQueueCreateMutex  queue.o
    0x0805734a   0x0805734a   0x0000002a   Code   RO         7636    i.xQueueCreateMutexStatic  queue.o
    0x08057374   0x08057374   0x00000064   Code   RO         7637    i.xQueueGenericCreate  queue.o
    0x080573d8   0x080573d8   0x000000f4   Code   RO         7638    i.xQueueGenericCreateStatic  queue.o
    0x080574cc   0x080574cc   0x0000009c   Code   RO         7639    i.xQueueGenericReset  queue.o
    0x08057568   0x08057568   0x000001b8   Code   RO         7640    i.xQueueGenericSend  queue.o
    0x08057720   0x08057720   0x00000108   Code   RO         7641    i.xQueueGenericSendFromISR  queue.o
    0x08057828   0x08057828   0x000000f0   Code   RO         7642    i.xQueueGiveFromISR  queue.o
    0x08057918   0x08057918   0x00000174   Code   RO         7647    i.xQueueReceive     queue.o
    0x08057a8c   0x08057a8c   0x000000d6   Code   RO         7648    i.xQueueReceiveFromISR  queue.o
    0x08057b62   0x08057b62   0x00000002   PAD
    0x08057b64   0x08057b64   0x000001c8   Code   RO         7649    i.xQueueSemaphoreTake  queue.o
    0x08057d2c   0x08057d2c   0x00000094   Code   RO         7978    i.xTaskCheckForTimeOut  tasks.o
    0x08057dc0   0x08057dc0   0x00000064   Code   RO         7979    i.xTaskCreate       tasks.o
    0x08057e24   0x08057e24   0x000000c6   Code   RO         7980    i.xTaskCreateStatic  tasks.o
    0x08057eea   0x08057eea   0x00000002   PAD
    0x08057eec   0x08057eec   0x00000020   Code   RO         7984    i.xTaskGetSchedulerState  tasks.o
    0x08057f0c   0x08057f0c   0x0000000c   Code   RO         7985    i.xTaskGetTickCount  tasks.o
    0x08057f18   0x08057f18   0x00000014   Code   RO         7986    i.xTaskGetTickCountFromISR  tasks.o
    0x08057f2c   0x08057f2c   0x0000014c   Code   RO         7987    i.xTaskIncrementTick  tasks.o
    0x08058078   0x08058078   0x000000d0   Code   RO         7990    i.xTaskPriorityDisinherit  tasks.o
    0x08058148   0x08058148   0x000000c8   Code   RO         7991    i.xTaskPriorityInherit  tasks.o
    0x08058210   0x08058210   0x0000009c   Code   RO         7992    i.xTaskRemoveFromEventList  tasks.o
    0x080582ac   0x080582ac   0x00000108   Code   RO         7993    i.xTaskResumeAll    tasks.o
    0x080583b4   0x080583b4   0x000000c0   Data   RO          573    .constdata          freertos.o
    0x08058474   0x08058474   0x0000034c   Data   RO          819    .constdata          adc.o
    0x080587c0   0x080587c0   0x00000008   Data   RO         2282    .constdata          stm32f7xx_hal_dma.o
    0x080587c8   0x080587c8   0x0000001c   Data   RO         5491    .constdata          ethernetif.o
    0x080587e4   0x080587e4   0x0000001c   Data   RO         5615    .constdata          lwip.o
    0x08058800   0x08058800   0x00000100   Data   RO         6192    .constdata          crc8.o
    0x08058900   0x08058900   0x00000078   Data   RO         6319    .constdata          battery.o
    0x08058978   0x08058978   0x000003f0   Data   RO         6455    .constdata          motor_driven.o
    0x08058d68   0x08058d68   0x00000194   Data   RO         6750    .constdata          flash_access.o
    0x08058efc   0x08058efc   0x00000200   Data   RO         7424    .constdata          mbcrc.o
    0x080590fc   0x080590fc   0x00000018   Data   RO         7445    .constdata          system_stm32f7xx.o
    0x08059114   0x08059114   0x0000000c   Data   RO         9304    .constdata          ethernet.o
    0x08059120   0x08059120   0x00000003   Data   RO         9776    .constdata          api_msg.o
    0x08059123   0x08059123   0x00000001   PAD
    0x08059124   0x08059124   0x00000044   Data   RO         9954    .constdata          err.o
    0x08059168   0x08059168   0x000000d0   Data   RO        10977    .constdata          memp.o
    0x08059238   0x08059238   0x00000050   Data   RO        11614    .constdata          tcp.o
    0x08059288   0x08059288   0x0000001c   Data   RO        12158    .constdata          timeouts.o
    0x080592a4   0x080592a4   0x00000008   Data   RO        12629    .constdata          ip4_addr.o
    0x080592ac   0x080592ac   0x00000018   Data   RO        12977    .constdata          sys_arch.o
    0x080592c4   0x080592c4   0x00000081   Data   RO        13385    .constdata          mc_w.l(ctype_o.o)
    0x08059345   0x08059345   0x00000003   PAD
    0x08059348   0x08059348   0x00000004   Data   RO        13386    .constdata          mc_w.l(ctype_o.o)
    0x0805934c   0x0805934c   0x00000050   Data   RO          574    .conststring        freertos.o
    0x0805939c   0x0805939c   0x00000006   Data   RO         5492    .conststring        ethernetif.o
    0x080593a2   0x080593a2   0x00000002   PAD
    0x080593a4   0x080593a4   0x00000008   Data   RO         5616    .conststring        lwip.o
    0x080593ac   0x080593ac   0x0000023e   Data   RO         5745    .conststring        motor_control.o
    0x080595ea   0x080595ea   0x00000002   PAD
    0x080595ec   0x080595ec   0x0000009c   Data   RO         6320    .conststring        battery.o
    0x08059688   0x08059688   0x00000042   Data   RO         6751    .conststring        flash_access.o
    0x080596ca   0x080596ca   0x00000002   PAD
    0x080596cc   0x080596cc   0x00000041   Data   RO        10812    .conststring        init.o
    0x0805970d   0x0805970d   0x00000003   PAD
    0x08059710   0x08059710   0x00000075   Data   RO        11615    .conststring        tcp.o
    0x08059785   0x08059785   0x00000003   PAD
    0x08059788   0x08059788   0x00000055   Data   RO        12012    .conststring        tcp_out.o
    0x080597dd   0x080597dd   0x00000003   PAD
    0x080597e0   0x080597e0   0x00000041   Data   RO        12417    .conststring        etharp.o
    0x08059821   0x08059821   0x00000003   PAD
    0x08059824   0x08059824   0x00000040   Data   RO        13767    Region$$Table       anon$$obj.o


    Execution Region RW_IRAM1 (Exec base: 0x20000000, Load base: 0x08059864, Size: 0x0001c850, Max: 0x00020000, ABSOLUTE, COMPRESSED[0x000000d0])

    Exec Addr    Load Addr    Size         Type   Attr      Idx    E Section Name        Object

    0x20000000   COMPRESSED   0x000000e8   Data   RW          575    .data               freertos.o
    0x200000e8   COMPRESSED   0x00000002   Data   RW          820    .data               adc.o
    0x200000ea   COMPRESSED   0x00000002   PAD
    0x200000ec   COMPRESSED   0x00000010   Data   RW          931    .data               can.o
    0x200000fc   COMPRESSED   0x00000006   Data   RW         1071    .data               tim.o
    0x20000102   COMPRESSED   0x00000002   PAD
    0x20000104   COMPRESSED   0x0000001c   Data   RW         1254    .data               usart.o
    0x20000120   COMPRESSED   0x00000009   Data   RW         2801    .data               stm32f7xx_hal.o
    0x20000129   COMPRESSED   0x00000003   PAD
    0x2000012c   COMPRESSED   0x00000004   Data   RW         5493    .data               ethernetif.o
    0x20000130   COMPRESSED   0x00000024   Data   RW         5617    .data               lwip.o
    0x20000154   COMPRESSED   0x000000ab   Data   RW         5746    .data               motor_control.o
    0x200001ff   COMPRESSED   0x00000006   Data   RW         6077    .data               motor485_driven.o
    0x20000205   COMPRESSED   0x00000003   PAD
    0x20000208   COMPRESSED   0x00000039   Data   RW         6321    .data               battery.o
    0x20000241   COMPRESSED   0x00000003   PAD
    0x20000244   COMPRESSED   0x00000019   Data   RW         6456    .data               motor_driven.o
    0x2000025d   COMPRESSED   0x00000003   PAD
    0x20000260   COMPRESSED   0x000001d4   Data   RW         6752    .data               flash_access.o
    0x20000434   COMPRESSED   0x00000014   Data   RW         6997    .data               log_printf.o
    0x20000448   COMPRESSED   0x00000004   Data   RW         7104    .data               mbcommon.o
    0x2000044c   COMPRESSED   0x00000020   Data   RW         7296    .data               mbtcpserver.o
    0x2000046c   COMPRESSED   0x00000020   Data   RW         7358    .data               mb.o
    0x2000048c   COMPRESSED   0x00000004   Data   RW         7446    .data               system_stm32f7xx.o
    0x20000490   COMPRESSED   0x0000003c   Data   RW         7996    .data               tasks.o
    0x200004cc   COMPRESSED   0x00000018   Data   RW         8638    .data               heap_4.o
    0x200004e4   COMPRESSED   0x0000000c   Data   RW         8701    .data               port.o
    0x200004f0   COMPRESSED   0x00000004   Data   RW        10204    .data               sockets.o
    0x200004f4   COMPRESSED   0x00000010   Data   RW        10500    .data               tcpip.o
    0x20000504   COMPRESSED   0x00000009   Data   RW        11102    .data               netif.o
    0x2000050d   COMPRESSED   0x00000001   Data   RW        11303    .data               pbuf.o
    0x2000050e   COMPRESSED   0x00000002   PAD
    0x20000510   COMPRESSED   0x00000020   Data   RW        11616    .data               tcp.o
    0x20000530   COMPRESSED   0x00000028   Data   RW        11911    .data               tcp_in.o
    0x20000558   COMPRESSED   0x0000000c   Data   RW        12159    .data               timeouts.o
    0x20000564   COMPRESSED   0x00000008   Data   RW        12253    .data               udp.o
    0x2000056c   COMPRESSED   0x00000001   Data   RW        12418    .data               etharp.o
    0x2000056d   COMPRESSED   0x00000001   PAD
    0x2000056e   COMPRESSED   0x00000002   Data   RW        12573    .data               ip4.o
    0x20000570   COMPRESSED   0x00000006   Data   RW        12701    .data               ip4_frag.o
    0x20000576   COMPRESSED   0x00000002   PAD
    0x20000578   COMPRESSED   0x00000008   Data   RW        12978    .data               sys_arch.o
    0x20000580   COMPRESSED   0x00000004   Data   RW        13413    .data               mc_w.l(rand.o)
    0x20000584   COMPRESSED   0x00000004   Data   RW        13726    .data               mc_w.l(stdout.o)
    0x20000588   COMPRESSED   0x00000004   Data   RW        13736    .data               mc_w.l(errno.o)
    0x2000058c        -       0x00000010   Zero   RW           16    .bss                iwdg.o
    0x2000059c        -       0x00009c48   Zero   RW          572    .bss                freertos.o
    0x2000a1e4        -       0x00000574   Zero   RW          818    .bss                adc.o
    0x2000a758        -       0x00000168   Zero   RW          929    .bss                can.o
    0x2000a8c0        -       0x000006e4   Zero   RW         1069    .bss                tim.o
    0x2000afa4        -       0x0000295c   Zero   RW         1252    .bss                usart.o
    0x2000d900        -       0x00000040   Zero   RW         1553    .bss                stm32f7xx_hal_timebase_tim.o
    0x2000d940        -       0x0000001c   Zero   RW         1991    .bss                stm32f7xx_hal_flash.o
    0x2000d95c        -       0x000030e8   Zero   RW         5490    .bss                ethernetif.o
    0x20010a44        -       0x00000034   Zero   RW         5614    .bss                lwip.o
    0x20010a78        -       0x000019b0   Zero   RW         5744    .bss                motor_control.o
    0x20012428        -       0x0000000d   Zero   RW         6076    .bss                motor485_driven.o
    0x20012435   COMPRESSED   0x00000003   PAD
    0x20012438        -       0x000001f4   Zero   RW         6318    .bss                battery.o
    0x2001262c        -       0x00000500   Zero   RW         6749    .bss                flash_access.o
    0x20012b2c        -       0x00002ddc   Zero   RW         6996    .bss                log_printf.o
    0x20015908        -       0x00000040   Zero   RW         7650    .bss                queue.o
    0x20015948        -       0x000000f0   Zero   RW         7995    .bss                tasks.o
    0x20015a38        -       0x00003c00   Zero   RW         8637    .bss                heap_4.o
    0x20019638        -       0x00000100   Zero   RW        10203    .bss                sockets.o
    0x20019738        -       0x00000018   Zero   RW        10862    .bss                ip.o
    0x20019750        -       0x00000010   Zero   RW        11910    .bss                tcp_in.o
    0x20019760        -       0x000000f0   Zero   RW        12416    .bss                etharp.o
    0x20019850        -       0x00003000   Zero   RW            1    STACK               startup_stm32f767xx.o


    Execution Region RW_IRAM2 (Exec base: 0x20020000, Load base: 0x08059934, Size: 0x00013dac, Max: 0x00040000, ABSOLUTE)

    Exec Addr    Load Addr    Size         Type   Attr      Idx    E Section Name        Object

    0x20020000   0x08059934   0x00000010   Data   RW        10896    .data               mem.o
    0x20020010   0x08059944   0x00000034   Data   RW        10978    .data               memp.o
    0x20020044        -       0x00009413   Zero   RW        10895    .bss                mem.o
    0x20029457        -       0x0000a953   Zero   RW        10976    .bss                memp.o


==============================================================================

Image component sizes


      Code (inc. data)   RO Data    RW Data    ZI Data      Debug   Object Name

      2394        200        844          2       1396      51019   adc.o
      4052       1972          0          0          0      45514   api_lib.o
      8026       2956          3          0          0      36133   api_msg.o
         0          0          0          0          0       2188   auth.o
      6062        716        276         57        500      13822   battery.o
         0          0          0          0          0       4527   bridgeif.o
      2240        242          0         16        360       9865   can.o
      1012         26          0          0          0      38724   cmsis_os.o
        54          4        256          0          0       1740   crc8.o
        38          0          0          0          0       1146   def.o
        66          0          0          0          0        651   delay.o
        52          4          0          0          0        770   dma.o
        32          6         68          0          0       3683   err.o
      3820       1206         65          1        240      12339   etharp.o
       456        154         12          0          0       2766   ethernet.o
      1840        194         34          4      12520       8825   ethernetif.o
        30          0          0          0          0      21308   event_groups.o
      4176        992        470        468       1280      42695   flash_access.o
     11636       1896        272        232      40008      62157   freertos.o
      1232        112          0          0          0       5175   gpio.o
       712         62          0         24      15360       7403   heap_4.o
       944        352          0          0          0       4738   icmp.o
       160         92         65          0          0      10167   init.o
         0          0          0          0         24       3226   ip.o
      1078        184          0          2          0       5676   ip4.o
        78          0          8          0          0       8682   ip4_addr.o
      3562       1192          0          6          0      12610   ip4_frag.o
       104         26          0          0         16     988857   iwdg.o
       148          0          0          0          0      12690   list.o
      3622        550          0         20      11740      22583   log_printf.o
       664         60         36         36         52       7124   lwip.o
       718         44          0          0          0      80336   main.o
      1110        142          0         32          0       9859   mb.o
       440         92          0          4          0       7813   mbcommon.o
        56          8        512          0          0       1294   mbcrc.o
       562          0          0          0          0       6574   mbpdu.o
       106          0          0          0          0       1351   mbtcp.o
       522          6          0         32          0       8459   mbtcpserver.o
      2656       1098          0         16      37907       8713   mem.o
       816        502        208         52      43347      11168   memp.o
      2390        592          0          6         13      30904   motor485_driven.o
     61398       6416        574        171       6576      88522   motor_control.o
      9134        882       1008         25          0      37914   motor_driven.o
      1348         88          0          0          0      30807   motor_pidctrl.o
       412        238          0          0          0      11395   netbuf.o
      2148       1004          0          9          0      16987   netif.o
      4096       1802          0          1          0      18821   pbuf.o
         0          0          0          0          0        392   pid_fuzzy.o
       966         86          0         12          0      11953   port.o
      3186         24          0          0         64      27558   queue.o
      6448       1600          0          4        256      40946   sockets.o
        36          8        504          0      12288        840   startup_stm32f767xx.o
       124         22          0          9          0       8546   stm32f7xx_hal.o
      1248         62          0          0          0       3555   stm32f7xx_hal_adc.o
      2256          8          0          0          0      15858   stm32f7xx_hal_can.o
       252         22          0          0          0      38670   stm32f7xx_hal_cortex.o
      1556         16          8          0          0       8585   stm32f7xx_hal_dma.o
      3322         54          0          0          0      18563   stm32f7xx_hal_eth.o
       688         64          0          0         28       6058   stm32f7xx_hal_flash.o
       384         18          0          0          0       2774   stm32f7xx_hal_flash_ex.o
       564         52          0          0          0       3111   stm32f7xx_hal_gpio.o
       112          0          0          0          0       1767   stm32f7xx_hal_iwdg.o
        76          6          0          0          0        862   stm32f7xx_hal_msp.o
        20          6          0          0          0        551   stm32f7xx_hal_pwr.o
       144          8          0          0          0       1280   stm32f7xx_hal_pwr_ex.o
      2024         84          0          0          0       6285   stm32f7xx_hal_rcc.o
      1880         16          0          0          0       2244   stm32f7xx_hal_rcc_ex.o
      3302        200          0          0          0      24792   stm32f7xx_hal_tim.o
       210         30          0          0          0       3128   stm32f7xx_hal_tim_ex.o
       136         18          0          0         64       1479   stm32f7xx_hal_timebase_tim.o
      2556         90          0          0          0      14249   stm32f7xx_hal_uart.o
       172         50          0          0          0       7395   stm32f7xx_it.o
       592         28         24          8          0      19680   sys_arch.o
        32         10         24          4          0       1195   system_stm32f7xx.o
      3358        384          0         60        240      30060   tasks.o
      9688       4380        197         32          0      45177   tcp.o
      9240       2258          0         40         16      23203   tcp_in.o
     10098       4076         85          0          0      34046   tcp_out.o
      1296        686          0         16          0       8970   tcpip.o
      2928        300          0          6       1764      45127   tim.o
      1048        492         28         12          0       7635   timeouts.o
      3576       1534          0          8          0      14614   udp.o
      5166        802          0         28      10588      55291   usart.o

    ----------------------------------------------------------------------
    225018      43606       5664       1476     196652    2356159   Object Totals
         0          0         64          0          0          0   (incl. Generated)
       132          0         19         21          5          0   (incl. Padding)

    ----------------------------------------------------------------------

      Code (inc. data)   RO Data    RW Data    ZI Data      Debug   Library Member Name

        24         14          0          0          0        116   dunder.o
       252          6          0          0          0        144   fmod.o
        86          0          0          0          0          0   __dczerorl2.o
        28          0          0          0          0         68   _chval.o
       158          0          0          0          0         92   _strtoul.o
        26          0          0          0          0         80   atoi.o
         8          4        133          0          0         68   ctype_o.o
         0          0          0          0          0          0   entry.o
         0          0          0          0          0          0   entry10a.o
         0          0          0          0          0          0   entry11a.o
         8          4          0          0          0          0   entry2.o
         4          0          0          0          0          0   entry5.o
         0          0          0          0          0          0   entry7b.o
         0          0          0          0          0          0   entry8b.o
         8          4          0          0          0          0   entry9a.o
        20         10          0          4          0        136   errno.o
        18          0          0          0          0         80   fputc.o
        30          0          0          0          0          0   handlers.o
        36          8          0          0          0         68   init.o
         0          0          0          0          0          0   iusefp.o
         0          0          0          0          0          0   iusesemip.o
        30          0          0          0          0         68   llshl.o
        36          0          0          0          0         68   llsshr.o
        32          0          0          0          0         68   llushr.o
        26          0          0          0          0         80   memcmp.o
        64          0          0          0          0         76   memmovea.o
        36          0          0          0          0        108   memseta.o
      2372         98          0          0          0        684   printfa.o
        36         10          0          4          0        136   rand.o
         0          0          0          0          0          0   semi.o
         0          0          0          4          0          0   stdout.o
       112          0          0          0          0         88   strtol.o
        44          0          0          0          0         80   uidiv.o
        98          0          0          0          0         92   uldiv.o
        48          0          0          0          0         68   cdrcmple.o
       334          0          0          0          0        148   dadd.o
       222          0          0          0          0        100   ddiv.o
       186          0          0          0          0        176   depilogue.o
        48          0          0          0          0         68   dfixul.o
       228          0          0          0          0         96   dmul.o
       134          0          0          0          0         96   drem.o

    ----------------------------------------------------------------------
      4802        162        136         12          0       3152   Library Totals
        10          4          3          0          0          0   (incl. Padding)

    ----------------------------------------------------------------------

      Code (inc. data)   RO Data    RW Data    ZI Data      Debug   Library Name

       276         20          0          0          0        260   m_wv.l
      3316        138        133         12          0       2140   mc_w.l
      1200          0          0          0          0        752   mf_w.l

    ----------------------------------------------------------------------
      4802        162        136         12          0       3152   Library Totals

    ----------------------------------------------------------------------

==============================================================================


      Code (inc. data)   RO Data    RW Data    ZI Data      Debug   

    229820      43768       5800       1488     196652    2271287   Grand Totals
    229820      43768       5800        276     196652    2271287   ELF Image Totals (compressed)
    229820      43768       5800        276          0          0   ROM Totals

==============================================================================

    Total RO  Size (Code + RO Data)               235620 ( 230.10kB)
    Total RW  Size (RW Data + ZI Data)            198140 ( 193.50kB)
    Total ROM Size (Code + RO Data + RW Data)     235896 ( 230.37kB)

==============================================================================

