D:/svn/MCU/trunk/ufo_project_new/AebToCan/Core/Src/adc.c:88:6:MX_ADC1_Init	24	static
D:/svn/MCU/trunk/ufo_project_new/AebToCan/Core/Src/adc.c:138:6:MX_ADC3_Init	24	static
D:/svn/MCU/trunk/ufo_project_new/AebToCan/Core/Src/adc.c:244:6:HAL_ADC_MspInit	64	static
D:/svn/MCU/trunk/ufo_project_new/AebToCan/Core/Src/adc.c:356:6:HAL_ADC_MspDeInit	8	static
D:/svn/MCU/trunk/ufo_project_new/AebToCan/Core/Src/adc.c:418:6:AdcStart	8	static
D:/svn/MCU/trunk/ufo_project_new/AebToCan/Core/Src/adc.c:435:10:Dichotomyfiltering	36	static
D:/svn/MCU/trunk/ufo_project_new/AebToCan/Core/Src/adc.c:506:9:ADCGetMidAdcValue	16	static
D:/svn/MCU/trunk/ufo_project_new/AebToCan/Core/Src/adc.c:541:9:ADCTmpGetMidAdcValue	16	static
D:/svn/MCU/trunk/ufo_project_new/AebToCan/Core/Src/adc.c:578:7:AdcGetSensorValue	16	static
D:/svn/MCU/trunk/ufo_project_new/AebToCan/Core/Src/adc.c:607:7:CalculateTemperature	8	static
D:/svn/MCU/trunk/ufo_project_new/AebToCan/Core/Src/adc.c:662:7:AdcTmpGetSensorValue	24	static
D:/svn/MCU/trunk/ufo_project_new/AebToCan/Core/Src/adc.c:689:6:ReadAdcSensorValue	8	static
D:/svn/MCU/trunk/ufo_project_new/AebToCan/Core/Src/adc.c:720:6:ReadTmpProcess	24	static
