D:/svn/MCU/trunk/ufo_project_new/AebToCan/Core/Src/can.c:37:6:MX_CAN1_Init	8	static
D:/svn/MCU/trunk/ufo_project_new/AebToCan/Core/Src/can.c:59:6:MX_CAN2_Init	8	static
D:/svn/MCU/trunk/ufo_project_new/AebToCan/Core/Src/can.c:81:6:MX_CAN3_Init	8	static
D:/svn/MCU/trunk/ufo_project_new/AebToCan/Core/Src/can.c:114:6:HAL_CAN_MspInit	80	static
D:/svn/MCU/trunk/ufo_project_new/AebToCan/Core/Src/can.c:247:6:HAL_CAN_MspDeInit	8	static
D:/svn/MCU/trunk/ufo_project_new/AebToCan/Core/Src/can.c:367:6:CanStart	48	static
D:/svn/MCU/trunk/ufo_project_new/AebToCan/Core/Src/can.c:502:6:HAL_CAN_RxFifo0MsgPendingCallback	64	static
D:/svn/MCU/trunk/ufo_project_new/AebToCan/Core/Src/can.c:539:19:CanGetSingleRxBufferData	20	static
D:/svn/MCU/trunk/ufo_project_new/AebToCan/Core/Src/can.c:575:19:CanDeviceWrite	136	static
D:/svn/MCU/trunk/ufo_project_new/AebToCan/Core/Src/can.c:656:19:CanDeviceRead	112	static
D:/svn/MCU/trunk/ufo_project_new/AebToCan/Core/Src/can.c:347:6:CanTest	32	static
