D:/LZX/WorkSpace/01_AGV/ufo_project_new/AebToCan/Core/Src/can.c:37:6:MX_CAN1_Init	8	static
D:/LZX/WorkSpace/01_AGV/ufo_project_new/AebToCan/Core/Src/can.c:69:6:MX_CAN2_Init	8	static
D:/LZX/WorkSpace/01_AGV/ufo_project_new/AebToCan/Core/Src/can.c:101:6:MX_CAN3_Init	8	static
D:/LZX/WorkSpace/01_AGV/ufo_project_new/AebToCan/Core/Src/can.c:135:6:HAL_CAN_MspInit	72	static
D:/LZX/WorkSpace/01_AGV/ufo_project_new/AebToCan/Core/Src/can.c:253:6:HAL_CAN_MspDeInit	8	static
D:/LZX/WorkSpace/01_AGV/ufo_project_new/AebToCan/Core/Src/can.c:360:6:CanStart	48	static
D:/LZX/WorkSpace/01_AGV/ufo_project_new/AebToCan/Core/Src/can.c:497:6:HAL_CAN_RxFifo0MsgPendingCallback	64	static
D:/LZX/WorkSpace/01_AGV/ufo_project_new/AebToCan/Core/Src/can.c:534:19:CanGetSingleRxBufferData	20	static
D:/LZX/WorkSpace/01_AGV/ufo_project_new/AebToCan/Core/Src/can.c:570:19:CanDeviceWrite	136	static
D:/LZX/WorkSpace/01_AGV/ufo_project_new/AebToCan/Core/Src/can.c:651:19:CanDeviceRead	112	static
D:/LZX/WorkSpace/01_AGV/ufo_project_new/AebToCan/Core/Src/can.c:340:6:CanTest	32	static
