D:/svn/MCU/trunk/ufo_project_new/AebToCan/Core/Src/tim.c:54:6:MX_TIM2_Init	40	static
D:/svn/MCU/trunk/ufo_project_new/AebToCan/Core/Src/tim.c:117:6:MX_TIM5_Init	40	static
D:/svn/MCU/trunk/ufo_project_new/AebToCan/Core/Src/tim.c:153:6:MX_TIM12_Init	32	static
D:/svn/MCU/trunk/ufo_project_new/AebToCan/Core/Src/tim.c:176:6:HAL_TIM_Base_MspInit	16	static
D:/svn/MCU/trunk/ufo_project_new/AebToCan/Core/Src/tim.c:211:6:HAL_TIM_PWM_MspInit	8	static
D:/svn/MCU/trunk/ufo_project_new/AebToCan/Core/Src/tim.c:227:6:HAL_TIM_IC_MspInit	40	static
D:/svn/MCU/trunk/ufo_project_new/AebToCan/Core/Src/tim.c:283:6:HAL_TIM_MspPostInit	32	static
D:/svn/MCU/trunk/ufo_project_new/AebToCan/Core/Src/tim.c:84:6:MX_TIM3_Init	48	static
D:/svn/MCU/trunk/ufo_project_new/AebToCan/Core/Src/tim.c:311:6:HAL_TIM_Base_MspDeInit	0	static
D:/svn/MCU/trunk/ufo_project_new/AebToCan/Core/Src/tim.c:344:6:HAL_TIM_PWM_MspDeInit	0	static
D:/svn/MCU/trunk/ufo_project_new/AebToCan/Core/Src/tim.c:360:6:HAL_TIM_IC_MspDeInit	8	static
D:/svn/MCU/trunk/ufo_project_new/AebToCan/Core/Src/tim.c:393:6:TIM5TRIGTOTIME8Init	48	static
D:/svn/MCU/trunk/ufo_project_new/AebToCan/Core/Src/tim.c:434:6:PWMTIM5Init	88	static
D:/svn/MCU/trunk/ufo_project_new/AebToCan/Core/Src/tim.c:584:6:PWMSetMotorOutputState	8	static
D:/svn/MCU/trunk/ufo_project_new/AebToCan/Core/Src/tim.c:790:6:PWMSetMotorPulse.part.0	32	static
D:/svn/MCU/trunk/ufo_project_new/AebToCan/Core/Src/tim.c:671:6:PWMSetMotorValue	16	static
D:/svn/MCU/trunk/ufo_project_new/AebToCan/Core/Src/tim.c:534:6:PWMInit	16	static
D:/svn/MCU/trunk/ufo_project_new/AebToCan/Core/Src/tim.c:730:6:PWMUpdateMotorPulse	0	static
D:/svn/MCU/trunk/ufo_project_new/AebToCan/Core/Src/tim.c:790:6:PWMSetMotorPulse	0	static
D:/svn/MCU/trunk/ufo_project_new/AebToCan/Core/Src/tim.c:830:6:PWMSetMotorDir	0	static
D:/svn/MCU/trunk/ufo_project_new/AebToCan/Core/Src/tim.c:863:6:InputCaptureInit	8	static
D:/svn/MCU/trunk/ufo_project_new/AebToCan/Core/Src/tim.c:909:6:IncPeriodElapsed	0	static
D:/svn/MCU/trunk/ufo_project_new/AebToCan/Core/Src/tim.c:921:6:AppTim_ISRProc	8	static
