D:/svn/MCU/trunk/ufo_project_new/AebToCan/Core/Src/usart.c:677:13:UsartRxDmaConfiguration	16	static
D:/svn/MCU/trunk/ufo_project_new/AebToCan/Core/Src/usart.c:1191:13:SetUsartTo485Direction	0	static
D:/svn/MCU/trunk/ufo_project_new/AebToCan/Core/Src/usart.c:652:13:UsartTxDmaConfiguration.isra	16	static
D:/svn/MCU/trunk/ufo_project_new/AebToCan/Core/Src/usart.c:147:6:MX_UART4_Init	8	static
D:/svn/MCU/trunk/ufo_project_new/AebToCan/Core/Src/usart.c:169:6:MX_UART5_Init	8	static
D:/svn/MCU/trunk/ufo_project_new/AebToCan/Core/Src/usart.c:199:6:MX_USART1_UART_Init	8	static
D:/svn/MCU/trunk/ufo_project_new/AebToCan/Core/Src/usart.c:221:6:MX_USART2_UART_Init	8	static
D:/svn/MCU/trunk/ufo_project_new/AebToCan/Core/Src/usart.c:243:6:MX_USART6_UART_Init	8	static
D:/svn/MCU/trunk/ufo_project_new/AebToCan/Core/Src/usart.c:264:6:HAL_UART_MspInit	96	static
D:/svn/MCU/trunk/ufo_project_new/AebToCan/Core/Src/usart.c:544:6:HAL_UART_MspDeInit	8	static
D:/svn/MCU/trunk/ufo_project_new/AebToCan/Core/Src/usart.c:706:16:UsartGetSelectDevice	0	static
D:/svn/MCU/trunk/ufo_project_new/AebToCan/Core/Src/usart.c:759:6:AppUsartInit	8	static
D:/svn/MCU/trunk/ufo_project_new/AebToCan/Core/Src/usart.c:809:6:HAL_UART_TxCpltCallback	0	static
D:/svn/MCU/trunk/ufo_project_new/AebToCan/Core/Src/usart.c:827:9:IsRxBuffEmpty	0	static
D:/svn/MCU/trunk/ufo_project_new/AebToCan/Core/Src/usart.c:839:10:isDmaSendFinish	8	static
D:/svn/MCU/trunk/ufo_project_new/AebToCan/Core/Src/usart.c:882:10:GetUsartRxDmaDataLength	8	static
D:/svn/MCU/trunk/ufo_project_new/AebToCan/Core/Src/usart.c:784:6:AppUsart_ISRProc	8	static
D:/svn/MCU/trunk/ufo_project_new/AebToCan/Core/Src/usart.c:922:10:UsartDeviceRead	32	static
D:/svn/MCU/trunk/ufo_project_new/AebToCan/Core/Src/usart.c:1018:10:UsartDeviceWrite	32	static
D:/svn/MCU/trunk/ufo_project_new/AebToCan/Core/Src/usart.c:1278:6:rt_kprintfArray	32	static
D:/svn/MCU/trunk/ufo_project_new/AebToCan/Core/Src/usart.c:1318:6:UsartMsgInit	16	static
D:/svn/MCU/trunk/ufo_project_new/AebToCan/Core/Src/usart.c:1334:6:WifiRevCmdAnalysis	32	static
D:/svn/MCU/trunk/ufo_project_new/AebToCan/Core/Src/usart.c:1536:6:WifiRevMsgProcess	80	static
