D:/LZX/WorkSpace/01_AGV/ufo_project_new/AebToCan/App/battery.c:15:6:InitBatteryData	4	static
D:/LZX/WorkSpace/01_AGV/ufo_project_new/AebToCan/App/battery.c:33:26:Battery485DeviceRead	48	static
D:/LZX/WorkSpace/01_AGV/ufo_project_new/AebToCan/App/battery.c:108:26:ReadBatteryInfoFrom485Modbus	32	static
D:/LZX/WorkSpace/01_AGV/ufo_project_new/AebToCan/App/battery.c:145:17:GetCheckSum	24	static
D:/LZX/WorkSpace/01_AGV/ufo_project_new/AebToCan/App/battery.c:169:26:ReadMiniUfoV2BatteryInfoFrom485	56	static
D:/LZX/WorkSpace/01_AGV/ufo_project_new/AebToCan/App/battery.c:290:26:ReadBatteryInfoFromYBT	48	static
D:/LZX/WorkSpace/01_AGV/ufo_project_new/AebToCan/App/battery.c:365:26:ReadBatteryInfoFromYBT_v2	88	static
D:/LZX/WorkSpace/01_AGV/ufo_project_new/AebToCan/App/battery.c:466:26:ReadBatteryInfoFromYBT_v3	96	static
D:/LZX/WorkSpace/01_AGV/ufo_project_new/AebToCan/App/battery.c:579:26:ReadBatteryInfoFromJK	40	static
D:/LZX/WorkSpace/01_AGV/ufo_project_new/AebToCan/App/battery.c:631:26:ReadBatteryInfoFromBestWay	72	static
D:/LZX/WorkSpace/01_AGV/ufo_project_new/AebToCan/App/battery.c:713:26:ReadBatteryInfoFromYBTThreeLarge	40	static
D:/LZX/WorkSpace/01_AGV/ufo_project_new/AebToCan/App/battery.c:769:26:ReadBatteryInfoFromJIUPUFourLarge	80	static
D:/LZX/WorkSpace/01_AGV/ufo_project_new/AebToCan/App/battery.c:950:26:ReadBatteryInfoFromSMTKFourMid	72	static
D:/LZX/WorkSpace/01_AGV/ufo_project_new/AebToCan/App/battery.c:1026:6:BatterPrintInfo	72	static
D:/LZX/WorkSpace/01_AGV/ufo_project_new/AebToCan/App/battery.c:1089:6:BatteryCollectProcess	24	static
