../../Drivers/CMSIS/Include/core_cm7.h:2427:22:SCB_CleanInvalidateDCache	24	static,ignoring_inline_asm
D:/LZX/WorkSpace/01_AGV/ufo_project_new/AebToCan/App/flash_access.c:29:10:FlashReadWord	16	static
D:/LZX/WorkSpace/01_AGV/ufo_project_new/AebToCan/App/flash_access.c:40:10:FlashGetFlashSector	16	static
D:/LZX/WorkSpace/01_AGV/ufo_project_new/AebToCan/App/flash_access.c:60:19:FlashWrite	72	static
D:/LZX/WorkSpace/01_AGV/ufo_project_new/AebToCan/App/flash_access.c:124:6:FlashRead	40	static
D:/LZX/WorkSpace/01_AGV/ufo_project_new/AebToCan/App/flash_access.c:141:19:FlashBlockIsBland	24	static
D:/LZX/WorkSpace/01_AGV/ufo_project_new/AebToCan/App/flash_access.c:174:6:FlashWriteConfigurePara	32	static
D:/LZX/WorkSpace/01_AGV/ufo_project_new/AebToCan/App/flash_access.c:225:6:FlashWriteMotorPara	16	static
D:/LZX/WorkSpace/01_AGV/ufo_project_new/AebToCan/App/flash_access.c:242:6:FlashReadConfigurePara	32	static
D:/LZX/WorkSpace/01_AGV/ufo_project_new/AebToCan/App/flash_access.c:311:6:FlashReadMotorPara	16	static
D:/LZX/WorkSpace/01_AGV/ufo_project_new/AebToCan/App/flash_access.c:369:6:WifiNormalRespond	224	static
D:/LZX/WorkSpace/01_AGV/ufo_project_new/AebToCan/App/flash_access.c:392:6:UsartWriteFlashConfigureParas	32	static
D:/LZX/WorkSpace/01_AGV/ufo_project_new/AebToCan/App/flash_access.c:623:19:FlashErase	56	static
D:/LZX/WorkSpace/01_AGV/ufo_project_new/AebToCan/App/flash_access.c:673:19:FlashCopy	56	static
D:/LZX/WorkSpace/01_AGV/ufo_project_new/AebToCan/App/flash_access.c:732:6:PrintfAllHistoryError	64	static
D:/LZX/WorkSpace/01_AGV/ufo_project_new/AebToCan/App/flash_access.c:782:6:PrintfUfoVerAndSn	8	static
D:/LZX/WorkSpace/01_AGV/ufo_project_new/AebToCan/App/flash_access.c:795:6:PrintfHardwareType	32	static
D:/LZX/WorkSpace/01_AGV/ufo_project_new/AebToCan/App/flash_access.c:812:6:IAPNormalRespond	24	static
D:/LZX/WorkSpace/01_AGV/ufo_project_new/AebToCan/App/flash_access.c:837:6:IAPCmdMSgDeal	40	static
D:/LZX/WorkSpace/01_AGV/ufo_project_new/AebToCan/App/flash_access.c:996:6:UpdateHistoryError	24	static
D:/LZX/WorkSpace/01_AGV/ufo_project_new/AebToCan/App/flash_access.c:1027:6:WriteFlashConfigureParasProcess	16	static
