D:/LZX/WorkSpace/01_AGV/ufo_project_new/AebToCan/App/motor_control.c:121:6:InitMotorPara	48	static
D:/LZX/WorkSpace/01_AGV/ufo_project_new/AebToCan/App/motor_control.c:267:6:ChangeMotorCurRunMode	32	static
D:/LZX/WorkSpace/01_AGV/ufo_project_new/AebToCan/App/motor_control.c:325:13:BackDeffModeDeal	16	static
D:/LZX/WorkSpace/01_AGV/ufo_project_new/AebToCan/App/motor_control.c:360:13:SetMotorRunModeDataForce	32	static
D:/LZX/WorkSpace/01_AGV/ufo_project_new/AebToCan/App/motor_control.c:458:6:SetMotorRunModeData	16	static
D:/LZX/WorkSpace/01_AGV/ufo_project_new/AebToCan/App/motor_control.c:481:13:MotorsPowerCheck	32	static
D:/LZX/WorkSpace/01_AGV/ufo_project_new/AebToCan/App/motor_control.c:600:13:GetMotorStatus	24	static
D:/LZX/WorkSpace/01_AGV/ufo_project_new/AebToCan/App/motor_control.c:853:6:ChangeMotorControlMode	16	static
D:/LZX/WorkSpace/01_AGV/ufo_project_new/AebToCan/App/motor_control.c:912:19:ChangeMotorTargetValue	32	static
D:/LZX/WorkSpace/01_AGV/ufo_project_new/AebToCan/App/motor_control.c:1080:13:SetDriveMotorTargetValue	16	static
D:/LZX/WorkSpace/01_AGV/ufo_project_new/AebToCan/App/motor_control.c:1344:13:ChangeDriveMotorControlMode	24	static
D:/LZX/WorkSpace/01_AGV/ufo_project_new/AebToCan/App/motor_control.c:1729:6:SetErrorInfo	24	static
D:/LZX/WorkSpace/01_AGV/ufo_project_new/AebToCan/App/motor_control.c:1769:6:PrintErrorInfo	56	static
D:/LZX/WorkSpace/01_AGV/ufo_project_new/AebToCan/App/motor_control.c:1821:6:SetErrorCode	24	static
D:/LZX/WorkSpace/01_AGV/ufo_project_new/AebToCan/App/motor_control.c:1898:6:ClearErrorCode	24	static
D:/LZX/WorkSpace/01_AGV/ufo_project_new/AebToCan/App/motor_control.c:1948:6:ErrorAutoStopCmd	24	static
D:/LZX/WorkSpace/01_AGV/ufo_project_new/AebToCan/App/motor_control.c:1987:13:ErrorRecoveryStepMotorCmd	32	static
D:/LZX/WorkSpace/01_AGV/ufo_project_new/AebToCan/App/motor_control.c:2059:13:ErrorDealAndRecovery	32	static
D:/LZX/WorkSpace/01_AGV/ufo_project_new/AebToCan/App/motor_control.c:2219:6:SetMotorPower	24	static
D:/LZX/WorkSpace/01_AGV/ufo_project_new/AebToCan/App/motor_control.c:2376:6:SetMotorLock	32	static
D:/LZX/WorkSpace/01_AGV/ufo_project_new/AebToCan/App/motor_control.c:2463:9:ConvertAngleToCounts	32	static
D:/LZX/WorkSpace/01_AGV/ufo_project_new/AebToCan/App/motor_control.c:2487:9:GetSlopeSpeed	48	static
D:/LZX/WorkSpace/01_AGV/ufo_project_new/AebToCan/App/motor_control.c:2684:13:ProcessMotorRunModePowerOff	24	static
D:/LZX/WorkSpace/01_AGV/ufo_project_new/AebToCan/App/motor_control.c:2790:6:ProcessMotorRunModeHomming	120	static
D:/LZX/WorkSpace/01_AGV/ufo_project_new/AebToCan/App/motor_control.c:3417:19:ReadMotorAngle	24	static
D:/LZX/WorkSpace/01_AGV/ufo_project_new/AebToCan/App/motor_control.c:3443:9:CollectCurrent	544	static
D:/LZX/WorkSpace/01_AGV/ufo_project_new/AebToCan/App/motor_control.c:3547:5:SearchMinValue	24	static
D:/LZX/WorkSpace/01_AGV/ufo_project_new/AebToCan/App/motor_control.c:3570:5:GetMidValue	48	static
D:/LZX/WorkSpace/01_AGV/ufo_project_new/AebToCan/App/motor_control.c:3642:26:GetMotorSpeed	56	static
D:/LZX/WorkSpace/01_AGV/ufo_project_new/AebToCan/App/motor_control.c:3892:26:IsMotorCurrentBelowStartCurrent	48	static
D:/LZX/WorkSpace/01_AGV/ufo_project_new/AebToCan/App/motor_control.c:4016:17:GetWheelSpeed	48	static
D:/LZX/WorkSpace/01_AGV/ufo_project_new/AebToCan/App/motor_control.c:4057:13:ResetTimer	16	static
D:/LZX/WorkSpace/01_AGV/ufo_project_new/AebToCan/App/motor_control.c:4069:6:CalAvaAccAndCurrent	32	static
D:/LZX/WorkSpace/01_AGV/ufo_project_new/AebToCan/App/motor_control.c:4105:6:AutoLearnAccCurrent	40	static
D:/LZX/WorkSpace/01_AGV/ufo_project_new/AebToCan/App/motor_control.c:4149:6:SetVelStateSwitchDeal	56	static
D:/LZX/WorkSpace/01_AGV/ufo_project_new/AebToCan/App/motor_control.c:4339:6:RecordMotorVelAndAcc	48	static
D:/LZX/WorkSpace/01_AGV/ufo_project_new/AebToCan/App/motor_control.c:4443:6:RecordCarSetVelAndAcc	48	static
D:/LZX/WorkSpace/01_AGV/ufo_project_new/AebToCan/App/motor_control.c:4516:6:RecordCarNavVelAndAcc	40	static
D:/LZX/WorkSpace/01_AGV/ufo_project_new/AebToCan/App/motor_control.c:4580:6:MotorSkidJudge	24	static
D:/LZX/WorkSpace/01_AGV/ufo_project_new/AebToCan/App/motor_control.c:4634:6:MotorOverloaderUpdateIndex	24	static
D:/LZX/WorkSpace/01_AGV/ufo_project_new/AebToCan/App/motor_control.c:4691:6:MotorOverloaderJudge	48	static
D:/LZX/WorkSpace/01_AGV/ufo_project_new/AebToCan/App/motor_control.c:4832:6:MotorOverLoaderWaitRecovery	16	static
D:/LZX/WorkSpace/01_AGV/ufo_project_new/AebToCan/App/motor_control.c:4872:13:CalPidRunParas	64	static
D:/LZX/WorkSpace/01_AGV/ufo_project_new/AebToCan/App/motor_control.c:5036:11:NavNegativeDirJudge	64	static
D:/LZX/WorkSpace/01_AGV/ufo_project_new/AebToCan/App/motor_control.c:5168:6:GetMotorAndNavFilterVel	88	static
D:/LZX/WorkSpace/01_AGV/ufo_project_new/AebToCan/App/motor_control.c:5411:13:CurrentBanlance	16	static
D:/LZX/WorkSpace/01_AGV/ufo_project_new/AebToCan/App/motor_control.c:5505:9:WheelDeffTarSetVelCal	24	static
D:/LZX/WorkSpace/01_AGV/ufo_project_new/AebToCan/App/motor_control.c:5538:13:MotorVelWaveAnalysis	56	static
D:/LZX/WorkSpace/01_AGV/ufo_project_new/AebToCan/App/motor_control.c:5793:13:PIDCurrentAdjust	376	static
D:/LZX/WorkSpace/01_AGV/ufo_project_new/AebToCan/App/motor_control.c:6235:6:PIDBrakeAdjust	32	static
D:/LZX/WorkSpace/01_AGV/ufo_project_new/AebToCan/App/motor_control.c:6301:6:ProcessMotorRunModePos	40	static
D:/LZX/WorkSpace/01_AGV/ufo_project_new/AebToCan/App/motor_control.c:6700:6:ProcessMotorRunModeStop	24	static
D:/LZX/WorkSpace/01_AGV/ufo_project_new/AebToCan/App/motor_control.c:6857:6:ProcessMotorRunModeSpeed	40	static
D:/LZX/WorkSpace/01_AGV/ufo_project_new/AebToCan/App/motor_control.c:7132:6:ProcessMotorRunModeCurrent	48	static
D:/LZX/WorkSpace/01_AGV/ufo_project_new/AebToCan/App/motor_control.c:7397:6:ProcessMotorRunModeCurrentPos	32	static
D:/LZX/WorkSpace/01_AGV/ufo_project_new/AebToCan/App/motor_control.c:7587:6:LowVoltageCheck	24	static
D:/LZX/WorkSpace/01_AGV/ufo_project_new/AebToCan/App/motor_control.c:7726:6:MotorPosCalCarPos	24	static
D:/LZX/WorkSpace/01_AGV/ufo_project_new/AebToCan/App/motor_control.c:7772:6:MotorReadStep	40	static
D:/LZX/WorkSpace/01_AGV/ufo_project_new/AebToCan/App/motor_control.c:8056:6:MotorReachTargetPosJudge	40	static
D:/LZX/WorkSpace/01_AGV/ufo_project_new/AebToCan/App/motor_control.c:8107:6:MotorControlEntry	24	static
D:/LZX/WorkSpace/01_AGV/ufo_project_new/AebToCan/App/motor_control.c:8248:6:TestUfoControl	48	static
D:/LZX/WorkSpace/01_AGV/ufo_project_new/AebToCan/App/motor_control.c:8319:13:TestMotorDataUploadProcess	64	static
D:/LZX/WorkSpace/01_AGV/ufo_project_new/AebToCan/App/motor_control.c:8379:6:PrintfMotorStaus	96	static
D:/LZX/WorkSpace/01_AGV/ufo_project_new/AebToCan/App/motor_control.c:8409:6:OldTestRevCmdAnalysis	40	static
D:/LZX/WorkSpace/01_AGV/ufo_project_new/AebToCan/App/motor_control.c:8562:13:OldTestProcess	104	static
D:/LZX/WorkSpace/01_AGV/ufo_project_new/AebToCan/App/motor_control.c:8975:6:MyMotorSet	16	static
D:/LZX/WorkSpace/01_AGV/ufo_project_new/AebToCan/App/motor_control.c:8988:6:MyMotorVelSet_test	16	static
