D:/LZX/WorkSpace/01_AGV/ufo_project_new/AebToCan/App/motor485_driven.c:22:10:MODBUS_RTUCrc16	32	static
D:/LZX/WorkSpace/01_AGV/ufo_project_new/AebToCan/App/motor485_driven.c:51:19:Motor485CheckRevData	24	static
D:/LZX/WorkSpace/01_AGV/ufo_project_new/AebToCan/App/motor485_driven.c:92:26:Motor485DeviceRead	48	static
D:/LZX/WorkSpace/01_AGV/ufo_project_new/AebToCan/App/motor485_driven.c:193:19:Motor485SetTargetVelocity	40	static
D:/LZX/WorkSpace/01_AGV/ufo_project_new/AebToCan/App/motor485_driven.c:226:19:Motor485SetMotorContrlmode	32	static
D:/LZX/WorkSpace/01_AGV/ufo_project_new/AebToCan/App/motor485_driven.c:256:19:Motor485SetMotorMove	40	static
D:/LZX/WorkSpace/01_AGV/ufo_project_new/AebToCan/App/motor485_driven.c:297:19:Motor485SetTargetAbsPosAcordCurPos	48	static
D:/LZX/WorkSpace/01_AGV/ufo_project_new/AebToCan/App/motor485_driven.c:339:19:Motor485SetTargetAbsPos	40	static
D:/LZX/WorkSpace/01_AGV/ufo_project_new/AebToCan/App/motor485_driven.c:371:19:Motor485SetTargetAbsPosRealtime	40	static
D:/LZX/WorkSpace/01_AGV/ufo_project_new/AebToCan/App/motor485_driven.c:403:19:Motor485SetActualPos	40	static
D:/LZX/WorkSpace/01_AGV/ufo_project_new/AebToCan/App/motor485_driven.c:435:19:Motor485SetTargetCurrent	32	static
D:/LZX/WorkSpace/01_AGV/ufo_project_new/AebToCan/App/motor485_driven.c:466:19:Motor485ReadErrorCode	32	static
D:/LZX/WorkSpace/01_AGV/ufo_project_new/AebToCan/App/motor485_driven.c:498:19:Motor485ReadVelocity	32	static
D:/LZX/WorkSpace/01_AGV/ufo_project_new/AebToCan/App/motor485_driven.c:531:19:Motor485ReadPos	32	static
D:/LZX/WorkSpace/01_AGV/ufo_project_new/AebToCan/App/motor485_driven.c:563:19:Motor485ReadError	32	static
D:/LZX/WorkSpace/01_AGV/ufo_project_new/AebToCan/App/motor485_driven.c:595:19:Motor485ReadCurrent	32	static
D:/LZX/WorkSpace/01_AGV/ufo_project_new/AebToCan/App/motor485_driven.c:628:6:Motor485Test	40	static
