D:/LZX/WorkSpace/01_AGV/ufo_project_new/AebToCan/App/motor_driven.c:51:10:GetMotorNumFromId	24	static
D:/LZX/WorkSpace/01_AGV/ufo_project_new/AebToCan/App/motor_driven.c:73:12:MotorCheckReadData	24	static
D:/LZX/WorkSpace/01_AGV/ufo_project_new/AebToCan/App/motor_driven.c:445:26:MotorCanDeviceWrite	24	static
D:/LZX/WorkSpace/01_AGV/ufo_project_new/AebToCan/App/motor_driven.c:481:17:MotorCanDeviceRead	40	static
D:/LZX/WorkSpace/01_AGV/ufo_project_new/AebToCan/App/motor_driven.c:531:6:MotorReadProcess	40	static
D:/LZX/WorkSpace/01_AGV/ufo_project_new/AebToCan/App/motor_driven.c:559:10:SetEposNMTState	40	static
D:/LZX/WorkSpace/01_AGV/ufo_project_new/AebToCan/App/motor_driven.c:578:6:MotorOperationModeExchange	24	static
D:/LZX/WorkSpace/01_AGV/ufo_project_new/AebToCan/App/motor_driven.c:655:10:MotorSetOperationMode	48	static
D:/LZX/WorkSpace/01_AGV/ufo_project_new/AebToCan/App/motor_driven.c:725:10:MotorGetOperationMode	80	static
D:/LZX/WorkSpace/01_AGV/ufo_project_new/AebToCan/App/motor_driven.c:783:6:MotorControlCmdExchange	16	static
D:/LZX/WorkSpace/01_AGV/ufo_project_new/AebToCan/App/motor_driven.c:807:10:MotorDeviceControlCmd	48	static
D:/LZX/WorkSpace/01_AGV/ufo_project_new/AebToCan/App/motor_driven.c:865:10:MotorDeviceControlCmdWithJudge	72	static
D:/LZX/WorkSpace/01_AGV/ufo_project_new/AebToCan/App/motor_driven.c:920:10:MotorSetTargetVelocity	112	static
D:/LZX/WorkSpace/01_AGV/ufo_project_new/AebToCan/App/motor_driven.c:1028:10:MotorGetTargetVelocity	80	static
D:/LZX/WorkSpace/01_AGV/ufo_project_new/AebToCan/App/motor_driven.c:1067:10:MotorSetTargetPosition	88	static
D:/LZX/WorkSpace/01_AGV/ufo_project_new/AebToCan/App/motor_driven.c:1143:10:MotorGetTargetPosition	72	static
D:/LZX/WorkSpace/01_AGV/ufo_project_new/AebToCan/App/motor_driven.c:1173:10:MotorSetTargetCurrent	96	static
D:/LZX/WorkSpace/01_AGV/ufo_project_new/AebToCan/App/motor_driven.c:1261:10:MotorSetProfileVelocity	88	static
D:/LZX/WorkSpace/01_AGV/ufo_project_new/AebToCan/App/motor_driven.c:1330:10:MotorSetProfileAcc	88	static
D:/LZX/WorkSpace/01_AGV/ufo_project_new/AebToCan/App/motor_driven.c:1399:10:MotorSetProfileDec	88	static
D:/LZX/WorkSpace/01_AGV/ufo_project_new/AebToCan/App/motor_driven.c:1466:10:MotorSetHomingMethod	48	static
D:/LZX/WorkSpace/01_AGV/ufo_project_new/AebToCan/App/motor_driven.c:1513:10:MotorGetHomingMethod	72	static
D:/LZX/WorkSpace/01_AGV/ufo_project_new/AebToCan/App/motor_driven.c:1542:10:MotorSetHomingPosition	72	static
D:/LZX/WorkSpace/01_AGV/ufo_project_new/AebToCan/App/motor_driven.c:1582:10:MotorSetHomingStallTorq	72	static
D:/LZX/WorkSpace/01_AGV/ufo_project_new/AebToCan/App/motor_driven.c:1616:10:MotorSetHomingStallTime	72	static
D:/LZX/WorkSpace/01_AGV/ufo_project_new/AebToCan/App/motor_driven.c:1652:10:MotorSetHomingVelocity	72	static
D:/LZX/WorkSpace/01_AGV/ufo_project_new/AebToCan/App/motor_driven.c:1686:10:MotorSetHomingAcc	72	static
D:/LZX/WorkSpace/01_AGV/ufo_project_new/AebToCan/App/motor_driven.c:1723:10:MotorSetAbortConnectionOptionCode	72	static
D:/LZX/WorkSpace/01_AGV/ufo_project_new/AebToCan/App/motor_driven.c:1768:10:MotorReadErrorCode	80	static
D:/LZX/WorkSpace/01_AGV/ufo_project_new/AebToCan/App/motor_driven.c:1824:10:MotorReadStatus	80	static
D:/LZX/WorkSpace/01_AGV/ufo_project_new/AebToCan/App/motor_driven.c:1882:10:MotorReadFDKWorkStatus	72	static
D:/LZX/WorkSpace/01_AGV/ufo_project_new/AebToCan/App/motor_driven.c:1911:10:MotorReadEnableStatus	72	static
D:/LZX/WorkSpace/01_AGV/ufo_project_new/AebToCan/App/motor_driven.c:1940:10:MotorSetMotorEnableStatus	48	static
D:/LZX/WorkSpace/01_AGV/ufo_project_new/AebToCan/App/motor_driven.c:1963:10:MotorSetMotorControlStatus	48	static
D:/LZX/WorkSpace/01_AGV/ufo_project_new/AebToCan/App/motor_driven.c:1987:10:MotorReadCurrentCmd	56	static
D:/LZX/WorkSpace/01_AGV/ufo_project_new/AebToCan/App/motor_driven.c:2015:10:MotorReadAvarageCurrentCmd	80	static
D:/LZX/WorkSpace/01_AGV/ufo_project_new/AebToCan/App/motor_driven.c:2097:10:MotorReadVelocity	80	static
D:/LZX/WorkSpace/01_AGV/ufo_project_new/AebToCan/App/motor_driven.c:2178:10:MotorSetCurActualPosition	72	static
D:/LZX/WorkSpace/01_AGV/ufo_project_new/AebToCan/App/motor_driven.c:2219:10:MotorReadPosition	80	static
D:/LZX/WorkSpace/01_AGV/ufo_project_new/AebToCan/App/motor_driven.c:2270:10:MotorReadIOStatus	72	static
D:/LZX/WorkSpace/01_AGV/ufo_project_new/AebToCan/App/motor_driven.c:2298:10:MotorSendReadStatus	48	static
D:/LZX/WorkSpace/01_AGV/ufo_project_new/AebToCan/App/motor_driven.c:2341:10:MotorSendReadControlStatus	48	static
D:/LZX/WorkSpace/01_AGV/ufo_project_new/AebToCan/App/motor_driven.c:2360:10:MotorSendReadAvarageCurrentCmd	48	static
D:/LZX/WorkSpace/01_AGV/ufo_project_new/AebToCan/App/motor_driven.c:2414:10:MotorSendReadPosCmd	48	static
D:/LZX/WorkSpace/01_AGV/ufo_project_new/AebToCan/App/motor_driven.c:2455:10:MotorSendReadVelocity	48	static
D:/LZX/WorkSpace/01_AGV/ufo_project_new/AebToCan/App/motor_driven.c:2490:10:MotorSendReadDriverTmpCmd	48	static
D:/LZX/WorkSpace/01_AGV/ufo_project_new/AebToCan/App/motor_driven.c:2549:10:MotorSendReadTmpCmd	48	static
D:/LZX/WorkSpace/01_AGV/ufo_project_new/AebToCan/App/motor_driven.c:2575:10:MotorSendReadVolCmd	48	static
D:/LZX/WorkSpace/01_AGV/ufo_project_new/AebToCan/App/motor_driven.c:2645:10:MotorCanSdoSet	48	static
D:/LZX/WorkSpace/01_AGV/ufo_project_new/AebToCan/App/motor_driven.c:2681:10:MotorCanSdoGet	80	static
D:/LZX/WorkSpace/01_AGV/ufo_project_new/AebToCan/App/motor_driven.c:2724:10:MotorCanDisableTransimitPdo	48	static
D:/LZX/WorkSpace/01_AGV/ufo_project_new/AebToCan/App/motor_driven.c:2766:6:TestMotorControl	40	static
