D:/svn/MCU/trunk/ufo_project_new/AebToCan/Middlewares/Third_Party/Modbus/mbcommon.c:17:6:CovertSingleCommandCoilToBoolStatus	0	static
D:/svn/MCU/trunk/ufo_project_new/AebToCan/Middlewares/Third_Party/Modbus/mbcommon.c:32:7:CheckWriteFloatDataIsValid	0	static
D:/svn/MCU/trunk/ufo_project_new/AebToCan/Middlewares/Third_Party/Modbus/mbcommon.c:49:8:CheckWriteDoubleDataIsValid	0	static
D:/svn/MCU/trunk/ufo_project_new/AebToCan/Middlewares/Third_Party/Modbus/mbcommon.c:66:10:CheckWriteInt16DataIsValid	0	static
D:/svn/MCU/trunk/ufo_project_new/AebToCan/Middlewares/Third_Party/Modbus/mbcommon.c:83:10:CheckWriteInt32DataIsValid	0	static
D:/svn/MCU/trunk/ufo_project_new/AebToCan/Middlewares/Third_Party/Modbus/mbcommon.c:100:13:GetCoilStatus	0	static
D:/svn/MCU/trunk/ufo_project_new/AebToCan/Middlewares/Third_Party/Modbus/mbcommon.c:106:13:GetInputStatus	0	static
D:/svn/MCU/trunk/ufo_project_new/AebToCan/Middlewares/Third_Party/Modbus/mbcommon.c:112:13:GetHoldingRegister	16	static
D:/svn/MCU/trunk/ufo_project_new/AebToCan/Middlewares/Third_Party/Modbus/mbcommon.c:128:13:GetInputRegister	0	static
D:/svn/MCU/trunk/ufo_project_new/AebToCan/Middlewares/Third_Party/Modbus/mbcommon.c:134:13:SetSingleCoil	0	static
D:/svn/MCU/trunk/ufo_project_new/AebToCan/Middlewares/Third_Party/Modbus/mbcommon.c:156:13:SetMultipleCoil	0	static
D:/svn/MCU/trunk/ufo_project_new/AebToCan/Middlewares/Third_Party/Modbus/mbcommon.c:183:13:UpdateCoilStatus	0	static
D:/svn/MCU/trunk/ufo_project_new/AebToCan/Middlewares/Third_Party/Modbus/mbcommon.c:189:13:UpdateInputStatus	0	static
D:/svn/MCU/trunk/ufo_project_new/AebToCan/Middlewares/Third_Party/Modbus/mbcommon.c:195:13:UpdateHoldingRegister	0	static
D:/svn/MCU/trunk/ufo_project_new/AebToCan/Middlewares/Third_Party/Modbus/mbcommon.c:201:13:UpdateInputResgister	0	static
D:/svn/MCU/trunk/ufo_project_new/AebToCan/Middlewares/Third_Party/Modbus/mbcommon.c:213:6:PrintSetRegisterMsg	40	static
D:/svn/MCU/trunk/ufo_project_new/AebToCan/Middlewares/Third_Party/Modbus/mbcommon.c:140:13:SetSingleRegister	0	static
D:/svn/MCU/trunk/ufo_project_new/AebToCan/Middlewares/Third_Party/Modbus/mbcommon.c:162:13:SetMultipleRegister	4	static
