../../Drivers/STM32F7xx_HAL_Driver/Inc/stm32f7xx_ll_adc.h:2626:22:LL_ADC_REG_SetDMATransfer	16	static
D:/LZX/WorkSpace/01_AGV/ufo_project_new/AebToCan/Core/Src/adc.c:88:6:MX_ADC1_Init	24	static
D:/LZX/WorkSpace/01_AGV/ufo_project_new/AebToCan/Core/Src/adc.c:153:6:MX_ADC3_Init	24	static
D:/LZX/WorkSpace/01_AGV/ufo_project_new/AebToCan/Core/Src/adc.c:281:6:HAL_ADC_MspInit	64	static
D:/LZX/WorkSpace/01_AGV/ufo_project_new/AebToCan/Core/Src/adc.c:393:6:HAL_ADC_MspDeInit	16	static
D:/LZX/WorkSpace/01_AGV/ufo_project_new/AebToCan/Core/Src/adc.c:455:6:AdcStart	8	static
D:/LZX/WorkSpace/01_AGV/ufo_project_new/AebToCan/Core/Src/adc.c:472:10:Dichotomyfiltering	32	static
D:/LZX/WorkSpace/01_AGV/ufo_project_new/AebToCan/Core/Src/adc.c:543:9:ADCGetMidAdcValue	24	static
D:/LZX/WorkSpace/01_AGV/ufo_project_new/AebToCan/Core/Src/adc.c:578:9:ADCTmpGetMidAdcValue	24	static
D:/LZX/WorkSpace/01_AGV/ufo_project_new/AebToCan/Core/Src/adc.c:615:7:AdcGetSensorValue	32	static
D:/LZX/WorkSpace/01_AGV/ufo_project_new/AebToCan/Core/Src/adc.c:644:7:CalculateTemperature	40	static
D:/LZX/WorkSpace/01_AGV/ufo_project_new/AebToCan/Core/Src/adc.c:699:7:AdcTmpGetSensorValue	24	static
D:/LZX/WorkSpace/01_AGV/ufo_project_new/AebToCan/Core/Src/adc.c:726:6:ReadAdcSensorValue	24	static
D:/LZX/WorkSpace/01_AGV/ufo_project_new/AebToCan/Core/Src/adc.c:757:6:ReadTmpProcess	24	static
