../../Drivers/STM32F7xx_HAL_Driver/Inc/stm32f7xx_ll_adc.h:2627:22:LL_ADC_REG_SetDMATransfer	16	static
D:/LZX/WorkSpace/01_AGV/ufo_project_new/AebToCan/Core/Src/adc.c:88:6:MX_ADC1_Init	24	static
D:/LZX/WorkSpace/01_AGV/ufo_project_new/AebToCan/Core/Src/adc.c:138:6:MX_ADC3_Init	24	static
D:/LZX/WorkSpace/01_AGV/ufo_project_new/AebToCan/Core/Src/adc.c:244:6:HAL_ADC_MspInit	64	static
D:/LZX/WorkSpace/01_AGV/ufo_project_new/AebToCan/Core/Src/adc.c:356:6:HAL_ADC_MspDeInit	16	static
D:/LZX/WorkSpace/01_AGV/ufo_project_new/AebToCan/Core/Src/adc.c:418:6:AdcStart	8	static
D:/LZX/WorkSpace/01_AGV/ufo_project_new/AebToCan/Core/Src/adc.c:435:10:Dichotomyfiltering	32	static
D:/LZX/WorkSpace/01_AGV/ufo_project_new/AebToCan/Core/Src/adc.c:506:9:ADCGetMidAdcValue	24	static
D:/LZX/WorkSpace/01_AGV/ufo_project_new/AebToCan/Core/Src/adc.c:541:9:ADCTmpGetMidAdcValue	24	static
D:/LZX/WorkSpace/01_AGV/ufo_project_new/AebToCan/Core/Src/adc.c:578:7:AdcGetSensorValue	32	static
D:/LZX/WorkSpace/01_AGV/ufo_project_new/AebToCan/Core/Src/adc.c:607:7:CalculateTemperature	40	static
D:/LZX/WorkSpace/01_AGV/ufo_project_new/AebToCan/Core/Src/adc.c:662:7:AdcTmpGetSensorValue	24	static
D:/LZX/WorkSpace/01_AGV/ufo_project_new/AebToCan/Core/Src/adc.c:689:6:ReadAdcSensorValue	24	static
D:/LZX/WorkSpace/01_AGV/ufo_project_new/AebToCan/Core/Src/adc.c:720:6:ReadTmpProcess	24	static
