D:/LZX/WorkSpace/01_AGV/ufo_project_new/AebToCan/Core/Src/can.c:37:6:MX_CAN1_Init	8	static
D:/LZX/WorkSpace/01_AGV/ufo_project_new/AebToCan/Core/Src/can.c:59:6:MX_CAN2_Init	8	static
D:/LZX/WorkSpace/01_AGV/ufo_project_new/AebToCan/Core/Src/can.c:81:6:MX_CAN3_Init	8	static
D:/LZX/WorkSpace/01_AGV/ufo_project_new/AebToCan/Core/Src/can.c:114:6:HAL_CAN_MspInit	88	static
D:/LZX/WorkSpace/01_AGV/ufo_project_new/AebToCan/Core/Src/can.c:247:6:HAL_CAN_MspDeInit	16	static
D:/LZX/WorkSpace/01_AGV/ufo_project_new/AebToCan/Core/Src/can.c:347:6:CanTest	32	static
D:/LZX/WorkSpace/01_AGV/ufo_project_new/AebToCan/Core/Src/can.c:367:6:CanStart	56	static
D:/LZX/WorkSpace/01_AGV/ufo_project_new/AebToCan/Core/Src/can.c:442:13:CanDev2StmCan	16	static
D:/LZX/WorkSpace/01_AGV/ufo_project_new/AebToCan/Core/Src/can.c:473:13:CanStmCan2Dev	16	static
D:/LZX/WorkSpace/01_AGV/ufo_project_new/AebToCan/Core/Src/can.c:502:6:HAL_CAN_RxFifo0MsgPendingCallback	48	static
D:/LZX/WorkSpace/01_AGV/ufo_project_new/AebToCan/Core/Src/can.c:539:19:CanGetSingleRxBufferData	32	static
D:/LZX/WorkSpace/01_AGV/ufo_project_new/AebToCan/Core/Src/can.c:575:19:CanDeviceWrite	144	static
D:/LZX/WorkSpace/01_AGV/ufo_project_new/AebToCan/Core/Src/can.c:656:19:CanDeviceRead	152	static
