D:/LZX/WorkSpace/01_AGV/ufo_project_new/AebToCan/Core/Src/freertos.c:195:6:vApplicationGetIdleTaskMemory	24	static
D:/LZX/WorkSpace/01_AGV/ufo_project_new/AebToCan/Core/Src/freertos.c:208:6:vApplicationGetTimerTaskMemory	24	static
D:/LZX/WorkSpace/01_AGV/ufo_project_new/AebToCan/Core/Src/freertos.c:222:6:MX_FREERTOS_Init	248	static
D:/LZX/WorkSpace/01_AGV/ufo_project_new/AebToCan/Core/Src/freertos.c:295:6:StartTaskMain	32	static
D:/LZX/WorkSpace/01_AGV/ufo_project_new/AebToCan/Core/Src/freertos.c:380:6:StartTaskMotor	48	static
D:/LZX/WorkSpace/01_AGV/ufo_project_new/AebToCan/Core/Src/freertos.c:453:6:StartTaskTcpCreate	112	static
D:/LZX/WorkSpace/01_AGV/ufo_project_new/AebToCan/Core/Src/freertos.c:588:6:StartTaskTcp	24	static
D:/LZX/WorkSpace/01_AGV/ufo_project_new/AebToCan/Core/Src/freertos.c:640:6:StartTaskSD	32	static
D:/LZX/WorkSpace/01_AGV/ufo_project_new/AebToCan/Core/Src/freertos.c:712:6:StartTaskTcpPrint	40	static
D:/LZX/WorkSpace/01_AGV/ufo_project_new/AebToCan/Core/Src/freertos.c:897:13:AllDataInit	8	static
D:/LZX/WorkSpace/01_AGV/ufo_project_new/AebToCan/Core/Src/freertos.c:952:13:closeSelectSocket	24	static
D:/LZX/WorkSpace/01_AGV/ufo_project_new/AebToCan/Core/Src/freertos.c:975:6:ethernetif_notify_conn_changed	16	static
D:/LZX/WorkSpace/01_AGV/ufo_project_new/AebToCan/Core/Src/freertos.c:994:13:SBUS_ENcode	16	static
D:/LZX/WorkSpace/01_AGV/ufo_project_new/AebToCan/Core/Src/freertos.c:1026:13:SBUS_ReceiveProcess	24	static
D:/LZX/WorkSpace/01_AGV/ufo_project_new/AebToCan/Core/Src/freertos.c:1128:13:CAN_ReceiveProcess	64	static
D:/LZX/WorkSpace/01_AGV/ufo_project_new/AebToCan/Core/Src/freertos.c:1193:13:CAN_SendProcess	48	static
D:/LZX/WorkSpace/01_AGV/ufo_project_new/AebToCan/Core/Src/freertos.c:1272:13:USART_ReceiveProcess	568	static
D:/LZX/WorkSpace/01_AGV/ufo_project_new/AebToCan/Core/Src/freertos.c:1319:13:UfoBrakeAutoControl	24	static
D:/LZX/WorkSpace/01_AGV/ufo_project_new/AebToCan/Core/Src/freertos.c:1393:6:UfoLeftRightControl	16	static
D:/LZX/WorkSpace/01_AGV/ufo_project_new/AebToCan/Core/Src/freertos.c:1428:13:UfoEmergencyStopProcess	16	static
D:/LZX/WorkSpace/01_AGV/ufo_project_new/AebToCan/Core/Src/freertos.c:1492:13:AGVRemoteInit	4	static
D:/LZX/WorkSpace/01_AGV/ufo_project_new/AebToCan/Core/Src/freertos.c:1510:13:AGVRemoteCtlUpdate	4	static
D:/LZX/WorkSpace/01_AGV/ufo_project_new/AebToCan/Core/Src/freertos.c:1613:13:UfoControlCmdAnalysis	48	static
D:/LZX/WorkSpace/01_AGV/ufo_project_new/AebToCan/Core/Src/freertos.c:1993:9:GetUfoControlStatus	16	static
D:/LZX/WorkSpace/01_AGV/ufo_project_new/AebToCan/Core/Src/freertos.c:2040:13:UpdateUfoState	8	static
D:/LZX/WorkSpace/01_AGV/ufo_project_new/AebToCan/Core/Src/freertos.c:2061:6:TcpUpdateSendData	16	static
D:/LZX/WorkSpace/01_AGV/ufo_project_new/AebToCan/Core/Src/freertos.c:2114:13:TcpSocketProcess	32	static
D:/LZX/WorkSpace/01_AGV/ufo_project_new/AebToCan/Core/Src/freertos.c:2154:13:TcpRevCmdAnalysis	64	static
D:/LZX/WorkSpace/01_AGV/ufo_project_new/AebToCan/Core/Src/freertos.c:2224:13:TcpSocketProcessNew	72	static
D:/LZX/WorkSpace/01_AGV/ufo_project_new/AebToCan/Core/Src/freertos.c:2350:13:TcpSocketSendNew	32	static
D:/LZX/WorkSpace/01_AGV/ufo_project_new/AebToCan/Core/Src/freertos.c:2377:6:PrintfSendMsg	72	static
D:/LZX/WorkSpace/01_AGV/ufo_project_new/AebToCan/Core/Src/freertos.c:2406:13:TcpPrintRevMsgProcess	56	static
D:/LZX/WorkSpace/01_AGV/ufo_project_new/AebToCan/Core/Src/freertos.c:2565:6:LockThread	8	static
D:/LZX/WorkSpace/01_AGV/ufo_project_new/AebToCan/Core/Src/freertos.c:2586:6:UnLockThread	8	static,ignoring_inline_asm
