D:/LZX/WorkSpace/01_AGV/ufo_project_new/AebToCan/Core/Src/freertos.c:184:6:vApplicationGetIdleTaskMemory	24	static
D:/LZX/WorkSpace/01_AGV/ufo_project_new/AebToCan/Core/Src/freertos.c:197:6:vApplicationGetTimerTaskMemory	24	static
D:/LZX/WorkSpace/01_AGV/ufo_project_new/AebToCan/Core/Src/freertos.c:211:6:MX_FREERTOS_Init	192	static
D:/LZX/WorkSpace/01_AGV/ufo_project_new/AebToCan/Core/Src/freertos.c:276:6:StartTaskMain	32	static
D:/LZX/WorkSpace/01_AGV/ufo_project_new/AebToCan/Core/Src/freertos.c:361:6:StartTaskMotor	40	static
D:/LZX/WorkSpace/01_AGV/ufo_project_new/AebToCan/Core/Src/freertos.c:412:6:StartTaskTcpCreate	112	static
D:/LZX/WorkSpace/01_AGV/ufo_project_new/AebToCan/Core/Src/freertos.c:547:6:StartTaskTcp	24	static
D:/LZX/WorkSpace/01_AGV/ufo_project_new/AebToCan/Core/Src/freertos.c:599:6:StartTaskSD	32	static
D:/LZX/WorkSpace/01_AGV/ufo_project_new/AebToCan/Core/Src/freertos.c:671:6:StartTaskTcpPrint	40	static
D:/LZX/WorkSpace/01_AGV/ufo_project_new/AebToCan/Core/Src/freertos.c:856:13:AllDataInit	8	static
D:/LZX/WorkSpace/01_AGV/ufo_project_new/AebToCan/Core/Src/freertos.c:910:13:closeSelectSocket	24	static
D:/LZX/WorkSpace/01_AGV/ufo_project_new/AebToCan/Core/Src/freertos.c:933:6:ethernetif_notify_conn_changed	16	static
D:/LZX/WorkSpace/01_AGV/ufo_project_new/AebToCan/Core/Src/freertos.c:952:13:SBUS_ENcode	16	static
D:/LZX/WorkSpace/01_AGV/ufo_project_new/AebToCan/Core/Src/freertos.c:984:13:SBUS_ReceiveProcess	24	static
D:/LZX/WorkSpace/01_AGV/ufo_project_new/AebToCan/Core/Src/freertos.c:1086:13:CAN_ReceiveProcess	64	static
D:/LZX/WorkSpace/01_AGV/ufo_project_new/AebToCan/Core/Src/freertos.c:1151:13:CAN_SendProcess	48	static
D:/LZX/WorkSpace/01_AGV/ufo_project_new/AebToCan/Core/Src/freertos.c:1230:13:USART_ReceiveProcess	568	static
D:/LZX/WorkSpace/01_AGV/ufo_project_new/AebToCan/Core/Src/freertos.c:1277:13:UfoBrakeAutoControl	24	static
D:/LZX/WorkSpace/01_AGV/ufo_project_new/AebToCan/Core/Src/freertos.c:1351:6:UfoLeftRightControl	16	static
D:/LZX/WorkSpace/01_AGV/ufo_project_new/AebToCan/Core/Src/freertos.c:1386:13:UfoEmergencyStopProcess	16	static
D:/LZX/WorkSpace/01_AGV/ufo_project_new/AebToCan/Core/Src/freertos.c:1448:13:UfoControlCmdAnalysis	48	static
D:/LZX/WorkSpace/01_AGV/ufo_project_new/AebToCan/Core/Src/freertos.c:1828:9:GetUfoControlStatus	16	static
D:/LZX/WorkSpace/01_AGV/ufo_project_new/AebToCan/Core/Src/freertos.c:1875:13:UpdateUfoState	8	static
D:/LZX/WorkSpace/01_AGV/ufo_project_new/AebToCan/Core/Src/freertos.c:1896:6:TcpUpdateSendData	16	static
D:/LZX/WorkSpace/01_AGV/ufo_project_new/AebToCan/Core/Src/freertos.c:1949:13:TcpSocketProcess	32	static
D:/LZX/WorkSpace/01_AGV/ufo_project_new/AebToCan/Core/Src/freertos.c:1989:13:TcpRevCmdAnalysis	64	static
D:/LZX/WorkSpace/01_AGV/ufo_project_new/AebToCan/Core/Src/freertos.c:2059:13:TcpSocketProcessNew	72	static
D:/LZX/WorkSpace/01_AGV/ufo_project_new/AebToCan/Core/Src/freertos.c:2185:13:TcpSocketSendNew	32	static
D:/LZX/WorkSpace/01_AGV/ufo_project_new/AebToCan/Core/Src/freertos.c:2212:6:PrintfSendMsg	72	static
D:/LZX/WorkSpace/01_AGV/ufo_project_new/AebToCan/Core/Src/freertos.c:2241:13:TcpPrintRevMsgProcess	56	static
D:/LZX/WorkSpace/01_AGV/ufo_project_new/AebToCan/Core/Src/freertos.c:2400:6:LockThread	8	static
D:/LZX/WorkSpace/01_AGV/ufo_project_new/AebToCan/Core/Src/freertos.c:2421:6:UnLockThread	8	static,ignoring_inline_asm
