D:/LZX/WorkSpace/01_AGV/ufo_project_new/AebToCan/Core/Src/freertos.c:174:6:vApplicationGetIdleTaskMemory	24	static
D:/LZX/WorkSpace/01_AGV/ufo_project_new/AebToCan/Core/Src/freertos.c:188:6:MX_FREERTOS_Init	184	static
D:/LZX/WorkSpace/01_AGV/ufo_project_new/AebToCan/Core/Src/freertos.c:248:6:StartTaskMain	32	static
D:/LZX/WorkSpace/01_AGV/ufo_project_new/AebToCan/Core/Src/freertos.c:329:6:StartTaskMotor	24	static
D:/LZX/WorkSpace/01_AGV/ufo_project_new/AebToCan/Core/Src/freertos.c:363:6:StartTaskTcpCreate	112	static
D:/LZX/WorkSpace/01_AGV/ufo_project_new/AebToCan/Core/Src/freertos.c:498:6:StartTaskTcp	24	static
D:/LZX/WorkSpace/01_AGV/ufo_project_new/AebToCan/Core/Src/freertos.c:550:6:StartTaskSD	32	static
D:/LZX/WorkSpace/01_AGV/ufo_project_new/AebToCan/Core/Src/freertos.c:622:6:StartTaskTcpPrint	40	static
D:/LZX/WorkSpace/01_AGV/ufo_project_new/AebToCan/Core/Src/freertos.c:807:13:AllDataInit	8	static
D:/LZX/WorkSpace/01_AGV/ufo_project_new/AebToCan/Core/Src/freertos.c:861:13:closeSelectSocket	24	static
D:/LZX/WorkSpace/01_AGV/ufo_project_new/AebToCan/Core/Src/freertos.c:884:6:ethernetif_notify_conn_changed	16	static
D:/LZX/WorkSpace/01_AGV/ufo_project_new/AebToCan/Core/Src/freertos.c:903:13:SBUS_ENcode	16	static
D:/LZX/WorkSpace/01_AGV/ufo_project_new/AebToCan/Core/Src/freertos.c:935:13:SBUS_ReceiveProcess	24	static
D:/LZX/WorkSpace/01_AGV/ufo_project_new/AebToCan/Core/Src/freertos.c:1037:13:CAN_ReceiveProcess	64	static
D:/LZX/WorkSpace/01_AGV/ufo_project_new/AebToCan/Core/Src/freertos.c:1102:13:CAN_SendProcess	48	static
D:/LZX/WorkSpace/01_AGV/ufo_project_new/AebToCan/Core/Src/freertos.c:1181:13:USART_ReceiveProcess	568	static
D:/LZX/WorkSpace/01_AGV/ufo_project_new/AebToCan/Core/Src/freertos.c:1228:13:UfoBrakeAutoControl	24	static
D:/LZX/WorkSpace/01_AGV/ufo_project_new/AebToCan/Core/Src/freertos.c:1302:6:UfoLeftRightControl	16	static
D:/LZX/WorkSpace/01_AGV/ufo_project_new/AebToCan/Core/Src/freertos.c:1337:13:UfoEmergencyStopProcess	16	static
D:/LZX/WorkSpace/01_AGV/ufo_project_new/AebToCan/Core/Src/freertos.c:1399:13:UfoControlCmdAnalysis	48	static
D:/LZX/WorkSpace/01_AGV/ufo_project_new/AebToCan/Core/Src/freertos.c:1779:9:GetUfoControlStatus	16	static
D:/LZX/WorkSpace/01_AGV/ufo_project_new/AebToCan/Core/Src/freertos.c:1826:13:UpdateUfoState	8	static
D:/LZX/WorkSpace/01_AGV/ufo_project_new/AebToCan/Core/Src/freertos.c:1847:6:TcpUpdateSendData	16	static
D:/LZX/WorkSpace/01_AGV/ufo_project_new/AebToCan/Core/Src/freertos.c:1900:13:TcpSocketProcess	32	static
D:/LZX/WorkSpace/01_AGV/ufo_project_new/AebToCan/Core/Src/freertos.c:1940:13:TcpRevCmdAnalysis	64	static
D:/LZX/WorkSpace/01_AGV/ufo_project_new/AebToCan/Core/Src/freertos.c:2010:13:TcpSocketProcessNew	72	static
D:/LZX/WorkSpace/01_AGV/ufo_project_new/AebToCan/Core/Src/freertos.c:2136:13:TcpSocketSendNew	32	static
D:/LZX/WorkSpace/01_AGV/ufo_project_new/AebToCan/Core/Src/freertos.c:2163:6:PrintfSendMsg	72	static
D:/LZX/WorkSpace/01_AGV/ufo_project_new/AebToCan/Core/Src/freertos.c:2192:13:TcpPrintRevMsgProcess	56	static
D:/LZX/WorkSpace/01_AGV/ufo_project_new/AebToCan/Core/Src/freertos.c:2351:6:LockThread	8	static
D:/LZX/WorkSpace/01_AGV/ufo_project_new/AebToCan/Core/Src/freertos.c:2372:6:UnLockThread	8	static,ignoring_inline_asm
