D:/LZX/WorkSpace/01_AGV/ufo_project_new/AebToCan/Core/Src/freertos.c:183:6:vApplicationGetIdleTaskMemory	24	static
D:/LZX/WorkSpace/01_AGV/ufo_project_new/AebToCan/Core/Src/freertos.c:196:6:vApplicationGetTimerTaskMemory	24	static
D:/LZX/WorkSpace/01_AGV/ufo_project_new/AebToCan/Core/Src/freertos.c:210:6:MX_FREERTOS_Init	192	static
D:/LZX/WorkSpace/01_AGV/ufo_project_new/AebToCan/Core/Src/freertos.c:275:6:StartTaskMain	32	static
D:/LZX/WorkSpace/01_AGV/ufo_project_new/AebToCan/Core/Src/freertos.c:360:6:StartTaskMotor	40	static
D:/LZX/WorkSpace/01_AGV/ufo_project_new/AebToCan/Core/Src/freertos.c:425:6:StartTaskTcpCreate	112	static
D:/LZX/WorkSpace/01_AGV/ufo_project_new/AebToCan/Core/Src/freertos.c:560:6:StartTaskTcp	24	static
D:/LZX/WorkSpace/01_AGV/ufo_project_new/AebToCan/Core/Src/freertos.c:612:6:StartTaskSD	32	static
D:/LZX/WorkSpace/01_AGV/ufo_project_new/AebToCan/Core/Src/freertos.c:684:6:StartTaskTcpPrint	40	static
D:/LZX/WorkSpace/01_AGV/ufo_project_new/AebToCan/Core/Src/freertos.c:869:13:AllDataInit	8	static
D:/LZX/WorkSpace/01_AGV/ufo_project_new/AebToCan/Core/Src/freertos.c:923:13:closeSelectSocket	24	static
D:/LZX/WorkSpace/01_AGV/ufo_project_new/AebToCan/Core/Src/freertos.c:946:6:ethernetif_notify_conn_changed	16	static
D:/LZX/WorkSpace/01_AGV/ufo_project_new/AebToCan/Core/Src/freertos.c:965:13:SBUS_ENcode	16	static
D:/LZX/WorkSpace/01_AGV/ufo_project_new/AebToCan/Core/Src/freertos.c:997:13:SBUS_ReceiveProcess	24	static
D:/LZX/WorkSpace/01_AGV/ufo_project_new/AebToCan/Core/Src/freertos.c:1099:13:CAN_ReceiveProcess	64	static
D:/LZX/WorkSpace/01_AGV/ufo_project_new/AebToCan/Core/Src/freertos.c:1164:13:CAN_SendProcess	48	static
D:/LZX/WorkSpace/01_AGV/ufo_project_new/AebToCan/Core/Src/freertos.c:1243:13:USART_ReceiveProcess	568	static
D:/LZX/WorkSpace/01_AGV/ufo_project_new/AebToCan/Core/Src/freertos.c:1290:13:UfoBrakeAutoControl	24	static
D:/LZX/WorkSpace/01_AGV/ufo_project_new/AebToCan/Core/Src/freertos.c:1364:6:UfoLeftRightControl	16	static
D:/LZX/WorkSpace/01_AGV/ufo_project_new/AebToCan/Core/Src/freertos.c:1399:13:UfoEmergencyStopProcess	16	static
D:/LZX/WorkSpace/01_AGV/ufo_project_new/AebToCan/Core/Src/freertos.c:1461:13:UfoControlCmdAnalysis	48	static
D:/LZX/WorkSpace/01_AGV/ufo_project_new/AebToCan/Core/Src/freertos.c:1841:9:GetUfoControlStatus	16	static
D:/LZX/WorkSpace/01_AGV/ufo_project_new/AebToCan/Core/Src/freertos.c:1888:13:UpdateUfoState	8	static
D:/LZX/WorkSpace/01_AGV/ufo_project_new/AebToCan/Core/Src/freertos.c:1909:6:TcpUpdateSendData	16	static
D:/LZX/WorkSpace/01_AGV/ufo_project_new/AebToCan/Core/Src/freertos.c:1962:13:TcpSocketProcess	32	static
D:/LZX/WorkSpace/01_AGV/ufo_project_new/AebToCan/Core/Src/freertos.c:2002:13:TcpRevCmdAnalysis	64	static
D:/LZX/WorkSpace/01_AGV/ufo_project_new/AebToCan/Core/Src/freertos.c:2072:13:TcpSocketProcessNew	72	static
D:/LZX/WorkSpace/01_AGV/ufo_project_new/AebToCan/Core/Src/freertos.c:2198:13:TcpSocketSendNew	32	static
D:/LZX/WorkSpace/01_AGV/ufo_project_new/AebToCan/Core/Src/freertos.c:2225:6:PrintfSendMsg	72	static
D:/LZX/WorkSpace/01_AGV/ufo_project_new/AebToCan/Core/Src/freertos.c:2254:13:TcpPrintRevMsgProcess	56	static
D:/LZX/WorkSpace/01_AGV/ufo_project_new/AebToCan/Core/Src/freertos.c:2413:6:LockThread	8	static
D:/LZX/WorkSpace/01_AGV/ufo_project_new/AebToCan/Core/Src/freertos.c:2434:6:UnLockThread	8	static,ignoring_inline_asm
