D:/LZX/WorkSpace/01_AGV/ufo_project_new/AebToCan/Core/Src/freertos.c:174:6:vApplicationGetIdleTaskMemory	24	static
D:/LZX/WorkSpace/01_AGV/ufo_project_new/AebToCan/Core/Src/freertos.c:188:6:MX_FREERTOS_Init	184	static
D:/LZX/WorkSpace/01_AGV/ufo_project_new/AebToCan/Core/Src/freertos.c:248:6:StartTaskMain	32	static
D:/LZX/WorkSpace/01_AGV/ufo_project_new/AebToCan/Core/Src/freertos.c:329:6:StartTaskMotor	24	static
D:/LZX/WorkSpace/01_AGV/ufo_project_new/AebToCan/Core/Src/freertos.c:358:6:StartTaskTcpCreate	112	static
D:/LZX/WorkSpace/01_AGV/ufo_project_new/AebToCan/Core/Src/freertos.c:493:6:StartTaskTcp	24	static
D:/LZX/WorkSpace/01_AGV/ufo_project_new/AebToCan/Core/Src/freertos.c:545:6:StartTaskSD	32	static
D:/LZX/WorkSpace/01_AGV/ufo_project_new/AebToCan/Core/Src/freertos.c:617:6:StartTaskTcpPrint	40	static
D:/LZX/WorkSpace/01_AGV/ufo_project_new/AebToCan/Core/Src/freertos.c:802:13:AllDataInit	8	static
D:/LZX/WorkSpace/01_AGV/ufo_project_new/AebToCan/Core/Src/freertos.c:856:13:closeSelectSocket	24	static
D:/LZX/WorkSpace/01_AGV/ufo_project_new/AebToCan/Core/Src/freertos.c:879:6:ethernetif_notify_conn_changed	16	static
D:/LZX/WorkSpace/01_AGV/ufo_project_new/AebToCan/Core/Src/freertos.c:898:13:SBUS_ENcode	16	static
D:/LZX/WorkSpace/01_AGV/ufo_project_new/AebToCan/Core/Src/freertos.c:930:13:SBUS_ReceiveProcess	24	static
D:/LZX/WorkSpace/01_AGV/ufo_project_new/AebToCan/Core/Src/freertos.c:1032:13:CAN_ReceiveProcess	64	static
D:/LZX/WorkSpace/01_AGV/ufo_project_new/AebToCan/Core/Src/freertos.c:1097:13:CAN_SendProcess	48	static
D:/LZX/WorkSpace/01_AGV/ufo_project_new/AebToCan/Core/Src/freertos.c:1176:13:USART_ReceiveProcess	568	static
D:/LZX/WorkSpace/01_AGV/ufo_project_new/AebToCan/Core/Src/freertos.c:1223:13:UfoBrakeAutoControl	24	static
D:/LZX/WorkSpace/01_AGV/ufo_project_new/AebToCan/Core/Src/freertos.c:1297:6:UfoLeftRightControl	16	static
D:/LZX/WorkSpace/01_AGV/ufo_project_new/AebToCan/Core/Src/freertos.c:1332:13:UfoEmergencyStopProcess	16	static
D:/LZX/WorkSpace/01_AGV/ufo_project_new/AebToCan/Core/Src/freertos.c:1394:13:UfoControlCmdAnalysis	48	static
D:/LZX/WorkSpace/01_AGV/ufo_project_new/AebToCan/Core/Src/freertos.c:1774:9:GetUfoControlStatus	16	static
D:/LZX/WorkSpace/01_AGV/ufo_project_new/AebToCan/Core/Src/freertos.c:1821:13:UpdateUfoState	8	static
D:/LZX/WorkSpace/01_AGV/ufo_project_new/AebToCan/Core/Src/freertos.c:1842:6:TcpUpdateSendData	16	static
D:/LZX/WorkSpace/01_AGV/ufo_project_new/AebToCan/Core/Src/freertos.c:1895:13:TcpSocketProcess	32	static
D:/LZX/WorkSpace/01_AGV/ufo_project_new/AebToCan/Core/Src/freertos.c:1935:13:TcpRevCmdAnalysis	64	static
D:/LZX/WorkSpace/01_AGV/ufo_project_new/AebToCan/Core/Src/freertos.c:2005:13:TcpSocketProcessNew	72	static
D:/LZX/WorkSpace/01_AGV/ufo_project_new/AebToCan/Core/Src/freertos.c:2131:13:TcpSocketSendNew	32	static
D:/LZX/WorkSpace/01_AGV/ufo_project_new/AebToCan/Core/Src/freertos.c:2158:6:PrintfSendMsg	72	static
D:/LZX/WorkSpace/01_AGV/ufo_project_new/AebToCan/Core/Src/freertos.c:2187:13:TcpPrintRevMsgProcess	56	static
D:/LZX/WorkSpace/01_AGV/ufo_project_new/AebToCan/Core/Src/freertos.c:2346:6:LockThread	8	static
D:/LZX/WorkSpace/01_AGV/ufo_project_new/AebToCan/Core/Src/freertos.c:2367:6:UnLockThread	8	static,ignoring_inline_asm
