../../Drivers/CMSIS/Include/core_cm7.h:2229:22:SCB_EnableICache	4	static,ignoring_inline_asm
../../Drivers/CMSIS/Include/core_cm7.h:2281:22:SCB_EnableDCache	24	static,ignoring_inline_asm
D:/LZX/WorkSpace/01_AGV/ufo_project_new/AebToCan/Core/Src/main.c:72:5:main	8	static
D:/LZX/WorkSpace/01_AGV/ufo_project_new/AebToCan/Core/Src/main.c:138:6:SystemClock_Config	232	static
D:/LZX/WorkSpace/01_AGV/ufo_project_new/AebToCan/Core/Src/main.c:211:6:HAL_TIM_PeriodElapsedCallback	16	static
D:/LZX/WorkSpace/01_AGV/ufo_project_new/AebToCan/Core/Src/main.c:248:6:Error_Handler	4	static
