D:/LZX/WorkSpace/01_AGV/ufo_project_new/AebToCan/Core/Src/stm32f7xx_it.c:81:6:NMI_Handler	4	static
D:/LZX/WorkSpace/01_AGV/ufo_project_new/AebToCan/Core/Src/stm32f7xx_it.c:94:6:HardFault_Handler	4	static
D:/LZX/WorkSpace/01_AGV/ufo_project_new/AebToCan/Core/Src/stm32f7xx_it.c:109:6:MemManage_Handler	4	static
D:/LZX/WorkSpace/01_AGV/ufo_project_new/AebToCan/Core/Src/stm32f7xx_it.c:124:6:BusFault_Handler	4	static
D:/LZX/WorkSpace/01_AGV/ufo_project_new/AebToCan/Core/Src/stm32f7xx_it.c:139:6:UsageFault_Handler	4	static
D:/LZX/WorkSpace/01_AGV/ufo_project_new/AebToCan/Core/Src/stm32f7xx_it.c:154:6:DebugMon_Handler	4	static
D:/LZX/WorkSpace/01_AGV/ufo_project_new/AebToCan/Core/Src/stm32f7xx_it.c:174:6:CAN1_RX0_IRQHandler	8	static
D:/LZX/WorkSpace/01_AGV/ufo_project_new/AebToCan/Core/Src/stm32f7xx_it.c:188:6:TIM1_UP_TIM10_IRQHandler	8	static
D:/LZX/WorkSpace/01_AGV/ufo_project_new/AebToCan/Core/Src/stm32f7xx_it.c:202:6:TIM2_IRQHandler	8	static
D:/LZX/WorkSpace/01_AGV/ufo_project_new/AebToCan/Core/Src/stm32f7xx_it.c:216:6:TIM8_BRK_TIM12_IRQHandler	8	static
D:/LZX/WorkSpace/01_AGV/ufo_project_new/AebToCan/Core/Src/stm32f7xx_it.c:230:6:DMA1_Stream7_IRQHandler	8	static
D:/LZX/WorkSpace/01_AGV/ufo_project_new/AebToCan/Core/Src/stm32f7xx_it.c:244:6:TIM5_IRQHandler	8	static
D:/LZX/WorkSpace/01_AGV/ufo_project_new/AebToCan/Core/Src/stm32f7xx_it.c:258:6:UART5_IRQHandler	8	static
D:/LZX/WorkSpace/01_AGV/ufo_project_new/AebToCan/Core/Src/stm32f7xx_it.c:272:6:ETH_IRQHandler	8	static
D:/LZX/WorkSpace/01_AGV/ufo_project_new/AebToCan/Core/Src/stm32f7xx_it.c:286:6:CAN2_RX0_IRQHandler	8	static
D:/LZX/WorkSpace/01_AGV/ufo_project_new/AebToCan/Core/Src/stm32f7xx_it.c:301:6:TIM8_UP_TIM13_IRQHandler	8	static
