../../Drivers/STM32F7xx_HAL_Driver/Inc/stm32f7xx_ll_tim.h:1566:22:LL_TIM_SetCounter	16	static
../../Drivers/STM32F7xx_HAL_Driver/Inc/stm32f7xx_ll_tim.h:1579:26:LL_TIM_GetCounter	16	static
../../Drivers/STM32F7xx_HAL_Driver/Inc/stm32f7xx_ll_tim.h:1635:22:LL_TIM_SetAutoReload	16	static
../../Drivers/STM32F7xx_HAL_Driver/Inc/stm32f7xx_ll_tim.h:1648:26:LL_TIM_GetAutoReload	16	static
../../Drivers/STM32F7xx_HAL_Driver/Inc/stm32f7xx_ll_tim.h:2444:22:LL_TIM_OC_SetCompareCH1	16	static
../../Drivers/STM32F7xx_HAL_Driver/Inc/stm32f7xx_ll_tim.h:2461:22:LL_TIM_OC_SetCompareCH2	16	static
../../Drivers/STM32F7xx_HAL_Driver/Inc/stm32f7xx_ll_tim.h:2478:22:LL_TIM_OC_SetCompareCH3	16	static
../../Drivers/STM32F7xx_HAL_Driver/Inc/stm32f7xx_ll_tim.h:2495:22:LL_TIM_OC_SetCompareCH4	16	static
D:/LZX/WorkSpace/01_AGV/ufo_project_new/AebToCan/Core/Src/tim.c:54:6:MX_TIM2_Init	40	static
D:/LZX/WorkSpace/01_AGV/ufo_project_new/AebToCan/Core/Src/tim.c:95:6:MX_TIM3_Init	48	static
D:/LZX/WorkSpace/01_AGV/ufo_project_new/AebToCan/Core/Src/tim.c:139:6:MX_TIM5_Init	40	static
D:/LZX/WorkSpace/01_AGV/ufo_project_new/AebToCan/Core/Src/tim.c:186:6:MX_TIM12_Init	32	static
D:/LZX/WorkSpace/01_AGV/ufo_project_new/AebToCan/Core/Src/tim.c:220:6:HAL_TIM_Base_MspInit	24	static
D:/LZX/WorkSpace/01_AGV/ufo_project_new/AebToCan/Core/Src/tim.c:255:6:HAL_TIM_PWM_MspInit	24	static
D:/LZX/WorkSpace/01_AGV/ufo_project_new/AebToCan/Core/Src/tim.c:271:6:HAL_TIM_IC_MspInit	48	static
D:/LZX/WorkSpace/01_AGV/ufo_project_new/AebToCan/Core/Src/tim.c:327:6:HAL_TIM_MspPostInit	40	static
D:/LZX/WorkSpace/01_AGV/ufo_project_new/AebToCan/Core/Src/tim.c:355:6:HAL_TIM_Base_MspDeInit	16	static
D:/LZX/WorkSpace/01_AGV/ufo_project_new/AebToCan/Core/Src/tim.c:388:6:HAL_TIM_PWM_MspDeInit	16	static
D:/LZX/WorkSpace/01_AGV/ufo_project_new/AebToCan/Core/Src/tim.c:404:6:HAL_TIM_IC_MspDeInit	16	static
D:/LZX/WorkSpace/01_AGV/ufo_project_new/AebToCan/Core/Src/tim.c:437:6:TIM5TRIGTOTIME8Init	48	static
D:/LZX/WorkSpace/01_AGV/ufo_project_new/AebToCan/Core/Src/tim.c:478:6:PWMTIM5Init	80	static
D:/LZX/WorkSpace/01_AGV/ufo_project_new/AebToCan/Core/Src/tim.c:578:6:PWMInit	16	static
D:/LZX/WorkSpace/01_AGV/ufo_project_new/AebToCan/Core/Src/tim.c:628:6:PWMSetMotorOutputState	16	static
D:/LZX/WorkSpace/01_AGV/ufo_project_new/AebToCan/Core/Src/tim.c:715:6:PWMSetMotorValue	16	static
D:/LZX/WorkSpace/01_AGV/ufo_project_new/AebToCan/Core/Src/tim.c:774:6:PWMUpdateMotorPulse	24	static
D:/LZX/WorkSpace/01_AGV/ufo_project_new/AebToCan/Core/Src/tim.c:834:6:PWMSetMotorPulse	32	static
D:/LZX/WorkSpace/01_AGV/ufo_project_new/AebToCan/Core/Src/tim.c:874:6:PWMSetMotorDir	16	static
D:/LZX/WorkSpace/01_AGV/ufo_project_new/AebToCan/Core/Src/tim.c:907:6:InputCaptureInit	24	static
D:/LZX/WorkSpace/01_AGV/ufo_project_new/AebToCan/Core/Src/tim.c:953:6:IncPeriodElapsed	16	static
D:/LZX/WorkSpace/01_AGV/ufo_project_new/AebToCan/Core/Src/tim.c:965:6:AppTim_ISRProc	16	static
