../../Drivers/STM32F7xx_HAL_Driver/Inc/stm32f7xx_ll_usart.h:2625:26:LL_USART_IsActiveFlag_TC	16	static
../../Drivers/STM32F7xx_HAL_Driver/Inc/stm32f7xx_ll_usart.h:2636:26:LL_USART_IsActiveFlag_TXE	16	static
../../Drivers/STM32F7xx_HAL_Driver/Inc/stm32f7xx_ll_usart.h:3487:22:LL_USART_EnableDMAReq_RX	16	static
../../Drivers/STM32F7xx_HAL_Driver/Inc/stm32f7xx_ll_usart.h:3520:22:LL_USART_EnableDMAReq_TX	16	static
../../Drivers/STM32F7xx_HAL_Driver/Inc/stm32f7xx_ll_dma.h:1827:26:LL_DMA_IsActiveFlag_TC6	16	static
../../Drivers/STM32F7xx_HAL_Driver/Inc/stm32f7xx_ll_dma.h:1838:26:LL_DMA_IsActiveFlag_TC7	16	static
D:/LZX/WorkSpace/01_AGV/ufo_project_new/AebToCan/Core/Src/usart.c:147:6:MX_UART4_Init	8	static
D:/LZX/WorkSpace/01_AGV/ufo_project_new/AebToCan/Core/Src/usart.c:169:6:MX_UART5_Init	8	static
D:/LZX/WorkSpace/01_AGV/ufo_project_new/AebToCan/Core/Src/usart.c:199:6:MX_USART1_UART_Init	8	static
D:/LZX/WorkSpace/01_AGV/ufo_project_new/AebToCan/Core/Src/usart.c:221:6:MX_USART2_UART_Init	8	static
D:/LZX/WorkSpace/01_AGV/ufo_project_new/AebToCan/Core/Src/usart.c:243:6:MX_USART6_UART_Init	8	static
D:/LZX/WorkSpace/01_AGV/ufo_project_new/AebToCan/Core/Src/usart.c:264:6:HAL_UART_MspInit	80	static
D:/LZX/WorkSpace/01_AGV/ufo_project_new/AebToCan/Core/Src/usart.c:544:6:HAL_UART_MspDeInit	16	static
D:/LZX/WorkSpace/01_AGV/ufo_project_new/AebToCan/Core/Src/usart.c:652:13:UsartTxDmaConfiguration	24	static
D:/LZX/WorkSpace/01_AGV/ufo_project_new/AebToCan/Core/Src/usart.c:677:13:UsartRxDmaConfiguration	24	static
D:/LZX/WorkSpace/01_AGV/ufo_project_new/AebToCan/Core/Src/usart.c:706:16:UsartGetSelectDevice	16	static
D:/LZX/WorkSpace/01_AGV/ufo_project_new/AebToCan/Core/Src/usart.c:759:6:AppUsartInit	8	static
D:/LZX/WorkSpace/01_AGV/ufo_project_new/AebToCan/Core/Src/usart.c:784:6:AppUsart_ISRProc	16	static
D:/LZX/WorkSpace/01_AGV/ufo_project_new/AebToCan/Core/Src/usart.c:809:6:HAL_UART_TxCpltCallback	16	static
D:/LZX/WorkSpace/01_AGV/ufo_project_new/AebToCan/Core/Src/usart.c:827:9:IsRxBuffEmpty	8	static
D:/LZX/WorkSpace/01_AGV/ufo_project_new/AebToCan/Core/Src/usart.c:839:10:isDmaSendFinish	16	static
D:/LZX/WorkSpace/01_AGV/ufo_project_new/AebToCan/Core/Src/usart.c:882:10:GetUsartRxDmaDataLength	32	static
D:/LZX/WorkSpace/01_AGV/ufo_project_new/AebToCan/Core/Src/usart.c:922:10:UsartDeviceRead	40	static
D:/LZX/WorkSpace/01_AGV/ufo_project_new/AebToCan/Core/Src/usart.c:998:13:UsartDmaSendData	24	static
D:/LZX/WorkSpace/01_AGV/ufo_project_new/AebToCan/Core/Src/usart.c:1018:10:UsartDeviceWrite	48	static
D:/LZX/WorkSpace/01_AGV/ufo_project_new/AebToCan/Core/Src/usart.c:1191:13:SetUsartTo485Direction	16	static
D:/LZX/WorkSpace/01_AGV/ufo_project_new/AebToCan/Core/Src/usart.c:1278:6:rt_kprintfArray	24	static
D:/LZX/WorkSpace/01_AGV/ufo_project_new/AebToCan/Core/Src/usart.c:1318:6:UsartMsgInit	16	static
D:/LZX/WorkSpace/01_AGV/ufo_project_new/AebToCan/Core/Src/usart.c:1334:6:WifiRevCmdAnalysis	32	static
D:/LZX/WorkSpace/01_AGV/ufo_project_new/AebToCan/Core/Src/usart.c:1536:6:WifiRevMsgProcess	56	static
