../../Drivers/STM32F7xx_HAL_Driver/Inc/stm32f7xx_ll_usart.h:2651:26:LL_USART_IsActiveFlag_TC	16	static
../../Drivers/STM32F7xx_HAL_Driver/Inc/stm32f7xx_ll_usart.h:2662:26:LL_USART_IsActiveFlag_TXE	16	static
../../Drivers/STM32F7xx_HAL_Driver/Inc/stm32f7xx_ll_usart.h:3523:22:LL_USART_EnableDMAReq_RX	40	static,ignoring_inline_asm
../../Drivers/STM32F7xx_HAL_Driver/Inc/stm32f7xx_ll_usart.h:3556:22:LL_USART_EnableDMAReq_TX	40	static,ignoring_inline_asm
../../Drivers/STM32F7xx_HAL_Driver/Inc/stm32f7xx_ll_dma.h:1826:26:LL_DMA_IsActiveFlag_TC6	16	static
../../Drivers/STM32F7xx_HAL_Driver/Inc/stm32f7xx_ll_dma.h:1837:26:LL_DMA_IsActiveFlag_TC7	16	static
D:/LZX/WorkSpace/01_AGV/ufo_project_new/AebToCan/Core/Src/usart.c:152:6:MX_UART4_Init	8	static
D:/LZX/WorkSpace/01_AGV/ufo_project_new/AebToCan/Core/Src/usart.c:184:6:MX_UART5_Init	8	static
D:/LZX/WorkSpace/01_AGV/ufo_project_new/AebToCan/Core/Src/usart.c:216:6:MX_USART1_UART_Init	8	static
D:/LZX/WorkSpace/01_AGV/ufo_project_new/AebToCan/Core/Src/usart.c:248:6:MX_USART2_UART_Init	8	static
D:/LZX/WorkSpace/01_AGV/ufo_project_new/AebToCan/Core/Src/usart.c:280:6:MX_USART6_UART_Init	8	static
D:/LZX/WorkSpace/01_AGV/ufo_project_new/AebToCan/Core/Src/usart.c:311:6:HAL_UART_MspInit	224	static
D:/LZX/WorkSpace/01_AGV/ufo_project_new/AebToCan/Core/Src/usart.c:639:6:HAL_UART_MspDeInit	16	static
D:/LZX/WorkSpace/01_AGV/ufo_project_new/AebToCan/Core/Src/usart.c:747:13:UsartTxDmaConfiguration	24	static
D:/LZX/WorkSpace/01_AGV/ufo_project_new/AebToCan/Core/Src/usart.c:772:13:UsartRxDmaConfiguration	24	static
D:/LZX/WorkSpace/01_AGV/ufo_project_new/AebToCan/Core/Src/usart.c:801:16:UsartGetSelectDevice	16	static
D:/LZX/WorkSpace/01_AGV/ufo_project_new/AebToCan/Core/Src/usart.c:854:6:AppUsartInit	8	static
D:/LZX/WorkSpace/01_AGV/ufo_project_new/AebToCan/Core/Src/usart.c:879:6:AppUsart_ISRProc	16	static
D:/LZX/WorkSpace/01_AGV/ufo_project_new/AebToCan/Core/Src/usart.c:904:6:HAL_UART_TxCpltCallback	16	static
D:/LZX/WorkSpace/01_AGV/ufo_project_new/AebToCan/Core/Src/usart.c:922:9:IsRxBuffEmpty	8	static
D:/LZX/WorkSpace/01_AGV/ufo_project_new/AebToCan/Core/Src/usart.c:934:10:isDmaSendFinish	16	static
D:/LZX/WorkSpace/01_AGV/ufo_project_new/AebToCan/Core/Src/usart.c:977:10:GetUsartRxDmaDataLength	32	static
D:/LZX/WorkSpace/01_AGV/ufo_project_new/AebToCan/Core/Src/usart.c:1017:10:UsartDeviceRead	40	static
D:/LZX/WorkSpace/01_AGV/ufo_project_new/AebToCan/Core/Src/usart.c:1093:13:UsartDmaSendData	24	static
D:/LZX/WorkSpace/01_AGV/ufo_project_new/AebToCan/Core/Src/usart.c:1113:10:UsartDeviceWrite	48	static
D:/LZX/WorkSpace/01_AGV/ufo_project_new/AebToCan/Core/Src/usart.c:1286:13:SetUsartTo485Direction	16	static
D:/LZX/WorkSpace/01_AGV/ufo_project_new/AebToCan/Core/Src/usart.c:1373:6:rt_kprintfArray	24	static
D:/LZX/WorkSpace/01_AGV/ufo_project_new/AebToCan/Core/Src/usart.c:1413:6:UsartMsgInit	16	static
D:/LZX/WorkSpace/01_AGV/ufo_project_new/AebToCan/Core/Src/usart.c:1429:6:WifiRevCmdAnalysis	32	static
D:/LZX/WorkSpace/01_AGV/ufo_project_new/AebToCan/Core/Src/usart.c:1631:6:WifiRevMsgProcess	56	static
D:/LZX/WorkSpace/01_AGV/ufo_project_new/AebToCan/Core/Src/usart.c:1761:6:DebugUartParse	48	static
D:/LZX/WorkSpace/01_AGV/ufo_project_new/AebToCan/Core/Src/usart.c:1807:7:Get_Data	24	static
